Copyright 1986-2022 Xilinx, Inc. All Rights Reserved. Copyright 2022-2026 Advanced Micro Devices, Inc. All Rights Reserved.
---------------------------------------------------------------------------------------------------------------------------------------------
| Tool Version : Vivado v.2026.1 (win64) Build 6511674 Tue Jun 16 11:02:23 MDT 2026
| Date         : Tue Sep 15 18:34:51 2026
| Host         : LAPTOP-J12A2TVN running 64-bit major release  (build 9200)
| Command      : report_control_sets -verbose -file cnn_top_control_sets_placed.rpt
| Design       : cnn_top
| Device       : xc7z020
---------------------------------------------------------------------------------------------------------------------------------------------

Control Set Information

Table of Contents
-----------------
1. Summary
2. Histogram
3. Flip-Flop Distribution
4. Detailed Control Set Information

1. Summary
----------

+----------------------------------------------------------+-------+
|                          Status                          | Count |
+----------------------------------------------------------+-------+
| Total control sets                                       |     6 |
|    Minimum number of control sets                        |     6 |
|    Addition due to synthesis replication                 |     0 |
|    Addition due to physical synthesis replication        |     0 |
| Unused register locations in slices containing registers |    15 |
+----------------------------------------------------------+-------+
* Control sets can be merged at opt_design using control_set_merge or merge_equivalent_drivers
** Run report_qor_suggestions for automated merging and remapping suggestions


2. Histogram
------------

+--------------------+-------+
|       Fanout       | Count |
+--------------------+-------+
| Total control sets |     6 |
| >= 0 to < 4        |     1 |
| >= 4 to < 6        |     2 |
| >= 6 to < 8        |     1 |
| >= 8 to < 10       |     0 |
| >= 10 to < 12      |     0 |
| >= 12 to < 14      |     0 |
| >= 14 to < 16      |     0 |
| >= 16              |     2 |
+--------------------+-------+
* Control sets can be remapped at either synth_design or opt_design


3. Flip-Flop Distribution
-------------------------

+--------------+-----------------------+------------------------+-----------------+--------------+
| Clock Enable | Synchronous Set/Reset | Asynchronous Set/Reset | Total Registers | Total Slices |
+--------------+-----------------------+------------------------+-----------------+--------------+
| No           | No                    | No                     |               0 |            0 |
| No           | No                    | Yes                    |               3 |            2 |
| No           | Yes                   | No                     |               0 |            0 |
| Yes          | No                    | No                     |              80 |           13 |
| Yes          | No                    | Yes                    |              10 |            5 |
| Yes          | Yes                   | No                     |               4 |            1 |
+--------------+-----------------------+------------------------+-----------------+--------------+


4. Detailed Control Set Information
-----------------------------------

+----------------+--------------------------------------------------------------+---------------------------------------------------------+------------------+----------------+--------------+
|  Clock Signal  |                         Enable Signal                        |                     Set/Reset Signal                    | Slice Load Count | Bel Load Count | Bels / Slice |
+----------------+--------------------------------------------------------------+---------------------------------------------------------+------------------+----------------+--------------+
|  clk_IBUF_BUFG |                                                              | controller_inst/FSM_sequential_current_state[1]_i_2_n_0 |                2 |              3 |         1.50 |
|  clk_IBUF_BUFG | controller_inst/flush_counter[0]                             | controller_inst/FSM_sequential_current_state[1]_i_2_n_0 |                2 |              4 |         2.00 |
|  clk_IBUF_BUFG | kernel_memory_inst/E[0]                                      | kernel_memory_inst/kernel_counter[3]_i_1_n_0            |                1 |              4 |         4.00 |
|  clk_IBUF_BUFG | controller_inst/compute_counter_reg[1]_CE_cooolgate_en_sig_1 | controller_inst/FSM_sequential_current_state[1]_i_2_n_0 |                3 |              6 |         2.00 |
|  clk_IBUF_BUFG | cnn_en_IBUF                                                  |                                                         |                5 |             48 |         9.60 |
|  clk_IBUF_BUFG | kernel_memory_inst/E[0]                                      |                                                         |                8 |             56 |         7.00 |
+----------------+--------------------------------------------------------------+---------------------------------------------------------+------------------+----------------+--------------+


