
*** Running vivado
    with args -log cnn_top.vdi -applog -m64 -product Vivado -messageDb vivado.pb -mode batch -source cnn_top.tcl -notrace


INFO: [Common 17-3922] A valid Vivado Design Suite BASIC license has been detected. Your current license is active and will expire on 09-sep-2027.
#-----------------------------------------------------------
# Vivado v2026.1 (64-bit)
# SW Build 6511674 on Tue Jun 16 11:02:23 MDT 2026
# IP Build 6504888 on Tue Jun 09 09:05:25 MDT 2026
# SharedData Build 6501428 on Mon Jun 08 17:34:18 MDT 2026
# Start of session at: Tue Sep 15 18:32:31 2026
# Process ID         : 15468
# Current directory  : C:/Users/Amir/Downloads/LAST_VERISON/LAST_VERISON/final_project/final_project.runs/impl_10
# Command line       : vivado.exe -log cnn_top.vdi -applog -product Vivado -messageDb vivado.pb -mode batch -source cnn_top.tcl -notrace
# Log file           : C:/Users/Amir/Downloads/LAST_VERISON/LAST_VERISON/final_project/final_project.runs/impl_10/cnn_top.vdi
# Journal file       : C:/Users/Amir/Downloads/LAST_VERISON/LAST_VERISON/final_project/final_project.runs/impl_10\vivado.jou
# Running On         : LAPTOP-J12A2TVN
# Platform           : Windows 11
# Operating System   : 26200
# Processor Detail   : 13th Gen Intel(R) Core(TM) i7-13620H
# CPU Frequency      : 2918 MHz
# CPU Physical cores : 10
# CPU Logical cores  : 16
# Host memory        : 16788 MB
# Swap memory        : 5100 MB
# Total Virtual      : 21888 MB
# Available Virtual  : 8248 MB
#-----------------------------------------------------------

****** Vivado v2026.1 (64-bit)
  **** SW Build 6511674 on Tue Jun 16 11:02:23 MDT 2026
  **** IP Build 6504888 on Tue Jun 09 09:05:25 MDT 2026
  **** SharedData Build 6501428 on Mon Jun 08 17:34:18 MDT 2026
  **** Start of session at: Tue Sep 15 18:32:31 2026
    ** Copyright 1986-2022 Xilinx, Inc. All Rights Reserved.
    ** Copyright 2022-2026 Advanced Micro Devices, Inc. All Rights Reserved.

source cnn_top.tcl -notrace
create_project: Time (s): cpu = 00:00:26 ; elapsed = 00:00:17 . Memory (MB): peak = 590.152 ; gain = 269.859
Command: link_design -top cnn_top -part xc7z020clg400-1
Design is defaulting to srcset: sources_1
Design is defaulting to constrset: constrs_1
INFO: [Device 21-403] Loading part xc7z020clg400-1
Netlist sorting complete. Time (s): cpu = 00:00:00 ; elapsed = 00:00:00.004 . Memory (MB): peak = 839.863 ; gain = 0.000
INFO: [Netlist 29-17] Analyzing 9 Unisim elements for replacement
INFO: [Netlist 29-28] Unisim Transformation completed in 0 CPU seconds
INFO: [Project 1-479] Netlist was created with Vivado 2026.1
INFO: [Project 1-570] Preparing netlist for logic optimization
Parsing XDC File [C:/Users/Amir/Downloads/LAST_VERISON/LAST_VERISON/final_project/final_project.srcs/constrs_1/imports/constrains/timing_constraints.xdc]
INFO: [Timing 38-35] Done setting XDC timing constraints. [C:/Users/Amir/Downloads/LAST_VERISON/LAST_VERISON/final_project/final_project.srcs/constrs_1/imports/constrains/timing_constraints.xdc:51]
reset_switching_activity: Time (s): cpu = 00:00:13 ; elapsed = 00:00:15 . Memory (MB): peak = 1528.355 ; gain = 565.582
WARNING: [Power 33-697] Either vcco_ddr is an Invalid voltage source or a power rail that is not been created. [C:/Users/Amir/Downloads/LAST_VERISON/LAST_VERISON/final_project/final_project.srcs/constrs_1/imports/constrains/timing_constraints.xdc:89]
WARNING: [Power 33-697] Either vcco_mio0 is an Invalid voltage source or a power rail that is not been created. [C:/Users/Amir/Downloads/LAST_VERISON/LAST_VERISON/final_project/final_project.srcs/constrs_1/imports/constrains/timing_constraints.xdc:90]
WARNING: [Power 33-697] Either vcco_mio1 is an Invalid voltage source or a power rail that is not been created. [C:/Users/Amir/Downloads/LAST_VERISON/LAST_VERISON/final_project/final_project.srcs/constrs_1/imports/constrains/timing_constraints.xdc:91]
Finished Parsing XDC File [C:/Users/Amir/Downloads/LAST_VERISON/LAST_VERISON/final_project/final_project.srcs/constrs_1/imports/constrains/timing_constraints.xdc]
INFO: [Opt 31-138] Pushed 0 inverter(s) to 0 load pin(s).
Netlist sorting complete. Time (s): cpu = 00:00:00 ; elapsed = 00:00:00 . Memory (MB): peak = 1528.355 ; gain = 0.000
INFO: [Project 1-111] Unisim Transformation Summary:
No Unisim elements were transformed.

8 Infos, 3 Warnings, 0 Critical Warnings and 0 Errors encountered.
link_design completed successfully
link_design: Time (s): cpu = 00:00:24 ; elapsed = 00:00:27 . Memory (MB): peak = 1528.355 ; gain = 938.203
Command: opt_design -verbose
Attempting to get a license for feature 'Vivado_Implementation' and/or device 'xc7z020'
INFO: [Common 17-349] Got license for feature 'Vivado_Implementation' and/or device 'xc7z020'
Running DRC as a precondition to command opt_design

Starting DRC Task
INFO: [DRC 23-27] Running DRC with 2 threads
INFO: [Project 1-461] DRC finished with 0 Errors
INFO: [Project 1-462] Please refer to the DRC report (report_drc) for more information.

Time (s): cpu = 00:00:02 ; elapsed = 00:00:02 . Memory (MB): peak = 1528.355 ; gain = 0.000

Starting Cache Timing Information Task
INFO: [Timing 38-35] Done setting XDC timing constraints.
Ending Cache Timing Information Task | Checksum: 20413bfc1

Time (s): cpu = 00:00:01 ; elapsed = 00:00:00.140 . Memory (MB): peak = 1528.355 ; gain = 0.000

Starting Logic Optimization Task

Phase 1 Initialization

Phase 1.1 Core Generation And Design Setup
Phase 1.1 Core Generation And Design Setup | Checksum: 20413bfc1

Time (s): cpu = 00:00:00 ; elapsed = 00:00:00.008 . Memory (MB): peak = 2006.090 ; gain = 0.000

Phase 1.2 Setup Constraints And Sort Netlist
Phase 1.2 Setup Constraints And Sort Netlist | Checksum: 20413bfc1

Time (s): cpu = 00:00:00 ; elapsed = 00:00:00.013 . Memory (MB): peak = 2006.090 ; gain = 0.000
Phase 1 Initialization | Checksum: 20413bfc1

Time (s): cpu = 00:00:00 ; elapsed = 00:00:00.014 . Memory (MB): peak = 2006.090 ; gain = 0.000

Phase 2 Timer Update And Timing Data Collection

Phase 2.1 Detect if minReqCache needed
Phase 2.1 Detect if minReqCache needed | Checksum: 20413bfc1

Time (s): cpu = 00:00:00 ; elapsed = 00:00:00.042 . Memory (MB): peak = 2006.137 ; gain = 0.047

Phase 2.2 Timer Update
Phase 2.2 Timer Update | Checksum: 20413bfc1

Time (s): cpu = 00:00:00 ; elapsed = 00:00:00.068 . Memory (MB): peak = 2006.137 ; gain = 0.047

Phase 2.3 Timing Data Collection
Phase 2.3 Timing Data Collection | Checksum: 20413bfc1

Time (s): cpu = 00:00:00 ; elapsed = 00:00:00.071 . Memory (MB): peak = 2006.137 ; gain = 0.047
Phase 2 Timer Update And Timing Data Collection | Checksum: 20413bfc1

Time (s): cpu = 00:00:00 ; elapsed = 00:00:00.073 . Memory (MB): peak = 2006.137 ; gain = 0.047

Phase 3 Retarget
INFO: [Opt 31-1851] Number of loadless carry chains removed were: 0
INFO: [Opt 31-1834] Total Chains To Be Transformed Were: 0 AND Number of Transformed insts Created are: 0
INFO: [Opt 31-442] LUT Reduction optimized 0 LUTs
INFO: [Opt 31-138] Pushed 0 inverter(s) to 0 load pin(s).
INFO: [Opt 31-49] Retargeted 0 cell(s).
Phase 3 Retarget | Checksum: 20413bfc1

Time (s): cpu = 00:00:00 ; elapsed = 00:00:00.149 . Memory (MB): peak = 2006.137 ; gain = 0.047
Retarget | Checksum: 20413bfc1
INFO: [Opt 31-389] Phase Retarget created 0 cells and removed 0 cells

Phase 4 Constant propagation
INFO: [Opt 31-442] LUT Reduction optimized 0 LUTs
INFO: [Opt 31-138] Pushed 0 inverter(s) to 0 load pin(s).
Phase 4 Constant propagation | Checksum: 20413bfc1

Time (s): cpu = 00:00:00 ; elapsed = 00:00:00.173 . Memory (MB): peak = 2006.137 ; gain = 0.047
Constant propagation | Checksum: 20413bfc1
INFO: [Opt 31-389] Phase Constant propagation created 0 cells and removed 0 cells

Phase 5 Sweep
INFO: [Constraints 18-11670] Building netlist checker database with flags, 0x8
Done building netlist checker database: Time (s): cpu = 00:00:00 ; elapsed = 00:00:00 . Memory (MB): peak = 2006.137 ; gain = 0.000
Phase 5 Sweep | Checksum: 20413bfc1

Time (s): cpu = 00:00:00 ; elapsed = 00:00:00.205 . Memory (MB): peak = 2006.137 ; gain = 0.047
Sweep | Checksum: 20413bfc1
INFO: [Opt 31-389] Phase Sweep created 0 cells and removed 0 cells

Phase 6 BUFG optimization
Phase 6 BUFG optimization | Checksum: 20413bfc1

Time (s): cpu = 00:00:00 ; elapsed = 00:00:00.241 . Memory (MB): peak = 2006.137 ; gain = 0.047
BUFG optimization | Checksum: 20413bfc1
INFO: [Opt 31-662] Phase BUFG optimization created 0 cells of which 0 are BUFGs and removed 0 cells.

Phase 7 Shift Register Optimization
INFO: [Opt 31-1064] SRL Remap converted 0 SRLs to 0 registers and converted 0 registers of register chains to 0 SRLs
Phase 7 Shift Register Optimization | Checksum: 20413bfc1

Time (s): cpu = 00:00:00 ; elapsed = 00:00:00.251 . Memory (MB): peak = 2006.137 ; gain = 0.047
Shift Register Optimization | Checksum: 20413bfc1
INFO: [Opt 31-389] Phase Shift Register Optimization created 0 cells and removed 0 cells

Phase 8 Post Processing Netlist
Phase 8 Post Processing Netlist | Checksum: 20413bfc1

Time (s): cpu = 00:00:00 ; elapsed = 00:00:00.258 . Memory (MB): peak = 2006.137 ; gain = 0.047
Post Processing Netlist | Checksum: 20413bfc1
INFO: [Opt 31-389] Phase Post Processing Netlist created 0 cells and removed 0 cells

Phase 9 Finalization

Phase 9.1 Finalizing Design Cores and Updating Shapes
Phase 9.1 Finalizing Design Cores and Updating Shapes | Checksum: 20413bfc1

Time (s): cpu = 00:00:00 ; elapsed = 00:00:00.265 . Memory (MB): peak = 2006.137 ; gain = 0.047

Phase 9.2 Verifying Netlist Connectivity

Starting Connectivity Check Task

Time (s): cpu = 00:00:00 ; elapsed = 00:00:00.014 . Memory (MB): peak = 2006.137 ; gain = 0.000
Phase 9.2 Verifying Netlist Connectivity | Checksum: 20413bfc1

Time (s): cpu = 00:00:00 ; elapsed = 00:00:00.282 . Memory (MB): peak = 2006.137 ; gain = 0.047
Phase 9 Finalization | Checksum: 20413bfc1

Time (s): cpu = 00:00:00 ; elapsed = 00:00:00.283 . Memory (MB): peak = 2006.137 ; gain = 0.047
Opt_design Change Summary
=========================


-------------------------------------------------------------------------------------------------------------------------
|  Phase                        |  #Cells created  |  #Cells Removed  |  #Constrained objects preventing optimizations  |
-------------------------------------------------------------------------------------------------------------------------
|  Retarget                     |               0  |               0  |                                              0  |
|  Constant propagation         |               0  |               0  |                                              0  |
|  Sweep                        |               0  |               0  |                                              0  |
|  BUFG optimization            |               0  |               0  |                                              0  |
|  Shift Register Optimization  |               0  |               0  |                                              0  |
|  Post Processing Netlist      |               0  |               0  |                                              0  |
-------------------------------------------------------------------------------------------------------------------------


Ending Logic Optimization Task | Checksum: 20413bfc1

Time (s): cpu = 00:00:00 ; elapsed = 00:00:00.289 . Memory (MB): peak = 2006.137 ; gain = 0.047

Starting Power Optimization Task
Begin power optimizations | Checksum: 20413bfc1
INFO: [Pwropt 34-132] Skipping clock gating for clocks with a period < 2.00 ns.
INFO: [Pwropt 34-50] Optimizing power for module cnn_top ...
INFO: [Pwropt 34-167] No BRAM present in this design. Skipping BRAM power optimization.
End power optimizations | Checksum: 20413bfc1
Power optimization: Time (s): cpu = 00:00:00 ; elapsed = 00:00:00.026 . Memory (MB): peak = 2006.137 ; gain = 0.000
INFO: [Pwropt 34-198] Malloced memory gain at end of power optimization: 0 bytes
Ending Power Optimization Task | Checksum: 20413bfc1

Time (s): cpu = 00:00:00 ; elapsed = 00:00:00.030 . Memory (MB): peak = 2006.137 ; gain = 0.000

Starting Final Cleanup Task
Ending Final Cleanup Task | Checksum: 20413bfc1

Time (s): cpu = 00:00:00 ; elapsed = 00:00:00.002 . Memory (MB): peak = 2006.137 ; gain = 0.000
Netlist sorting complete. Time (s): cpu = 00:00:00 ; elapsed = 00:00:00 . Memory (MB): peak = 2006.137 ; gain = 0.000
INFO: [Common 17-83] Releasing license: Vivado_Implementation
33 Infos, 3 Warnings, 0 Critical Warnings and 0 Errors encountered.
opt_design completed successfully
opt_design: Time (s): cpu = 00:00:10 ; elapsed = 00:00:11 . Memory (MB): peak = 2006.137 ; gain = 477.781
INFO: [Vivado 12-24828] Executing command : report_drc -file cnn_top_drc_opted.rpt -pb cnn_top_drc_opted.pb -rpx cnn_top_drc_opted.rpx
Command: report_drc -file cnn_top_drc_opted.rpt -pb cnn_top_drc_opted.pb -rpx cnn_top_drc_opted.rpx
INFO: [IP_Flow 19-234] Refreshing IP repositories
INFO: [IP_Flow 19-1704] No user IP repositories specified
INFO: [IP_Flow 19-2313] Loaded Vivado IP repository 'C:/AMDDesignTools/2026.1/Vivado/data/ip'.
INFO: [DRC 23-27] Running DRC with 2 threads
INFO: [Vivado_Tcl 2-168] The results of DRC are in file C:/Users/Amir/Downloads/LAST_VERISON/LAST_VERISON/final_project/final_project.runs/impl_10/cnn_top_drc_opted.rpt.
report_drc completed successfully
report_drc: Time (s): cpu = 00:00:07 ; elapsed = 00:00:07 . Memory (MB): peak = 2006.137 ; gain = 0.000
generate_parallel_reports: Time (s): cpu = 00:00:07 ; elapsed = 00:00:07 . Memory (MB): peak = 2006.137 ; gain = 0.000
INFO: [Timing 38-480] Writing timing data to binary archive.
Write ShapeDB Complete: Time (s): cpu = 00:00:00 ; elapsed = 00:00:00.003 . Memory (MB): peak = 2006.137 ; gain = 0.000
Wrote PlaceDB: Time (s): cpu = 00:00:00 ; elapsed = 00:00:00 . Memory (MB): peak = 2006.137 ; gain = 0.000
Wrote PulsedLatchDB: Time (s): cpu = 00:00:00 ; elapsed = 00:00:00.002 . Memory (MB): peak = 2006.137 ; gain = 0.000
Writing XDEF routing.
Writing XDEF routing logical nets.
Writing XDEF routing special nets.
Wrote RouteStorage: Time (s): cpu = 00:00:00 ; elapsed = 00:00:00.046 . Memory (MB): peak = 2006.137 ; gain = 0.000
Wrote PlaceStorage: Time (s): cpu = 00:00:00 ; elapsed = 00:00:00.004 . Memory (MB): peak = 2006.137 ; gain = 0.000
Wrote Netlist Cache: Time (s): cpu = 00:00:00 ; elapsed = 00:00:00 . Memory (MB): peak = 2006.137 ; gain = 0.000
Wrote Device Cache: Time (s): cpu = 00:00:00 ; elapsed = 00:00:00.017 . Memory (MB): peak = 2006.137 ; gain = 0.000
Write Physdb Complete: Time (s): cpu = 00:00:00 ; elapsed = 00:00:00.090 . Memory (MB): peak = 2006.137 ; gain = 0.000
INFO: [Common 17-1381] The checkpoint 'C:/Users/Amir/Downloads/LAST_VERISON/LAST_VERISON/final_project/final_project.runs/impl_10/cnn_top_opt.dcp' has been generated.
Command: power_opt_design
Attempting to get a license for feature 'Vivado_Implementation' and/or device 'xc7z020'
INFO: [Common 17-349] Got license for feature 'Vivado_Implementation' and/or device 'xc7z020'
INFO: [Timing 38-35] Done setting XDC timing constraints.
Begin power optimizations | Checksum: 20413bfc1
INFO: [Pwropt 34-50] Optimizing power for module cnn_top ...
INFO: [Pwropt 34-207] Design is in partially-placed state. Running in partially-placed mode.
PSMgr Creation: Time (s): cpu = 00:00:00 ; elapsed = 00:00:00.015 . Memory (MB): peak = 2006.137 ; gain = 0.000
Pre-processing: Time (s): cpu = 00:00:00 ; elapsed = 00:00:00.021 . Memory (MB): peak = 2006.137 ; gain = 0.000
INFO: [Pwropt 34-9] Applying IDT optimizations ...
IDT: Time (s): cpu = 00:00:00 ; elapsed = 00:00:00.014 . Memory (MB): peak = 2006.137 ; gain = 0.000
INFO: [Pwropt 34-10] Applying ODC optimizations ...
Running Vector-less Activity Propagation...

Finished Running Vector-less Activity Propagation
INFO: [Pwropt 34-215] Skipped ODC enables for 0 nets in BRAM flops in bus-based analysis.
INFO: [Pwropt 34-214] Skipped ODC enables for 0 nets in BRAM address flops in bus-based analysis.
ODC: Time (s): cpu = 00:00:01 ; elapsed = 00:00:00.752 . Memory (MB): peak = 2006.137 ; gain = 0.000
Power optimization passes: Time (s): cpu = 00:00:01 ; elapsed = 00:00:00.792 . Memory (MB): peak = 2006.137 ; gain = 0.000

INFO: [Pwropt 34-77] Creating clock enable groups ...
INFO: [Pwropt 34-96] Including small groups for filtering based on enable probabilities.
 Done
Grouping enables: Time (s): cpu = 00:00:00 ; elapsed = 00:00:00.044 . Memory (MB): peak = 2006.137 ; gain = 0.000


Starting PowerOpt Patch Enables Task
INFO: [Pwropt 34-26] Patching clock gating enable signals for design cnn_top ...
INFO: [Pwropt 34-162] WRITE_MODE attribute of 0 BRAM(s) out of a total of 0 has been updated to save power. Run report_power_opt to get a complete listing of the BRAMs updated.
INFO: [Pwropt 34-201] Structural ODC has moved 0 WE to EN ports
INFO: [Pwropt 34-100] Patcher adaptive clustering : original flop clusters 1 accepted clusters 1

Number of Slice Registers augmented: 0 newly gated: 6 Total: 97
Number of SRLs augmented: 0  newly gated: 0 Total: 24
Number of BRAM Ports augmented: 0 newly gated: 0 Total Ports: 0
Number of Flops added for Enable Generation: 0

Flops dropped: 0/6 RAMS dropped: 0/0 Clusters dropped: 0/1 Enables dropped: 0
Patching clock gating enables finished successfully.
Ending PowerOpt Patch Enables Task | Checksum: 1efc9ee32

Time (s): cpu = 00:00:00 ; elapsed = 00:00:00.113 . Memory (MB): peak = 2006.137 ; gain = 0.000
INFO: [Pwropt 34-30] Power optimization finished successfully.
End power optimizations | Checksum: 1efc9ee32
Power optimization: Time (s): cpu = 00:00:01 ; elapsed = 00:00:01 . Memory (MB): peak = 2006.137 ; gain = 0.000
INFO: [Pwropt 34-198] Malloced memory gain at end of power optimization: 0 bytes

Starting Logic Optimization Task

Phase 1 Initialization

Phase 1.1 Core Generation And Design Setup
Phase 1.1 Core Generation And Design Setup | Checksum: 1efc9ee32

Time (s): cpu = 00:00:00 ; elapsed = 00:00:00.005 . Memory (MB): peak = 2006.137 ; gain = 0.000

Phase 1.2 Setup Constraints And Sort Netlist
Phase 1.2 Setup Constraints And Sort Netlist | Checksum: 25aefef9c

Time (s): cpu = 00:00:00 ; elapsed = 00:00:00.010 . Memory (MB): peak = 2006.137 ; gain = 0.000
Phase 1 Initialization | Checksum: 25aefef9c

Time (s): cpu = 00:00:00 ; elapsed = 00:00:00.013 . Memory (MB): peak = 2006.137 ; gain = 0.000

Phase 2 Timer Update And Timing Data Collection

Phase 2.1 Detect if minReqCache needed
Phase 2.1 Detect if minReqCache needed | Checksum: 25aefef9c

Time (s): cpu = 00:00:00 ; elapsed = 00:00:00.030 . Memory (MB): peak = 2006.137 ; gain = 0.000

Phase 2.2 Timer Update
Phase 2.2 Timer Update | Checksum: 25aefef9c

Time (s): cpu = 00:00:00 ; elapsed = 00:00:00.075 . Memory (MB): peak = 2006.137 ; gain = 0.000

Phase 2.3 Timing Data Collection
Phase 2.3 Timing Data Collection | Checksum: 25aefef9c

Time (s): cpu = 00:00:00 ; elapsed = 00:00:00.078 . Memory (MB): peak = 2006.137 ; gain = 0.000
Phase 2 Timer Update And Timing Data Collection | Checksum: 25aefef9c

Time (s): cpu = 00:00:00 ; elapsed = 00:00:00.081 . Memory (MB): peak = 2006.137 ; gain = 0.000

Phase 3 Retarget
INFO: [Opt 31-1851] Number of loadless carry chains removed were: 0
INFO: [Opt 31-1834] Total Chains To Be Transformed Were: 0 AND Number of Transformed insts Created are: 0
INFO: [Opt 31-138] Pushed 0 inverter(s) to 0 load pin(s).
INFO: [Opt 31-49] Retargeted 0 cell(s).
Phase 3 Retarget | Checksum: 25aefef9c

Time (s): cpu = 00:00:00 ; elapsed = 00:00:00.134 . Memory (MB): peak = 2006.137 ; gain = 0.000
Retarget | Checksum: 25aefef9c
INFO: [Opt 31-389] Phase Retarget created 0 cells and removed 0 cells

Phase 4 BUFG optimization
Phase 4 BUFG optimization | Checksum: 25aefef9c

Time (s): cpu = 00:00:00 ; elapsed = 00:00:00.219 . Memory (MB): peak = 2006.137 ; gain = 0.000
BUFG optimization | Checksum: 25aefef9c
INFO: [Opt 31-662] Phase BUFG optimization created 0 cells of which 0 are BUFGs and removed 0 cells.

Phase 5 Remap
Phase 5 Remap | Checksum: 25aefef9c

Time (s): cpu = 00:00:00 ; elapsed = 00:00:00.243 . Memory (MB): peak = 2006.137 ; gain = 0.000
Remap | Checksum: 25aefef9c
INFO: [Opt 31-389] Phase Remap created 0 cells and removed 0 cells

Phase 6 Post Processing Netlist
Phase 6 Post Processing Netlist | Checksum: 25aefef9c

Time (s): cpu = 00:00:00 ; elapsed = 00:00:00.250 . Memory (MB): peak = 2006.137 ; gain = 0.000
Post Processing Netlist | Checksum: 25aefef9c
INFO: [Opt 31-389] Phase Post Processing Netlist created 0 cells and removed 0 cells

Phase 7 Finalization

Phase 7.1 Finalizing Design Cores and Updating Shapes
Phase 7.1 Finalizing Design Cores and Updating Shapes | Checksum: 25aefef9c

Time (s): cpu = 00:00:00 ; elapsed = 00:00:00.260 . Memory (MB): peak = 2006.137 ; gain = 0.000

Phase 7.2 Verifying Netlist Connectivity
Phase 7.2 Verifying Netlist Connectivity | Checksum: 25aefef9c

Time (s): cpu = 00:00:00 ; elapsed = 00:00:00.263 . Memory (MB): peak = 2006.137 ; gain = 0.000
Phase 7 Finalization | Checksum: 25aefef9c

Time (s): cpu = 00:00:00 ; elapsed = 00:00:00.266 . Memory (MB): peak = 2006.137 ; gain = 0.000
Opt_design Change Summary
=========================


---------------------------------------------------------------------------------------------------------------------
|  Phase                    |  #Cells created  |  #Cells Removed  |  #Constrained objects preventing optimizations  |
---------------------------------------------------------------------------------------------------------------------
|  Retarget                 |               0  |               0  |                                              0  |
|  BUFG optimization        |               0  |               0  |                                              0  |
|  Remap                    |               0  |               0  |                                              0  |
|  Post Processing Netlist  |               0  |               0  |                                              0  |
---------------------------------------------------------------------------------------------------------------------


Ending Logic Optimization Task | Checksum: 25aefef9c

Time (s): cpu = 00:00:00 ; elapsed = 00:00:00.274 . Memory (MB): peak = 2006.137 ; gain = 0.000

Starting Netlist Obfuscation Task
Netlist sorting complete. Time (s): cpu = 00:00:00 ; elapsed = 00:00:00 . Memory (MB): peak = 2006.137 ; gain = 0.000
Ending Netlist Obfuscation Task | Checksum: 25aefef9c

Time (s): cpu = 00:00:00 ; elapsed = 00:00:00.004 . Memory (MB): peak = 2006.137 ; gain = 0.000
INFO: [Common 17-83] Releasing license: Vivado_Implementation
66 Infos, 3 Warnings, 0 Critical Warnings and 0 Errors encountered.
power_opt_design completed successfully
INFO: [Timing 38-480] Writing timing data to binary archive.
Write ShapeDB Complete: Time (s): cpu = 00:00:00 ; elapsed = 00:00:00.005 . Memory (MB): peak = 2006.137 ; gain = 0.000
Wrote PlaceDB: Time (s): cpu = 00:00:00 ; elapsed = 00:00:00 . Memory (MB): peak = 2006.137 ; gain = 0.000
Wrote PulsedLatchDB: Time (s): cpu = 00:00:00 ; elapsed = 00:00:00 . Memory (MB): peak = 2006.137 ; gain = 0.000
Writing XDEF routing.
Writing XDEF routing logical nets.
Writing XDEF routing special nets.
Wrote RouteStorage: Time (s): cpu = 00:00:00 ; elapsed = 00:00:00.048 . Memory (MB): peak = 2006.137 ; gain = 0.000
Wrote PlaceStorage: Time (s): cpu = 00:00:00 ; elapsed = 00:00:00.003 . Memory (MB): peak = 2006.137 ; gain = 0.000
Wrote Netlist Cache: Time (s): cpu = 00:00:00 ; elapsed = 00:00:00 . Memory (MB): peak = 2006.137 ; gain = 0.000
Wrote Device Cache: Time (s): cpu = 00:00:00 ; elapsed = 00:00:00.014 . Memory (MB): peak = 2006.137 ; gain = 0.000
Write Physdb Complete: Time (s): cpu = 00:00:00 ; elapsed = 00:00:00.082 . Memory (MB): peak = 2006.137 ; gain = 0.000
INFO: [Common 17-1381] The checkpoint 'C:/Users/Amir/Downloads/LAST_VERISON/LAST_VERISON/final_project/final_project.runs/impl_10/cnn_top_pwropt.dcp' has been generated.
Command: place_design
Attempting to get a license for feature 'Vivado_Implementation' and/or device 'xc7z020'
INFO: [Common 17-349] Got license for feature 'Vivado_Implementation' and/or device 'xc7z020'
INFO: [Common 17-83] Releasing license: Vivado_Implementation
INFO: [Timing 38-35] Done setting XDC timing constraints.
Running DRC as a precondition to command place_design
INFO: [DRC 23-27] Running DRC with 2 threads
INFO: [Vivado_Tcl 4-198] DRC finished with 0 Errors
INFO: [Vivado_Tcl 4-199] Please refer to the DRC report (report_drc) for more information.
INFO: [Place 30-611] Multithreading enabled for place_design using a maximum of 2 CPUs

Starting Placer Task

Phase 1 Placer Initialization

Phase 1.1 Placer Initialization Netlist Sorting
Netlist sorting complete. Time (s): cpu = 00:00:00 ; elapsed = 00:00:00.001 . Memory (MB): peak = 2006.137 ; gain = 0.000
Phase 1.1 Placer Initialization Netlist Sorting | Checksum: 17982b2d4

Time (s): cpu = 00:00:00 ; elapsed = 00:00:00.009 . Memory (MB): peak = 2006.137 ; gain = 0.000
INFO: [Opt 31-138] Pushed 0 inverter(s) to 0 load pin(s).
Netlist sorting complete. Time (s): cpu = 00:00:00 ; elapsed = 00:00:00 . Memory (MB): peak = 2006.137 ; gain = 0.000

Phase 1.2 IO Placement/ Clock Placement/ Build Placer Device
INFO: [Timing 38-35] Done setting XDC timing constraints.
Phase 1.2 IO Placement/ Clock Placement/ Build Placer Device | Checksum: 15dbbb605

Time (s): cpu = 00:00:01 ; elapsed = 00:00:00.685 . Memory (MB): peak = 2006.137 ; gain = 0.000

Phase 1.3 Build Placer Netlist Model
Phase 1.3 Build Placer Netlist Model | Checksum: 1caf658ce

Time (s): cpu = 00:00:02 ; elapsed = 00:00:01 . Memory (MB): peak = 2006.137 ; gain = 0.000

Phase 1.4 Constrain Clocks/Macros
Phase 1.4 Constrain Clocks/Macros | Checksum: 1caf658ce

Time (s): cpu = 00:00:02 ; elapsed = 00:00:01 . Memory (MB): peak = 2006.137 ; gain = 0.000
Phase 1 Placer Initialization | Checksum: 1caf658ce

Time (s): cpu = 00:00:02 ; elapsed = 00:00:01 . Memory (MB): peak = 2006.137 ; gain = 0.000

Phase 2 Global Placement

Phase 2.1 Floorplanning
Phase 2.1 Floorplanning | Checksum: 1b0569904

Time (s): cpu = 00:00:03 ; elapsed = 00:00:02 . Memory (MB): peak = 2006.137 ; gain = 0.000

Phase 2.2 Update Timing before SLR Path Opt
Phase 2.2 Update Timing before SLR Path Opt | Checksum: 1ed160c67

Time (s): cpu = 00:00:03 ; elapsed = 00:00:02 . Memory (MB): peak = 2006.137 ; gain = 0.000

Phase 2.3 Post-Processing in Floorplanning
Phase 2.3 Post-Processing in Floorplanning | Checksum: 1ed160c67

Time (s): cpu = 00:00:03 ; elapsed = 00:00:02 . Memory (MB): peak = 2006.137 ; gain = 0.000

Phase 2.4 Global Place Phase1
Phase 2.4 Global Place Phase1 | Checksum: 1507f7290

Time (s): cpu = 00:00:05 ; elapsed = 00:00:03 . Memory (MB): peak = 2006.137 ; gain = 0.000

Phase 2.5 Global Place Phase2

Phase 2.5.1 UpdateTiming Before Physical Synthesis
Phase 2.5.1 UpdateTiming Before Physical Synthesis | Checksum: 1e24d1614

Time (s): cpu = 00:00:05 ; elapsed = 00:00:03 . Memory (MB): peak = 2006.137 ; gain = 0.000

Phase 2.5.2 Physical Synthesis In Placer
INFO: [Physopt 32-1035] Found 2 LUTNM shape to break, 1 LUT instances to create LUTNM shape
INFO: [Physopt 32-1044] Break lutnm for timing: one critical 1, two critical 1, total 2, new lutff created 0
INFO: [Physopt 32-1138] End 1 Pass. Optimized 2 nets or LUTs. Breaked 2 LUTs, combined 0 existing LUT and moved 0 existing LUT
INFO: [Physopt 32-65] No nets found for high-fanout optimization.
INFO: [Physopt 32-232] Optimized 0 net. Created 0 new instance.
INFO: [Physopt 32-775] End 1 Pass. Optimized 0 net or cell. Created 0 new cell, deleted 0 existing cell and moved 0 existing cell
INFO: [Physopt 32-456] No candidate cells for DSP register optimization found in the design.
INFO: [Physopt 32-775] End 2 Pass. Optimized 0 net or cell. Created 0 new cell, deleted 0 existing cell and moved 0 existing cell
INFO: [Physopt 32-1123] No candidate cells found for Shift Register to Pipeline optimization
INFO: [Physopt 32-775] End 2 Pass. Optimized 0 net or cell. Created 0 new cell, deleted 0 existing cell and moved 0 existing cell
INFO: [Physopt 32-1401] No candidate cells found for Shift Register optimization.
INFO: [Physopt 32-677] No candidate cells for Shift Register optimization found in the design
INFO: [Physopt 32-775] End 1 Pass. Optimized 0 net or cell. Created 0 new cell, deleted 0 existing cell and moved 0 existing cell
INFO: [Physopt 32-526] No candidate cells for BRAM register optimization found in the design
INFO: [Physopt 32-775] End 1 Pass. Optimized 0 net or cell. Created 0 new cell, deleted 0 existing cell and moved 0 existing cell
INFO: [Physopt 32-846] No candidate cells for URAM register optimization found in the design
INFO: [Physopt 32-775] End 1 Pass. Optimized 0 net or cell. Created 0 new cell, deleted 0 existing cell and moved 0 existing cell
INFO: [Physopt 32-846] No candidate cells for URAM register optimization found in the design
INFO: [Physopt 32-775] End 1 Pass. Optimized 0 net or cell. Created 0 new cell, deleted 0 existing cell and moved 0 existing cell
INFO: [Physopt 32-949] No candidate nets found for dynamic/static region interface net replication
INFO: [Physopt 32-775] End 1 Pass. Optimized 0 net or cell. Created 0 new cell, deleted 0 existing cell and moved 0 existing cell
Netlist sorting complete. Time (s): cpu = 00:00:00 ; elapsed = 00:00:00.001 . Memory (MB): peak = 2006.137 ; gain = 0.000

Summary of Physical Synthesis Optimizations
============================================


-----------------------------------------------------------------------------------------------------------------------------------------------------------
|  Optimization                                     |  Added Cells  |  Removed Cells  |  Optimized Cells/Nets  |  Dont Touch  |  Iterations  |  Elapsed   |
-----------------------------------------------------------------------------------------------------------------------------------------------------------
|  LUT Combining                                    |            2  |              0  |                     2  |           0  |           1  |  00:00:00  |
|  Retime                                           |            0  |              0  |                     0  |           0  |           1  |  00:00:00  |
|  Very High Fanout                                 |            0  |              0  |                     0  |           0  |           1  |  00:00:00  |
|  DSP Register                                     |            0  |              0  |                     0  |           0  |           1  |  00:00:00  |
|  Shift Register to Pipeline                       |            0  |              0  |                     0  |           0  |           1  |  00:00:00  |
|  Shift Register                                   |            0  |              0  |                     0  |           0  |           1  |  00:00:00  |
|  BRAM Register                                    |            0  |              0  |                     0  |           0  |           1  |  00:00:00  |
|  URAM Register                                    |            0  |              0  |                     0  |           0  |           1  |  00:00:00  |
|  Dynamic/Static Region Interface Net Replication  |            0  |              0  |                     0  |           0  |           1  |  00:00:00  |
|  Total                                            |            2  |              0  |                     2  |           0  |           9  |  00:00:00  |
-----------------------------------------------------------------------------------------------------------------------------------------------------------


Phase 2.5.2 Physical Synthesis In Placer | Checksum: 1d5fd53d0

Time (s): cpu = 00:00:05 ; elapsed = 00:00:03 . Memory (MB): peak = 2006.137 ; gain = 0.000
Phase 2.5 Global Place Phase2 | Checksum: 19b5c551c

Time (s): cpu = 00:00:05 ; elapsed = 00:00:04 . Memory (MB): peak = 2006.137 ; gain = 0.000
Phase 2 Global Placement | Checksum: 19b5c551c

Time (s): cpu = 00:00:05 ; elapsed = 00:00:04 . Memory (MB): peak = 2006.137 ; gain = 0.000

Phase 3 Detail Placement

Phase 3.1 Commit Multi Column Macros
Phase 3.1 Commit Multi Column Macros | Checksum: 1c7731571

Time (s): cpu = 00:00:05 ; elapsed = 00:00:04 . Memory (MB): peak = 2006.137 ; gain = 0.000

Phase 3.2 Commit Most Macros & LUTRAMs
Phase 3.2 Commit Most Macros & LUTRAMs | Checksum: 135c7f4b1

Time (s): cpu = 00:00:06 ; elapsed = 00:00:04 . Memory (MB): peak = 2006.137 ; gain = 0.000

Phase 3.3 Area Swap Optimization
Phase 3.3 Area Swap Optimization | Checksum: 1bda1cd55

Time (s): cpu = 00:00:06 ; elapsed = 00:00:04 . Memory (MB): peak = 2006.137 ; gain = 0.000

Phase 3.4 Pipeline Register Optimization
Phase 3.4 Pipeline Register Optimization | Checksum: 1a96a4f1f

Time (s): cpu = 00:00:06 ; elapsed = 00:00:04 . Memory (MB): peak = 2006.137 ; gain = 0.000

Phase 3.5 Fast Optimization
Phase 3.5 Fast Optimization | Checksum: 186b4aca4

Time (s): cpu = 00:00:06 ; elapsed = 00:00:04 . Memory (MB): peak = 2006.137 ; gain = 0.000

Phase 3.6 Small Shape Detail Placement
Phase 3.6 Small Shape Detail Placement | Checksum: 2196ae419

Time (s): cpu = 00:00:07 ; elapsed = 00:00:05 . Memory (MB): peak = 2006.137 ; gain = 0.000

Phase 3.7 Re-assign LUT pins
Phase 3.7 Re-assign LUT pins | Checksum: 256a46d37

Time (s): cpu = 00:00:07 ; elapsed = 00:00:05 . Memory (MB): peak = 2006.137 ; gain = 0.000

Phase 3.8 Pipeline Register Optimization
Phase 3.8 Pipeline Register Optimization | Checksum: 256a46d37

Time (s): cpu = 00:00:07 ; elapsed = 00:00:05 . Memory (MB): peak = 2006.137 ; gain = 0.000

Phase 3.9 Fast Optimization
Phase 3.9 Fast Optimization | Checksum: 23f0a5939

Time (s): cpu = 00:00:07 ; elapsed = 00:00:06 . Memory (MB): peak = 2006.137 ; gain = 0.000
Phase 3 Detail Placement | Checksum: 23f0a5939

Time (s): cpu = 00:00:07 ; elapsed = 00:00:06 . Memory (MB): peak = 2006.137 ; gain = 0.000

Phase 4 Post Placement Optimization and Clean-Up

Phase 4.1 Post Commit Optimization
INFO: [Timing 38-35] Done setting XDC timing constraints.

Phase 4.1.1 Post Placement Optimization
Post Placement Optimization Initialization | Checksum: 1b9911437

Phase 4.1.1.1 BUFG Insertion

Starting Physical Synthesis Task

Phase 1 Physical Synthesis Initialization
INFO: [Physopt 32-721] Multithreading enabled for phys_opt_design using a maximum of 2 CPUs
INFO: [Physopt 32-619] Estimated Timing Summary | WNS=-0.756 | TNS=-10.828 |
Phase 1 Physical Synthesis Initialization | Checksum: 1cb164b21

Time (s): cpu = 00:00:00 ; elapsed = 00:00:00.034 . Memory (MB): peak = 2006.137 ; gain = 0.000
INFO: [Place 46-56] BUFG insertion identified 0 candidate nets. Inserted BUFG: 0, Replicated BUFG Driver: 0, Skipped due to Placement/Routing Conflicts: 0, Skipped due to Timing Degradation: 0, Skipped due to netlist editing failed: 0.
Ending Physical Synthesis Task | Checksum: 233a35bf5

Time (s): cpu = 00:00:00 ; elapsed = 00:00:00.042 . Memory (MB): peak = 2006.137 ; gain = 0.000
Phase 4.1.1.1 BUFG Insertion | Checksum: 1b9911437

Time (s): cpu = 00:00:08 ; elapsed = 00:00:06 . Memory (MB): peak = 2006.137 ; gain = 0.000

Phase 4.1.1.2 Post Placement Timing Optimization
INFO: [Place 30-746] Post Placement Timing Summary WNS=-0.316. For the most accurate timing information please run report_timing.
Phase 4.1.1.2 Post Placement Timing Optimization | Checksum: 14becdbe7

Time (s): cpu = 00:01:06 ; elapsed = 00:01:06 . Memory (MB): peak = 2006.137 ; gain = 0.000

Time (s): cpu = 00:01:06 ; elapsed = 00:01:06 . Memory (MB): peak = 2006.137 ; gain = 0.000
Phase 4.1 Post Commit Optimization | Checksum: 14becdbe7

Time (s): cpu = 00:01:06 ; elapsed = 00:01:06 . Memory (MB): peak = 2006.137 ; gain = 0.000

Phase 4.2 Post Placement Cleanup
Phase 4.2 Post Placement Cleanup | Checksum: 14becdbe7

Time (s): cpu = 00:01:06 ; elapsed = 00:01:06 . Memory (MB): peak = 2006.137 ; gain = 0.000

Phase 4.3 Placer Reporting

Phase 4.3.1 Print Estimated Congestion
INFO: [Place 30-612] Post-Placement Estimated Congestion 
 ____________________________________________________
|           | Global Congestion | Short Congestion  |
| Direction | Region Size       | Region Size       |
|___________|___________________|___________________|
|      North|                1x1|                1x1|
|___________|___________________|___________________|
|      South|                1x1|                1x1|
|___________|___________________|___________________|
|       East|                1x1|                1x1|
|___________|___________________|___________________|
|       West|                1x1|                1x1|
|___________|___________________|___________________|

Phase 4.3.1 Print Estimated Congestion | Checksum: 14becdbe7

Time (s): cpu = 00:01:06 ; elapsed = 00:01:06 . Memory (MB): peak = 2006.137 ; gain = 0.000
Phase 4.3 Placer Reporting | Checksum: 14becdbe7

Time (s): cpu = 00:01:06 ; elapsed = 00:01:06 . Memory (MB): peak = 2006.137 ; gain = 0.000

Phase 4.4 Final Placement Cleanup
Netlist sorting complete. Time (s): cpu = 00:00:00 ; elapsed = 00:00:00.001 . Memory (MB): peak = 2006.137 ; gain = 0.000

Time (s): cpu = 00:01:06 ; elapsed = 00:01:06 . Memory (MB): peak = 2006.137 ; gain = 0.000
Phase 4 Post Placement Optimization and Clean-Up | Checksum: 14f50f8a2

Time (s): cpu = 00:01:06 ; elapsed = 00:01:06 . Memory (MB): peak = 2006.137 ; gain = 0.000
Ending Placer Task | Checksum: d50386ea

Time (s): cpu = 00:01:06 ; elapsed = 00:01:06 . Memory (MB): peak = 2006.137 ; gain = 0.000
104 Infos, 3 Warnings, 0 Critical Warnings and 0 Errors encountered.
place_design completed successfully
place_design: Time (s): cpu = 00:01:09 ; elapsed = 00:01:08 . Memory (MB): peak = 2006.137 ; gain = 0.000
INFO: [Vivado 12-24838] Running report commands "report_control_sets, report_io, report_utilization" in parallel.
Running report generation with 2 threads.
INFO: [Vivado 12-24828] Executing command : report_io -file cnn_top_io_placed.rpt
report_io: Time (s): cpu = 00:00:01 ; elapsed = 00:00:00.256 . Memory (MB): peak = 2006.137 ; gain = 0.000
INFO: [Vivado 12-24828] Executing command : report_control_sets -verbose -file cnn_top_control_sets_placed.rpt
report_control_sets: Time (s): cpu = 00:00:00 ; elapsed = 00:00:00.007 . Memory (MB): peak = 2006.137 ; gain = 0.000
INFO: [Vivado 12-24828] Executing command : report_utilization -file cnn_top_utilization_placed.rpt -pb cnn_top_utilization_placed.pb
INFO: [Timing 38-480] Writing timing data to binary archive.
Write ShapeDB Complete: Time (s): cpu = 00:00:00 ; elapsed = 00:00:00.004 . Memory (MB): peak = 2006.137 ; gain = 0.000
Wrote PlaceDB: Time (s): cpu = 00:00:00 ; elapsed = 00:00:00 . Memory (MB): peak = 2006.137 ; gain = 0.000
Wrote PulsedLatchDB: Time (s): cpu = 00:00:00 ; elapsed = 00:00:00 . Memory (MB): peak = 2006.137 ; gain = 0.000
Writing XDEF routing.
Writing XDEF routing logical nets.
Writing XDEF routing special nets.
Wrote RouteStorage: Time (s): cpu = 00:00:00 ; elapsed = 00:00:00.043 . Memory (MB): peak = 2006.137 ; gain = 0.000
Wrote PlaceStorage: Time (s): cpu = 00:00:00 ; elapsed = 00:00:00.021 . Memory (MB): peak = 2006.137 ; gain = 0.000
Wrote Netlist Cache: Time (s): cpu = 00:00:00 ; elapsed = 00:00:00.002 . Memory (MB): peak = 2006.137 ; gain = 0.000
Wrote Device Cache: Time (s): cpu = 00:00:00 ; elapsed = 00:00:00.014 . Memory (MB): peak = 2006.137 ; gain = 0.000
Write Physdb Complete: Time (s): cpu = 00:00:00 ; elapsed = 00:00:00.098 . Memory (MB): peak = 2006.137 ; gain = 0.000
INFO: [Common 17-1381] The checkpoint 'C:/Users/Amir/Downloads/LAST_VERISON/LAST_VERISON/final_project/final_project.runs/impl_10/cnn_top_placed.dcp' has been generated.
Command: power_opt_design
Attempting to get a license for feature 'Vivado_Implementation' and/or device 'xc7z020'
INFO: [Common 17-349] Got license for feature 'Vivado_Implementation' and/or device 'xc7z020'
Begin power optimizations | Checksum: 1b670c3b2
INFO: [Pwropt 34-50] Optimizing power for module cnn_top ...
INFO: [Pwropt 34-207] Design is in post-place state. Running in post-place mode.
Pre-processing: Time (s): cpu = 00:00:00 ; elapsed = 00:00:00.016 . Memory (MB): peak = 2006.137 ; gain = 0.000
INFO: [Pwropt 34-9] Applying IDT optimizations ...
IDT: Time (s): cpu = 00:00:00 ; elapsed = 00:00:00.018 . Memory (MB): peak = 2006.137 ; gain = 0.000
INFO: [Pwropt 34-10] Applying ODC optimizations ...
WARNING: [Power 33-697] Either vcco_ddr is an Invalid voltage source or a power rail that is not been created.
WARNING: [Power 33-697] Either vcco_mio0 is an Invalid voltage source or a power rail that is not been created.
WARNING: [Power 33-697] Either vcco_mio1 is an Invalid voltage source or a power rail that is not been created.
INFO: [Physopt 32-619] Estimated Timing Summary | WNS=-0.316 | TNS=-2.500 |
PSMgr Creation: Time (s): cpu = 00:00:01 ; elapsed = 00:00:00.934 . Memory (MB): peak = 2006.137 ; gain = 0.000
Running Vector-less Activity Propagation...

Finished Running Vector-less Activity Propagation
INFO: [Pwropt 34-215] Skipped ODC enables for 0 nets in BRAM flops in bus-based analysis.
INFO: [Pwropt 34-214] Skipped ODC enables for 0 nets in BRAM address flops in bus-based analysis.
ODC: Time (s): cpu = 00:00:01 ; elapsed = 00:00:01 . Memory (MB): peak = 2006.137 ; gain = 0.000
Power optimization passes: Time (s): cpu = 00:00:01 ; elapsed = 00:00:01 . Memory (MB): peak = 2006.137 ; gain = 0.000

INFO: [Pwropt 34-77] Creating clock enable groups ...
INFO: [Pwropt 34-96] Including small groups for filtering based on enable probabilities.
 Done
Grouping enables: Time (s): cpu = 00:00:00 ; elapsed = 00:00:00.136 . Memory (MB): peak = 2006.137 ; gain = 0.000


Starting PowerOpt Patch Enables Task
INFO: [Pwropt 34-26] Patching clock gating enable signals for design cnn_top ...
INFO: [Pwropt 34-162] WRITE_MODE attribute of 0 BRAM(s) out of a total of 0 has been updated to save power. Run report_power_opt to get a complete listing of the BRAMs updated.
INFO: [Pwropt 34-201] Structural ODC has moved 0 WE to EN ports

Number of Slice Registers augmented: 0 newly gated: 0 Total: 97
Number of SRLs augmented: 0  newly gated: 0 Total: 24
Number of BRAM Ports augmented: 0 newly gated: 0 Total Ports: 0
Number of Flops added for Enable Generation: 0

Flops dropped: 0/0 RAMS dropped: 0/0 Clusters dropped: 0/0 Enables dropped: 0

Number of LUTs created for enable logic : 
    LUT1 : 0
    LUT2 : 0
    LUT3 : 0
    LUT4 : 0
    LUT5 : 0
    LUT6 : 0

Patching clock gating enables finished successfully.
Ending PowerOpt Patch Enables Task | Checksum: 145469c09

Time (s): cpu = 00:00:00 ; elapsed = 00:00:00.094 . Memory (MB): peak = 2006.137 ; gain = 0.000
INFO: [Pwropt 34-30] Power optimization finished successfully.
Netlist sorting complete. Time (s): cpu = 00:00:00 ; elapsed = 00:00:00 . Memory (MB): peak = 2006.137 ; gain = 0.000
End power optimizations | Checksum: 1acc15ac1
Power optimization: Time (s): cpu = 00:00:02 ; elapsed = 00:00:02 . Memory (MB): peak = 2006.137 ; gain = 0.000
INFO: [Pwropt 34-198] Malloced memory gain at end of power optimization: 0 bytes

Starting Netlist Obfuscation Task
Netlist sorting complete. Time (s): cpu = 00:00:00 ; elapsed = 00:00:00.001 . Memory (MB): peak = 2006.137 ; gain = 0.000
Ending Netlist Obfuscation Task | Checksum: 1acc15ac1

Time (s): cpu = 00:00:00 ; elapsed = 00:00:00.003 . Memory (MB): peak = 2006.137 ; gain = 0.000
INFO: [Common 17-83] Releasing license: Vivado_Implementation
126 Infos, 6 Warnings, 0 Critical Warnings and 0 Errors encountered.
power_opt_design completed successfully
Write ShapeDB Complete: Time (s): cpu = 00:00:00 ; elapsed = 00:00:00.004 . Memory (MB): peak = 2006.137 ; gain = 0.000
INFO: [Timing 38-480] Writing timing data to binary archive.
Wrote PlaceDB: Time (s): cpu = 00:00:00 ; elapsed = 00:00:00 . Memory (MB): peak = 2006.137 ; gain = 0.000
Wrote PulsedLatchDB: Time (s): cpu = 00:00:00 ; elapsed = 00:00:00 . Memory (MB): peak = 2006.137 ; gain = 0.000
Writing XDEF routing.
Writing XDEF routing logical nets.
Writing XDEF routing special nets.
Wrote RouteStorage: Time (s): cpu = 00:00:00 ; elapsed = 00:00:00.034 . Memory (MB): peak = 2006.137 ; gain = 0.000
Wrote PlaceStorage: Time (s): cpu = 00:00:00 ; elapsed = 00:00:00.020 . Memory (MB): peak = 2006.137 ; gain = 0.000
Wrote Netlist Cache: Time (s): cpu = 00:00:00 ; elapsed = 00:00:00.001 . Memory (MB): peak = 2006.137 ; gain = 0.000
Wrote Device Cache: Time (s): cpu = 00:00:00 ; elapsed = 00:00:00.015 . Memory (MB): peak = 2006.137 ; gain = 0.000
Write Physdb Complete: Time (s): cpu = 00:00:00 ; elapsed = 00:00:00.086 . Memory (MB): peak = 2006.137 ; gain = 0.000
INFO: [Common 17-1381] The checkpoint 'C:/Users/Amir/Downloads/LAST_VERISON/LAST_VERISON/final_project/final_project.runs/impl_10/cnn_top_postplace_pwropt.dcp' has been generated.
Command: phys_opt_design -directive AggressiveFanoutOpt
Attempting to get a license for feature 'Vivado_Implementation' and/or device 'xc7z020'
INFO: [Common 17-349] Got license for feature 'Vivado_Implementation' and/or device 'xc7z020'
INFO: [Vivado_Tcl 4-137] Directive used for phys_opt_design is: AggressiveFanoutOpt

Starting Initial Update Timing Task

Time (s): cpu = 00:00:00 ; elapsed = 00:00:00.030 . Memory (MB): peak = 2006.137 ; gain = 0.000
INFO: [Vivado_Tcl 4-1435] PhysOpt_Tcl_Interface Runtime Before Starting Physical Synthesis Task | CPU: 0.00s |  WALL: 0.09s
Netlist sorting complete. Time (s): cpu = 00:00:00 ; elapsed = 00:00:00 . Memory (MB): peak = 2006.137 ; gain = 0.000

Starting Physical Synthesis Task

Phase 1 Physical Synthesis Initialization
INFO: [Physopt 32-721] Multithreading enabled for phys_opt_design using a maximum of 2 CPUs
INFO: [Physopt 32-619] Estimated Timing Summary | WNS=-0.316 | TNS=-2.500 |
Phase 1 Physical Synthesis Initialization | Checksum: 2429de17b

Time (s): cpu = 00:00:01 ; elapsed = 00:00:00.397 . Memory (MB): peak = 2006.137 ; gain = 0.000
INFO: [Physopt 32-619] Estimated Timing Summary | WNS=-0.316 | TNS=-2.500 |

Phase 2 DSP Register Optimization
INFO: [Physopt 32-456] No candidate cells for DSP register optimization found in the design.
INFO: [Physopt 32-775] End 2 Pass. Optimized 0 net or cell. Created 0 new cell, deleted 0 existing cell and moved 0 existing cell
Phase 2 DSP Register Optimization | Checksum: 2429de17b

Time (s): cpu = 00:00:01 ; elapsed = 00:00:00.415 . Memory (MB): peak = 2006.137 ; gain = 0.000

Phase 3 Critical Path Optimization
INFO: [Physopt 32-619] Estimated Timing Summary | WNS=-0.316 | TNS=-2.500 |
INFO: [Physopt 32-702] Processed net controller_inst/compute_counter_reg_n_0_[4]. Optimizations did not improve timing on the net.
INFO: [Physopt 32-663] Processed net controller_inst/compute_counter_reg_n_0_[2].  Re-placed instance controller_inst/compute_counter_reg[2]
INFO: [Physopt 32-735] Processed net controller_inst/compute_counter_reg_n_0_[2]. Optimization improves timing on the net.
INFO: [Physopt 32-619] Estimated Timing Summary | WNS=-0.247 | TNS=-2.358 |
INFO: [Physopt 32-702] Processed net genblk1[0].mac_pipeline_inst/accumulation_stage_reg_n_153_[8]. Optimizations did not improve timing on the net.
INFO: [Physopt 32-663] Processed net kernel_memory_inst/kernel_counter_reg[1].  Re-placed instance kernel_memory_inst/kernel_counter_reg[1]
INFO: [Physopt 32-735] Processed net kernel_memory_inst/kernel_counter_reg[1]. Optimization improves timing on the net.
INFO: [Physopt 32-619] Estimated Timing Summary | WNS=-0.185 | TNS=-1.645 |
INFO: [Physopt 32-702] Processed net kernel_memory_inst/kernel_counter_reg[1]. Optimizations did not improve timing on the net.
INFO: [Physopt 32-608] Optimized 1 net.  Swapped 11 pins.
INFO: [Physopt 32-735] Processed net kernel_memory_inst/E[0]. Optimization improves timing on the net.
INFO: [Physopt 32-619] Estimated Timing Summary | WNS=-0.174 | TNS=-1.458 |
INFO: [Physopt 32-81] Processed net controller_inst/compute_counter_reg_n_0_[2]. Replicated 1 times.
INFO: [Physopt 32-735] Processed net controller_inst/compute_counter_reg_n_0_[2]. Optimization improves timing on the net.
INFO: [Physopt 32-619] Estimated Timing Summary | WNS=-0.168 | TNS=-1.442 |
INFO: [Physopt 32-702] Processed net kernel_memory_inst/E[0]. Optimizations did not improve timing on the net.
INFO: [Physopt 32-702] Processed net clk_IBUF. Optimizations did not improve timing on the net.
INFO: [Physopt 32-702] Processed net clk. Optimizations did not improve timing on the net.
INFO: [Physopt 32-663] Processed net kernel_memory_inst/kernel_counter_reg[1].  Re-placed instance kernel_memory_inst/kernel_counter_reg[1]
INFO: [Physopt 32-735] Processed net kernel_memory_inst/kernel_counter_reg[1]. Optimization improves timing on the net.
INFO: [Physopt 32-619] Estimated Timing Summary | WNS=-0.158 | TNS=-0.398 |
INFO: [Physopt 32-702] Processed net controller_inst/compute_counter_reg_n_0_[4]. Optimizations did not improve timing on the net.
INFO: [Physopt 32-702] Processed net controller_inst/compute_counter_reg_n_0_[2]_repN. Optimizations did not improve timing on the net.
INFO: [Physopt 32-702] Processed net controller_inst/compute_counter[4]_i_2_n_0. Optimizations did not improve timing on the net.
INFO: [Physopt 32-663] Processed net controller_inst/compute_counter[4].  Re-placed instance controller_inst/compute_counter[4]_i_1
INFO: [Physopt 32-735] Processed net controller_inst/compute_counter[4]. Optimization improves timing on the net.
INFO: [Physopt 32-619] Estimated Timing Summary | WNS=-0.072 | TNS=-0.240 |
INFO: [Physopt 32-702] Processed net kernel_memory_inst/kernel_counter_reg[1]. Optimizations did not improve timing on the net.
INFO: [Physopt 32-702] Processed net kernel_memory_inst/E[0]. Optimizations did not improve timing on the net.
INFO: [Physopt 32-702] Processed net clk_IBUF. Optimizations did not improve timing on the net.
INFO: [Physopt 32-702] Processed net clk. Optimizations did not improve timing on the net.
INFO: [Physopt 32-619] Estimated Timing Summary | WNS=-0.072 | TNS=-0.240 |
Netlist sorting complete. Time (s): cpu = 00:00:00 ; elapsed = 00:00:00.004 . Memory (MB): peak = 2006.137 ; gain = 0.000
Phase 3 Critical Path Optimization | Checksum: 1c9b14679

Time (s): cpu = 00:00:05 ; elapsed = 00:00:03 . Memory (MB): peak = 2006.137 ; gain = 0.000

Phase 4 Critical Path Optimization
INFO: [Physopt 32-619] Estimated Timing Summary | WNS=-0.072 | TNS=-0.240 |
INFO: [Physopt 32-702] Processed net genblk1[0].mac_pipeline_inst/accumulation_stage_reg_n_153_[8]. Optimizations did not improve timing on the net.
INFO: [Physopt 32-702] Processed net kernel_memory_inst/kernel_counter_reg[1]. Optimizations did not improve timing on the net.
INFO: [Physopt 32-702] Processed net kernel_memory_inst/E[0]. Optimizations did not improve timing on the net.
INFO: [Physopt 32-702] Processed net clk_IBUF. Optimizations did not improve timing on the net.
INFO: [Physopt 32-702] Processed net clk. Optimizations did not improve timing on the net.
INFO: [Physopt 32-702] Processed net kernel_memory_inst/kernel_counter_reg[1]. Optimizations did not improve timing on the net.
INFO: [Physopt 32-702] Processed net kernel_memory_inst/E[0]. Optimizations did not improve timing on the net.
INFO: [Physopt 32-702] Processed net clk_IBUF. Optimizations did not improve timing on the net.
INFO: [Physopt 32-702] Processed net clk. Optimizations did not improve timing on the net.
INFO: [Physopt 32-619] Estimated Timing Summary | WNS=-0.072 | TNS=-0.240 |
Netlist sorting complete. Time (s): cpu = 00:00:00 ; elapsed = 00:00:00.003 . Memory (MB): peak = 2006.137 ; gain = 0.000
Phase 4 Critical Path Optimization | Checksum: 1c9b14679

Time (s): cpu = 00:00:08 ; elapsed = 00:00:05 . Memory (MB): peak = 2006.137 ; gain = 0.000
Netlist sorting complete. Time (s): cpu = 00:00:00 ; elapsed = 00:00:00 . Memory (MB): peak = 2006.137 ; gain = 0.000
INFO: [Physopt 32-603] Post Physical Optimization Timing Summary | WNS=-0.072 | TNS=-0.240 |

Summary of Physical Synthesis Optimizations
============================================


-------------------------------------------------------------------------------------------------------------------------------------------------------------
|  Optimization   |  WNS Gain (ns)  |  TNS Gain (ns)  |  Added Cells  |  Removed Cells  |  Optimized Cells/Nets  |  Dont Touch  |  Iterations  |  Elapsed   |
-------------------------------------------------------------------------------------------------------------------------------------------------------------
|  DSP Register   |          0.000  |          0.000  |            0  |              0  |                     0  |           0  |           1  |  00:00:00  |
|  Critical Path  |          0.245  |          2.260  |            1  |              0  |                     6  |           0  |           2  |  00:00:04  |
|  Total          |          0.245  |          2.260  |            1  |              0  |                     6  |           0  |           3  |  00:00:04  |
-------------------------------------------------------------------------------------------------------------------------------------------------------------


Netlist sorting complete. Time (s): cpu = 00:00:00 ; elapsed = 00:00:00 . Memory (MB): peak = 2006.137 ; gain = 0.000
Ending Physical Synthesis Task | Checksum: 1a9cb9abc

Time (s): cpu = 00:00:08 ; elapsed = 00:00:05 . Memory (MB): peak = 2006.137 ; gain = 0.000
INFO: [Common 17-83] Releasing license: Vivado_Implementation
182 Infos, 6 Warnings, 0 Critical Warnings and 0 Errors encountered.
phys_opt_design completed successfully
Write ShapeDB Complete: Time (s): cpu = 00:00:00 ; elapsed = 00:00:00.003 . Memory (MB): peak = 2006.137 ; gain = 0.000
INFO: [Timing 38-480] Writing timing data to binary archive.
Wrote PlaceDB: Time (s): cpu = 00:00:00 ; elapsed = 00:00:00 . Memory (MB): peak = 2006.137 ; gain = 0.000
Wrote PulsedLatchDB: Time (s): cpu = 00:00:00 ; elapsed = 00:00:00 . Memory (MB): peak = 2006.137 ; gain = 0.000
Writing XDEF routing.
Writing XDEF routing logical nets.
Writing XDEF routing special nets.
Wrote RouteStorage: Time (s): cpu = 00:00:00 ; elapsed = 00:00:00.036 . Memory (MB): peak = 2006.137 ; gain = 0.000
Wrote PlaceStorage: Time (s): cpu = 00:00:00 ; elapsed = 00:00:00.022 . Memory (MB): peak = 2006.137 ; gain = 0.000
Wrote Netlist Cache: Time (s): cpu = 00:00:00 ; elapsed = 00:00:00.001 . Memory (MB): peak = 2006.137 ; gain = 0.000
Wrote Device Cache: Time (s): cpu = 00:00:00 ; elapsed = 00:00:00.015 . Memory (MB): peak = 2006.137 ; gain = 0.000
Write Physdb Complete: Time (s): cpu = 00:00:00 ; elapsed = 00:00:00.090 . Memory (MB): peak = 2006.137 ; gain = 0.000
INFO: [Common 17-1381] The checkpoint 'C:/Users/Amir/Downloads/LAST_VERISON/LAST_VERISON/final_project/final_project.runs/impl_10/cnn_top_physopt.dcp' has been generated.
Command: route_design -directive NoTimingRelaxation
Attempting to get a license for feature 'Vivado_Implementation' and/or device 'xc7z020'
INFO: [Common 17-349] Got license for feature 'Vivado_Implementation' and/or device 'xc7z020'
INFO: [DRC 23-27] Running DRC with 2 threads
INFO: [Vivado_Tcl 4-198] DRC finished with 0 Errors
INFO: [Vivado_Tcl 4-199] Please refer to the DRC report (report_drc) for more information.


Starting Routing Task
INFO: [Route 35-270] Using Router directive 'NoTimingRelaxation'.
INFO: [Route 35-254] Multithreading enabled for route_design using a maximum of 2 CPUs

Phase 1 Build RT Design
Checksum: PlaceDB: d2061ce6 ConstDB: 0 ShapeSum: 2951cba2 RouteDB: 15f972f0
Post Restoration Checksum: NetGraph: 2572a5d2 | NumContArr: 2d0e91f | Constraints: c2a8fa9d | Timing: c2a8fa9d
Phase 1 Build RT Design | Checksum: 1ad95842b

Time (s): cpu = 00:01:00 ; elapsed = 00:00:58 . Memory (MB): peak = 2006.137 ; gain = 0.000

Phase 2 Router Initialization

Phase 2.1 Fix Topology Constraints
Phase 2.1 Fix Topology Constraints | Checksum: 1ad95842b

Time (s): cpu = 00:01:00 ; elapsed = 00:00:58 . Memory (MB): peak = 2006.137 ; gain = 0.000

Phase 2.2 Pre Route Cleanup
Phase 2.2 Pre Route Cleanup | Checksum: 1ad95842b

Time (s): cpu = 00:01:00 ; elapsed = 00:00:58 . Memory (MB): peak = 2006.137 ; gain = 0.000
 Number of Nodes with overlaps = 0

Phase 2.3 Update Timing
Phase 2.3 Update Timing | Checksum: 2d9e177e2

Time (s): cpu = 00:01:01 ; elapsed = 00:00:59 . Memory (MB): peak = 2006.137 ; gain = 0.000
INFO: [Route 35-416] Intermediate Timing Summary | WNS=-0.065 | TNS=-0.202 | WHS=-0.121 | THS=-6.915 |


Phase 2.4 Soft Constraint Pins - Fast Budgeting
Phase 2.4 Soft Constraint Pins - Fast Budgeting | Checksum: 22d9d3928

Time (s): cpu = 00:01:02 ; elapsed = 00:00:59 . Memory (MB): peak = 2006.137 ; gain = 0.000

Router Utilization Summary
  Global Vertical Routing Utilization    = 0 %
  Global Horizontal Routing Utilization  = 0 %
  Routable Net Status*
  *Does not include unroutable nets such as driverless and loadless.
  Run report_route_status for detailed report.
  Number of Failed Nets               = 548
    (Failed Nets is the sum of unrouted and partially routed nets)
  Number of Unrouted Nets             = 548
  Number of Partially Routed Nets     = 0
  Number of Node Overlaps             = 0

Phase 2 Router Initialization | Checksum: 22d9d3928

Time (s): cpu = 00:01:02 ; elapsed = 00:01:00 . Memory (MB): peak = 2006.137 ; gain = 0.000

Phase 3 Global Routing
Phase 3 Global Routing | Checksum: 22d9d3928

Time (s): cpu = 00:01:02 ; elapsed = 00:01:00 . Memory (MB): peak = 2006.137 ; gain = 0.000

Phase 4 Initial Routing

Phase 4.1 Initial Net Routing Pass
Phase 4.1 Initial Net Routing Pass | Checksum: 220d183a9

Time (s): cpu = 00:01:03 ; elapsed = 00:01:00 . Memory (MB): peak = 2006.137 ; gain = 0.000
Phase 4 Initial Routing | Checksum: 220d183a9

Time (s): cpu = 00:01:03 ; elapsed = 00:01:00 . Memory (MB): peak = 2006.137 ; gain = 0.000
INFO: [Route 35-580] Design has 3 pins with tight setup and hold constraints.

The top 5 pins with tight setup and hold constraints:

+====================+===================+=======================================================+
| Launch Setup Clock | Launch Hold Clock | Pin                                                   |
+====================+===================+=======================================================+
| sys_clk            | sys_clk           | controller_inst/compute_counter_reg[5]/D              |
| sys_clk            | sys_clk           | controller_inst/compute_counter_reg[6]/D              |
| sys_clk            | sys_clk           | controller_inst/FSM_sequential_current_state_reg[0]/D |
+--------------------+-------------------+-------------------------------------------------------+

File with complete list of pins: tight_setup_hold_pins.txt


Phase 5 Rip-up And Reroute

Phase 5.1 Global Iteration 0
 Number of Nodes with overlaps = 14
 Number of Nodes with overlaps = 8
 Number of Nodes with overlaps = 9
 Number of Nodes with overlaps = 6
 Number of Nodes with overlaps = 4
 Number of Nodes with overlaps = 3
 Number of Nodes with overlaps = 2
 Number of Nodes with overlaps = 2
 Number of Nodes with overlaps = 1
 Number of Nodes with overlaps = 1
 Number of Nodes with overlaps = 4
 Number of Nodes with overlaps = 2
 Number of Nodes with overlaps = 0
INFO: [Route 35-416] Intermediate Timing Summary | WNS=-0.299 | TNS=-3.170 | WHS=N/A    | THS=N/A    |

Phase 5.1 Global Iteration 0 | Checksum: 1fc5fe994

Time (s): cpu = 00:01:04 ; elapsed = 00:01:01 . Memory (MB): peak = 2006.137 ; gain = 0.000

Phase 5.2 Global Iteration 1
 Number of Nodes with overlaps = 1
 Number of Nodes with overlaps = 0
INFO: [Route 35-416] Intermediate Timing Summary | WNS=-0.468 | TNS=-2.314 | WHS=N/A    | THS=N/A    |

Phase 5.2 Global Iteration 1 | Checksum: 20d7e4e5d

Time (s): cpu = 00:01:04 ; elapsed = 00:01:01 . Memory (MB): peak = 2006.137 ; gain = 0.000
Phase 5 Rip-up And Reroute | Checksum: 20d7e4e5d

Time (s): cpu = 00:01:04 ; elapsed = 00:01:01 . Memory (MB): peak = 2006.137 ; gain = 0.000

Phase 6 Delay and Skew Optimization

Phase 6.1 Delay CleanUp

Phase 6.1.1 Update Timing
Phase 6.1.1 Update Timing | Checksum: 210d29ea3

Time (s): cpu = 00:01:04 ; elapsed = 00:01:01 . Memory (MB): peak = 2006.137 ; gain = 0.000
INFO: [Route 35-416] Intermediate Timing Summary | WNS=-0.146 | TNS=-1.032 | WHS=N/A    | THS=N/A    |

 Number of Nodes with overlaps = 0
Phase 6.1 Delay CleanUp | Checksum: 2f0723c67

Time (s): cpu = 00:01:04 ; elapsed = 00:01:01 . Memory (MB): peak = 2006.137 ; gain = 0.000

Phase 6.2 Clock Skew Optimization
Phase 6.2 Clock Skew Optimization | Checksum: 2f0723c67

Time (s): cpu = 00:01:04 ; elapsed = 00:01:01 . Memory (MB): peak = 2006.137 ; gain = 0.000
Phase 6 Delay and Skew Optimization | Checksum: 2f0723c67

Time (s): cpu = 00:01:04 ; elapsed = 00:01:01 . Memory (MB): peak = 2006.137 ; gain = 0.000

Phase 7 Post Hold Fix

Phase 7.1 Hold Fix Iter
INFO: [Route 35-416] Intermediate Timing Summary | WNS=-0.146 | TNS=-1.032 | WHS=0.172  | THS=0.000  |

Phase 7.1 Hold Fix Iter | Checksum: 280ff96a4

Time (s): cpu = 00:01:04 ; elapsed = 00:01:01 . Memory (MB): peak = 2006.137 ; gain = 0.000
Phase 7 Post Hold Fix | Checksum: 280ff96a4

Time (s): cpu = 00:01:04 ; elapsed = 00:01:01 . Memory (MB): peak = 2006.137 ; gain = 0.000

Phase 8 Timing Verification

Phase 8.1 Update Timing
Phase 8.1 Update Timing | Checksum: 280ff96a4

Time (s): cpu = 00:01:04 ; elapsed = 00:01:01 . Memory (MB): peak = 2006.137 ; gain = 0.000
INFO: [Route 35-416] Intermediate Timing Summary | WNS=-0.146 | TNS=-1.032 | WHS=0.172  | THS=0.000  |

Phase 8 Timing Verification | Checksum: 280ff96a4

Time (s): cpu = 00:01:04 ; elapsed = 00:01:01 . Memory (MB): peak = 2006.137 ; gain = 0.000

Phase 9 Route finalize

Router Utilization Summary
  Global Vertical Routing Utilization    = 0.0737289 %
  Global Horizontal Routing Utilization  = 0.115027 %
  Routable Net Status*
  *Does not include unroutable nets such as driverless and loadless.
  Run report_route_status for detailed report.
  Number of Failed Nets               = 0
    (Failed Nets is the sum of unrouted and partially routed nets)
  Number of Unrouted Nets             = 0
  Number of Partially Routed Nets     = 0
  Number of Node Overlaps             = 0


--GLOBAL Congestion:
Utilization threshold used for congestion level computation: 0.85
Congestion Report
North Dir 1x1 Area, Max Cong = 31.5315%, No Congested Regions.
South Dir 1x1 Area, Max Cong = 24.3243%, No Congested Regions.
East Dir 1x1 Area, Max Cong = 33.8235%, No Congested Regions.
West Dir 1x1 Area, Max Cong = 22.0588%, No Congested Regions.

------------------------------
Reporting congestion hotspots
------------------------------
Direction: North
----------------
Congested clusters found at Level 0
Effective congestion level: 0 Aspect Ratio: 1 Sparse Ratio: 0
Direction: South
----------------
Congested clusters found at Level 0
Effective congestion level: 0 Aspect Ratio: 1 Sparse Ratio: 0
Direction: East
----------------
Congested clusters found at Level 0
Effective congestion level: 0 Aspect Ratio: 1 Sparse Ratio: 0
Direction: West
----------------
Congested clusters found at Level 0
Effective congestion level: 0 Aspect Ratio: 1 Sparse Ratio: 0

Phase 9 Route finalize | Checksum: 280ff96a4

Time (s): cpu = 00:01:04 ; elapsed = 00:01:01 . Memory (MB): peak = 2006.137 ; gain = 0.000

Phase 10 Verifying routed nets

 Verification completed successfully
Phase 10 Verifying routed nets | Checksum: 280ff96a4

Time (s): cpu = 00:01:04 ; elapsed = 00:01:01 . Memory (MB): peak = 2006.137 ; gain = 0.000

Phase 11 Depositing Routes
Phase 11 Depositing Routes | Checksum: 1cf4de2f0

Time (s): cpu = 00:01:05 ; elapsed = 00:01:01 . Memory (MB): peak = 2006.137 ; gain = 0.000

Phase 12 Incr Placement Change
Netlist sorting complete. Time (s): cpu = 00:00:00 ; elapsed = 00:00:00 . Memory (MB): peak = 2006.137 ; gain = 0.000
INFO: [Place 30-746] Post Placement Timing Summary WNS=-0.184. For the most accurate timing information please run report_timing.
Ending IncrPlace Task | Checksum: 1dbd1872c

Time (s): cpu = 00:04:12 ; elapsed = 00:04:20 . Memory (MB): peak = 2006.137 ; gain = 0.000
Google Cpuprofiler is only supported on Linux.
Phase 12 Incr Placement Change | Checksum: 1dbd1872c

Time (s): cpu = 00:05:17 ; elapsed = 00:05:21 . Memory (MB): peak = 2006.137 ; gain = 0.000

Phase 13 Build RT Design
Checksum: PlaceDB: 703ec720 ConstDB: 0 ShapeSum: 8f6fb180 RouteDB: dc230e8c
Post Restoration Checksum: NetGraph: e904a9e | NumContArr: 9e126169 | Constraints: c2a8fa9d | Timing: c2a8fa9d
Phase 13 Build RT Design | Checksum: 231f4a141

Time (s): cpu = 00:05:17 ; elapsed = 00:05:22 . Memory (MB): peak = 2006.137 ; gain = 0.000

Phase 14 Router Initialization

Phase 14.1 Fix Topology Constraints
Phase 14.1 Fix Topology Constraints | Checksum: 231f4a141

Time (s): cpu = 00:05:18 ; elapsed = 00:05:22 . Memory (MB): peak = 2006.137 ; gain = 0.000

Phase 14.2 Pre Route Cleanup
Phase 14.2 Pre Route Cleanup | Checksum: 231f4a141

Time (s): cpu = 00:05:18 ; elapsed = 00:05:22 . Memory (MB): peak = 2006.137 ; gain = 0.000

Phase 14.3 Timing Verification

Phase 14.3.1 Update Timing
Phase 14.3.1 Update Timing | Checksum: 282155d8e

Time (s): cpu = 00:05:19 ; elapsed = 00:05:22 . Memory (MB): peak = 2006.137 ; gain = 0.000
INFO: [Route 35-416] Intermediate Timing Summary | WNS=-0.146 | TNS=-1.021 | WHS=0.171  | THS=0.000  |

Phase 14.3 Timing Verification | Checksum: 282155d8e

Time (s): cpu = 00:05:19 ; elapsed = 00:05:22 . Memory (MB): peak = 2006.137 ; gain = 0.000
 Number of Nodes with overlaps = 0

Phase 14.4 Update Timing
Phase 14.4 Update Timing | Checksum: 2383c8f59

Time (s): cpu = 00:05:19 ; elapsed = 00:05:23 . Memory (MB): peak = 2006.137 ; gain = 0.000
INFO: [Route 35-416] Intermediate Timing Summary | WNS=-0.301 | TNS=-3.215 | WHS=-0.121 | THS=-6.909 |


Phase 14.5 Soft Constraint Pins - Fast Budgeting
Phase 14.5 Soft Constraint Pins - Fast Budgeting | Checksum: 163ea41c1

Time (s): cpu = 00:05:19 ; elapsed = 00:05:23 . Memory (MB): peak = 2006.137 ; gain = 0.000

Router Utilization Summary
  Global Vertical Routing Utilization    = 0.0737289 %
  Global Horizontal Routing Utilization  = 0.115027 %
  Routable Net Status*
  *Does not include unroutable nets such as driverless and loadless.
  Run report_route_status for detailed report.
  Number of Failed Nets               = 0
    (Failed Nets is the sum of unrouted and partially routed nets)
  Number of Unrouted Nets             = 0
  Number of Partially Routed Nets     = 0
  Number of Node Overlaps             = 0

Phase 14 Router Initialization | Checksum: 163ea41c1

Time (s): cpu = 00:05:20 ; elapsed = 00:05:23 . Memory (MB): peak = 2006.137 ; gain = 0.000

Phase 15 Global Routing
Phase 15 Global Routing | Checksum: 163ea41c1

Time (s): cpu = 00:05:20 ; elapsed = 00:05:23 . Memory (MB): peak = 2006.137 ; gain = 0.000

Phase 16 Initial Routing

Phase 16.1 Initial Net Routing Pass
 Number of Nodes with overlaps = 0
Phase 16.1 Initial Net Routing Pass | Checksum: 163ea41c1

Time (s): cpu = 00:05:20 ; elapsed = 00:05:23 . Memory (MB): peak = 2006.137 ; gain = 0.000
Phase 16 Initial Routing | Checksum: 163ea41c1

Time (s): cpu = 00:05:20 ; elapsed = 00:05:23 . Memory (MB): peak = 2006.137 ; gain = 0.000
INFO: [Route 35-580] Design has 15 pins with tight setup and hold constraints.

The top 5 pins with tight setup and hold constraints:

+====================+===================+==============================================================+
| Launch Setup Clock | Launch Hold Clock | Pin                                                          |
+====================+===================+==============================================================+
| sys_clk            | sys_clk           | genblk1[0].mac_pipeline_inst/accumulation_stage_reg[3]/B[8]  |
| sys_clk            | sys_clk           | genblk1[0].mac_pipeline_inst/accumulation_stage_reg[6]/B[17] |
| sys_clk            | sys_clk           | genblk1[0].mac_pipeline_inst/accumulation_stage_reg[6]/B[16] |
| sys_clk            | sys_clk           | controller_inst/FSM_sequential_current_state_reg[0]/D        |
| sys_clk            | sys_clk           | controller_inst/compute_counter_reg[5]/D                     |
+--------------------+-------------------+--------------------------------------------------------------+

File with complete list of pins: tight_setup_hold_pins.txt


Phase 17 Rip-up And Reroute

Phase 17.1 Global Iteration 0
INFO: [Route 35-416] Intermediate Timing Summary | WNS=-0.299 | TNS=-3.170 | WHS=N/A    | THS=N/A    |

Phase 17.1 Global Iteration 0 | Checksum: 25a21b3dc

Time (s): cpu = 00:05:20 ; elapsed = 00:05:24 . Memory (MB): peak = 2006.137 ; gain = 0.000

Phase 17.2 Global Iteration 1
 Number of Nodes with overlaps = 1
 Number of Nodes with overlaps = 1
 Number of Nodes with overlaps = 2
 Number of Nodes with overlaps = 2
 Number of Nodes with overlaps = 2
 Number of Nodes with overlaps = 2
 Number of Nodes with overlaps = 1
 Number of Nodes with overlaps = 1
 Number of Nodes with overlaps = 1
 Number of Nodes with overlaps = 1
 Number of Nodes with overlaps = 1
 Number of Nodes with overlaps = 0
INFO: [Route 35-416] Intermediate Timing Summary | WNS=-0.220 | TNS=-1.846 | WHS=N/A    | THS=N/A    |

Phase 17.2 Global Iteration 1 | Checksum: 29b2ed997

Time (s): cpu = 00:05:21 ; elapsed = 00:05:24 . Memory (MB): peak = 2006.137 ; gain = 0.000

Phase 17.3 Global Iteration 2
 Number of Nodes with overlaps = 1
 Number of Nodes with overlaps = 2
 Number of Nodes with overlaps = 2
 Number of Nodes with overlaps = 2
 Number of Nodes with overlaps = 1
 Number of Nodes with overlaps = 0
INFO: [Route 35-416] Intermediate Timing Summary | WNS=-0.220 | TNS=-1.846 | WHS=N/A    | THS=N/A    |

Phase 17.3 Global Iteration 2 | Checksum: 21eb13f88

Time (s): cpu = 00:05:21 ; elapsed = 00:05:24 . Memory (MB): peak = 2006.137 ; gain = 0.000
Phase 17 Rip-up And Reroute | Checksum: 21eb13f88

Time (s): cpu = 00:05:21 ; elapsed = 00:05:24 . Memory (MB): peak = 2006.137 ; gain = 0.000

Phase 18 Delay and Skew Optimization

Phase 18.1 Delay CleanUp

Phase 18.1.1 Update Timing
Phase 18.1.1 Update Timing | Checksum: 29a4e8d9d

Time (s): cpu = 00:05:21 ; elapsed = 00:05:24 . Memory (MB): peak = 2006.137 ; gain = 0.000
INFO: [Route 35-416] Intermediate Timing Summary | WNS=-0.106 | TNS=-0.585 | WHS=N/A    | THS=N/A    |

 Number of Nodes with overlaps = 0
Phase 18.1 Delay CleanUp | Checksum: 2ab46cb2a

Time (s): cpu = 00:05:21 ; elapsed = 00:05:24 . Memory (MB): peak = 2006.137 ; gain = 0.000

Phase 18.2 Clock Skew Optimization
Phase 18.2 Clock Skew Optimization | Checksum: 2ab46cb2a

Time (s): cpu = 00:05:21 ; elapsed = 00:05:24 . Memory (MB): peak = 2006.137 ; gain = 0.000
Phase 18 Delay and Skew Optimization | Checksum: 2ab46cb2a

Time (s): cpu = 00:05:21 ; elapsed = 00:05:24 . Memory (MB): peak = 2006.137 ; gain = 0.000

Phase 19 Post Hold Fix

Phase 19.1 Hold Fix Iter
INFO: [Route 35-416] Intermediate Timing Summary | WNS=-0.106 | TNS=-0.585 | WHS=0.171  | THS=0.000  |

Phase 19.1 Hold Fix Iter | Checksum: 2636c99af

Time (s): cpu = 00:05:22 ; elapsed = 00:05:24 . Memory (MB): peak = 2006.137 ; gain = 0.000
Phase 19 Post Hold Fix | Checksum: 2636c99af

Time (s): cpu = 00:05:22 ; elapsed = 00:05:24 . Memory (MB): peak = 2006.137 ; gain = 0.000

Phase 20 Timing Verification

Phase 20.1 Update Timing
Phase 20.1 Update Timing | Checksum: 2636c99af

Time (s): cpu = 00:05:22 ; elapsed = 00:05:25 . Memory (MB): peak = 2006.137 ; gain = 0.000
INFO: [Route 35-416] Intermediate Timing Summary | WNS=-0.106 | TNS=-0.585 | WHS=0.171  | THS=0.000  |

Phase 20 Timing Verification | Checksum: 2636c99af

Time (s): cpu = 00:05:22 ; elapsed = 00:05:25 . Memory (MB): peak = 2006.137 ; gain = 0.000

Phase 21 Route finalize

Router Utilization Summary
  Global Vertical Routing Utilization    = 0.0736253 %
  Global Horizontal Routing Utilization  = 0.114858 %
  Routable Net Status*
  *Does not include unroutable nets such as driverless and loadless.
  Run report_route_status for detailed report.
  Number of Failed Nets               = 0
    (Failed Nets is the sum of unrouted and partially routed nets)
  Number of Unrouted Nets             = 0
  Number of Partially Routed Nets     = 0
  Number of Node Overlaps             = 0


--GLOBAL Congestion:
Utilization threshold used for congestion level computation: 0.85
Congestion Report
North Dir 1x1 Area, Max Cong = 31.5315%, No Congested Regions.
South Dir 1x1 Area, Max Cong = 24.3243%, No Congested Regions.
East Dir 1x1 Area, Max Cong = 33.8235%, No Congested Regions.
West Dir 1x1 Area, Max Cong = 22.0588%, No Congested Regions.

------------------------------
Reporting congestion hotspots
------------------------------
Direction: North
----------------
Congested clusters found at Level 0
Effective congestion level: 0 Aspect Ratio: 1 Sparse Ratio: 0
Direction: South
----------------
Congested clusters found at Level 0
Effective congestion level: 0 Aspect Ratio: 1 Sparse Ratio: 0
Direction: East
----------------
Congested clusters found at Level 0
Effective congestion level: 0 Aspect Ratio: 1 Sparse Ratio: 0
Direction: West
----------------
Congested clusters found at Level 0
Effective congestion level: 0 Aspect Ratio: 1 Sparse Ratio: 0

Phase 21 Route finalize | Checksum: 2636c99af

Time (s): cpu = 00:05:22 ; elapsed = 00:05:25 . Memory (MB): peak = 2006.137 ; gain = 0.000

Phase 22 Verifying routed nets

 Verification completed successfully
Phase 22 Verifying routed nets | Checksum: 2636c99af

Time (s): cpu = 00:05:22 ; elapsed = 00:05:25 . Memory (MB): peak = 2006.137 ; gain = 0.000

Phase 23 Depositing Routes
Phase 23 Depositing Routes | Checksum: 29da4f082

Time (s): cpu = 00:05:22 ; elapsed = 00:05:25 . Memory (MB): peak = 2006.137 ; gain = 0.000

Phase 24 Post Process Routing
Phase 24 Post Process Routing | Checksum: 29da4f082

Time (s): cpu = 00:05:22 ; elapsed = 00:05:25 . Memory (MB): peak = 2006.137 ; gain = 0.000

Phase 25 Post Router Timing
INFO: [Route 35-20] Post Routing Timing Summary | WNS=-0.105 | TNS=-0.570 | WHS=0.171  | THS=0.000  |

Phase 25 Post Router Timing | Checksum: 31c5710c4

Time (s): cpu = 00:05:22 ; elapsed = 00:05:25 . Memory (MB): peak = 2006.137 ; gain = 0.000
WARNING: [Route 35-39] The design did not meet timing requirements. Please run report_timing_summary for detailed reports.
Resolution: Verify that the timing was met or had small violations at all previous steps (synthesis, placement, power_opt, and phys_opt). Run report_timing_summary and analyze individual timing paths.
INFO: [Route 35-253] TNS is the sum of the worst slack violation on every endpoint in the design. Review the paths with the biggest WNS violations in the timing reports and modify your constraints or your design to improve both WNS and TNS.
Total Elapsed time in route_design: 325.011 secs

Phase 26 Post-Route Event Processing
Phase 26 Post-Route Event Processing | Checksum: 205e28ca7

Time (s): cpu = 00:05:22 ; elapsed = 00:05:25 . Memory (MB): peak = 2006.137 ; gain = 0.000
INFO: [Route 35-16] Router Completed Successfully
Ending Routing Task | Checksum: 205e28ca7

Time (s): cpu = 00:05:22 ; elapsed = 00:05:25 . Memory (MB): peak = 2006.137 ; gain = 0.000

Routing Is Done.
INFO: [Common 17-83] Releasing license: Vivado_Implementation
211 Infos, 7 Warnings, 0 Critical Warnings and 0 Errors encountered.
route_design completed successfully
route_design: Time (s): cpu = 00:05:23 ; elapsed = 00:05:26 . Memory (MB): peak = 2006.137 ; gain = 0.000
INFO: [Vivado 12-24828] Executing command : report_drc -file cnn_top_drc_routed.rpt -pb cnn_top_drc_routed.pb -rpx cnn_top_drc_routed.rpx
Command: report_drc -file cnn_top_drc_routed.rpt -pb cnn_top_drc_routed.pb -rpx cnn_top_drc_routed.rpx
INFO: [IP_Flow 19-1839] IP Catalog is up to date.
INFO: [DRC 23-27] Running DRC with 2 threads
INFO: [Vivado_Tcl 2-168] The results of DRC are in file C:/Users/Amir/Downloads/LAST_VERISON/LAST_VERISON/final_project/final_project.runs/impl_10/cnn_top_drc_routed.rpt.
report_drc completed successfully
INFO: [Vivado 12-24828] Executing command : report_methodology -file cnn_top_methodology_drc_routed.rpt -pb cnn_top_methodology_drc_routed.pb -rpx cnn_top_methodology_drc_routed.rpx
Command: report_methodology -file cnn_top_methodology_drc_routed.rpt -pb cnn_top_methodology_drc_routed.pb -rpx cnn_top_methodology_drc_routed.rpx
INFO: [Timing 38-35] Done setting XDC timing constraints.
INFO: [DRC 23-133] Running Methodology with 2 threads
INFO: [Vivado_Tcl 2-1520] The results of Report Methodology are in file C:/Users/Amir/Downloads/LAST_VERISON/LAST_VERISON/final_project/final_project.runs/impl_10/cnn_top_methodology_drc_routed.rpt.
report_methodology completed successfully
INFO: [Vivado 12-24828] Executing command : report_timing_summary -max_paths 10 -routable_nets -report_unconstrained -file cnn_top_timing_summary_routed.rpt -pb cnn_top_timing_summary_routed.pb -rpx cnn_top_timing_summary_routed.rpx
INFO: [Timing 38-35] Done setting XDC timing constraints.
INFO: [Timing 38-91] UpdateTimingParams: Speed grade: -1, Delay Type: min_max.
INFO: [Timing 38-191] Multithreading enabled for timing update using a maximum of 2 CPUs
INFO: [Vivado 12-24838] Running report commands "report_incremental_reuse, report_route_status" in parallel.
Running report generation with 2 threads.
INFO: [Vivado 12-24828] Executing command : report_incremental_reuse -file cnn_top_incremental_reuse_routed.rpt
INFO: [Vivado_Tcl 4-1062] Incremental flow is disabled. No incremental reuse Info to report.
INFO: [Vivado 12-24828] Executing command : report_route_status -file cnn_top_route_status.rpt -pb cnn_top_route_status.pb
INFO: [Vivado 12-24828] Executing command : report_power -file cnn_top_power_routed.rpt -pb cnn_top_power_summary_routed.pb -rpx cnn_top_power_routed.rpx
Command: report_power -file cnn_top_power_routed.rpt -pb cnn_top_power_summary_routed.pb -rpx cnn_top_power_routed.rpx
WARNING: [Power 33-697] Either vcco_ddr is an Invalid voltage source or a power rail that is not been created.
WARNING: [Power 33-697] Either vcco_mio0 is an Invalid voltage source or a power rail that is not been created.
WARNING: [Power 33-697] Either vcco_mio1 is an Invalid voltage source or a power rail that is not been created.
Running Vector-less Activity Propagation...

Finished Running Vector-less Activity Propagation
228 Infos, 10 Warnings, 0 Critical Warnings and 0 Errors encountered.
report_power completed successfully
INFO: [Vivado 12-24828] Executing command : report_clock_utilization -file cnn_top_clock_utilization_routed.rpt
INFO: [Vivado 12-24828] Executing command : report_bus_skew -warn_on_violation -file cnn_top_bus_skew_routed.rpt -pb cnn_top_bus_skew_routed.pb -rpx cnn_top_bus_skew_routed.rpx
INFO: [Timing 38-91] UpdateTimingParams: Speed grade: -1, Delay Type: min_max.
INFO: [Timing 38-191] Multithreading enabled for timing update using a maximum of 2 CPUs
generate_parallel_reports: Time (s): cpu = 00:00:10 ; elapsed = 00:00:08 . Memory (MB): peak = 2006.137 ; gain = 0.000
INFO: [Timing 38-480] Writing timing data to binary archive.
Write ShapeDB Complete: Time (s): cpu = 00:00:00 ; elapsed = 00:00:00.002 . Memory (MB): peak = 2006.137 ; gain = 0.000
Wrote PlaceDB: Time (s): cpu = 00:00:00 ; elapsed = 00:00:00 . Memory (MB): peak = 2006.137 ; gain = 0.000
Wrote PulsedLatchDB: Time (s): cpu = 00:00:00 ; elapsed = 00:00:00.001 . Memory (MB): peak = 2006.137 ; gain = 0.000
Writing XDEF routing.
Writing XDEF routing logical nets.
Writing XDEF routing special nets.
Wrote RouteStorage: Time (s): cpu = 00:00:01 ; elapsed = 00:00:00.061 . Memory (MB): peak = 2006.137 ; gain = 0.000
Wrote PlaceStorage: Time (s): cpu = 00:00:00 ; elapsed = 00:00:00.025 . Memory (MB): peak = 2006.137 ; gain = 0.000
Wrote Netlist Cache: Time (s): cpu = 00:00:00 ; elapsed = 00:00:00.001 . Memory (MB): peak = 2006.137 ; gain = 0.000
Wrote Device Cache: Time (s): cpu = 00:00:00 ; elapsed = 00:00:00.015 . Memory (MB): peak = 2006.137 ; gain = 0.000
Write Physdb Complete: Time (s): cpu = 00:00:01 ; elapsed = 00:00:00.123 . Memory (MB): peak = 2006.137 ; gain = 0.000
INFO: [Common 17-1381] The checkpoint 'C:/Users/Amir/Downloads/LAST_VERISON/LAST_VERISON/final_project/final_project.runs/impl_10/cnn_top_routed.dcp' has been generated.
Command: phys_opt_design -directive AggressiveExplore
Attempting to get a license for feature 'Vivado_Implementation' and/or device 'xc7z020'
INFO: [Common 17-349] Got license for feature 'Vivado_Implementation' and/or device 'xc7z020'
INFO: [Vivado_Tcl 4-241] Physical synthesis in post route mode 
INFO: [Vivado_Tcl 4-137] Directive used for phys_opt_design is: AggressiveExplore
INFO: [Vivado_Tcl 4-1435] PhysOpt_Tcl_Interface Runtime Before Starting Physical Synthesis Task | CPU: 0.00s |  WALL: 0.05s
INFO: [DRC 23-27] Running DRC with 2 threads
INFO: [Vivado_Tcl 4-198] DRC finished with 0 Errors
INFO: [Vivado_Tcl 4-199] Please refer to the DRC report (report_drc) for more information.
Netlist sorting complete. Time (s): cpu = 00:00:00 ; elapsed = 00:00:00.001 . Memory (MB): peak = 2006.137 ; gain = 0.000

Starting Physical Synthesis Task

Phase 1 Physical Synthesis Initialization
INFO: [Physopt 32-721] Multithreading enabled for phys_opt_design using a maximum of 2 CPUs
INFO: [Physopt 32-668] Current Timing Summary | WNS=-0.105 | TNS=-0.570 | WHS=0.171 | THS=0.000 |
Phase 1 Physical Synthesis Initialization | Checksum: 2383ee60d

Time (s): cpu = 00:00:01 ; elapsed = 00:00:00.414 . Memory (MB): peak = 2006.137 ; gain = 0.000

Phase 2 Critical Path Optimization
INFO: [Physopt 32-668] Current Timing Summary | WNS=-0.105 | TNS=-0.570 | WHS=0.171 | THS=0.000 |
INFO: [Physopt 32-953] Path group WNS did not improve. Path group: sys_clk. Processed net: genblk1[0].mac_pipeline_inst/accumulation_stage_reg_n_153_[8].
INFO: [Physopt 32-703] Processed net kernel_memory_inst/kernel_counter_reg[1]. Clock skew was adjusted for instance kernel_memory_inst/kernel_counter_reg[1].
INFO: [Physopt 32-952] Improved path group WNS = -0.087. Path group: sys_clk. Processed net: kernel_memory_inst/kernel_counter_reg[1].
INFO: [Physopt 32-953] Path group WNS did not improve. Path group: sys_clk. Processed net: kernel_memory_inst/kernel_counter_reg[1].
INFO: [Physopt 32-703] Processed net kernel_memory_inst/kernel_counter_reg[0]. Clock skew was adjusted for instance kernel_memory_inst/kernel_counter_reg[0].
INFO: [Physopt 32-735] Processed net kernel_memory_inst/kernel_counter_reg[0]. Optimization improves timing on the net.
INFO: [Physopt 32-668] Current Timing Summary | WNS=0.005 | TNS=0.000 | WHS=0.138 | THS=0.000 |
INFO: [Physopt 32-668] Current Timing Summary | WNS=0.005 | TNS=0.000 | WHS=0.138 | THS=0.000 |
Netlist sorting complete. Time (s): cpu = 00:00:00 ; elapsed = 00:00:00 . Memory (MB): peak = 2006.137 ; gain = 0.000
Phase 2 Critical Path Optimization | Checksum: 2383ee60d

Time (s): cpu = 00:01:03 ; elapsed = 00:00:58 . Memory (MB): peak = 2006.137 ; gain = 0.000

Phase 3 Hold Fix Optimization
INFO: [Physopt 32-668] Current Timing Summary | WNS=0.005 | TNS=0.000 | WHS=0.138 | THS=0.000 |
INFO: [Physopt 32-1493] The number of hold_fix net fail limit is 5.
INFO: [Physopt 32-66] No high hold slack nets found for hold slack optimization.
INFO: [Physopt 32-668] Current Timing Summary | WNS=0.005 | TNS=0.000 | WHS=0.138 | THS=0.000 |
Phase 3 Hold Fix Optimization | Checksum: 2383ee60d

Time (s): cpu = 00:01:03 ; elapsed = 00:00:58 . Memory (MB): peak = 2006.137 ; gain = 0.000
Netlist sorting complete. Time (s): cpu = 00:00:00 ; elapsed = 00:00:00 . Memory (MB): peak = 2006.137 ; gain = 0.000
INFO: [Physopt 32-669] Post Physical Optimization Timing Summary | WNS=0.005 | TNS=0.000 | WHS=0.138 | THS=0.000 |

Summary of Physical Synthesis Optimizations
============================================


-------------------------------------------------------------------------------------------------------------------------------------------------------------
|  Optimization   |  WNS Gain (ns)  |  TNS Gain (ns)  |  Added Cells  |  Removed Cells  |  Optimized Cells/Nets  |  Dont Touch  |  Iterations  |  Elapsed   |
-------------------------------------------------------------------------------------------------------------------------------------------------------------
|  Critical Path  |          0.109  |          0.570  |            0  |              0  |                     2  |           0  |           1  |  00:00:58  |
-------------------------------------------------------------------------------------------------------------------------------------------------------------


Summary of Hold Fix Optimizations
=================================


--------------------------------------------------------------------------------------------------------------------------------------------------------------
|  Optimization               |  WHS Gain (ns)  |  THS Gain (ns)  |  Added LUTs  |  Added FFs  |  Optimized Nets  |  Dont Touch  |  Iterations  |  Elapsed   |
--------------------------------------------------------------------------------------------------------------------------------------------------------------
|  LUT1 and ZHOLD Insertion   |          0.000  |          0.000  |           0  |          0  |               0  |           0  |           0  |  00:00:00  |
|  Total                      |          0.000  |          0.000  |           0  |          0  |               0  |           0  |           0  |  00:00:00  |
--------------------------------------------------------------------------------------------------------------------------------------------------------------


Netlist sorting complete. Time (s): cpu = 00:00:00 ; elapsed = 00:00:00 . Memory (MB): peak = 2006.137 ; gain = 0.000
Ending Physical Synthesis Task | Checksum: 12fbd9d93

Time (s): cpu = 00:01:03 ; elapsed = 00:00:58 . Memory (MB): peak = 2006.137 ; gain = 0.000
INFO: [Common 17-83] Releasing license: Vivado_Implementation
258 Infos, 10 Warnings, 0 Critical Warnings and 0 Errors encountered.
phys_opt_design completed successfully
phys_opt_design: Time (s): cpu = 00:01:03 ; elapsed = 00:00:59 . Memory (MB): peak = 2006.137 ; gain = 0.000
INFO: [Vivado 12-24828] Executing command : report_timing_summary -max_paths 10 -report_unconstrained -warn_on_violation -file cnn_top_timing_summary_postroute_physopted.rpt -pb cnn_top_timing_summary_postroute_physopted.pb -rpx cnn_top_timing_summary_postroute_physopted.rpx
INFO: [Timing 38-91] UpdateTimingParams: Speed grade: -1, Delay Type: min_max.
INFO: [Timing 38-191] Multithreading enabled for timing update using a maximum of 2 CPUs
INFO: [Vivado 12-24828] Executing command : report_bus_skew -warn_on_violation -file cnn_top_bus_skew_postroute_physopted.rpt -pb cnn_top_bus_skew_postroute_physopted.pb -rpx cnn_top_bus_skew_postroute_physopted.rpx
INFO: [Timing 38-91] UpdateTimingParams: Speed grade: -1, Delay Type: min_max.
INFO: [Timing 38-191] Multithreading enabled for timing update using a maximum of 2 CPUs
INFO: [Timing 38-480] Writing timing data to binary archive.
Write ShapeDB Complete: Time (s): cpu = 00:00:00 ; elapsed = 00:00:00.004 . Memory (MB): peak = 2006.137 ; gain = 0.000
Wrote PlaceDB: Time (s): cpu = 00:00:00 ; elapsed = 00:00:00 . Memory (MB): peak = 2006.137 ; gain = 0.000
Wrote PulsedLatchDB: Time (s): cpu = 00:00:00 ; elapsed = 00:00:00 . Memory (MB): peak = 2006.137 ; gain = 0.000
Writing XDEF routing.
Writing XDEF routing logical nets.
Writing XDEF routing special nets.
Wrote RouteStorage: Time (s): cpu = 00:00:00 ; elapsed = 00:00:00.065 . Memory (MB): peak = 2006.137 ; gain = 0.000
Wrote PlaceStorage: Time (s): cpu = 00:00:00 ; elapsed = 00:00:00.026 . Memory (MB): peak = 2006.137 ; gain = 0.000
Wrote Netlist Cache: Time (s): cpu = 00:00:00 ; elapsed = 00:00:00.002 . Memory (MB): peak = 2006.137 ; gain = 0.000
Wrote Device Cache: Time (s): cpu = 00:00:00 ; elapsed = 00:00:00.016 . Memory (MB): peak = 2006.137 ; gain = 0.000
Write Physdb Complete: Time (s): cpu = 00:00:00 ; elapsed = 00:00:00.128 . Memory (MB): peak = 2006.137 ; gain = 0.000
INFO: [Common 17-1381] The checkpoint 'C:/Users/Amir/Downloads/LAST_VERISON/LAST_VERISON/final_project/final_project.runs/impl_10/cnn_top_postroute_physopt.dcp' has been generated.
INFO: [Common 17-206] Exiting Vivado at Tue Sep 15 18:41:37 2026...
