Vivado Simulator 2019.1
Copyright 1986-1999, 2001-2019 Xilinx, Inc. All Rights Reserved.
Running: /home/Xilinx/Vivado/2019.1/bin/unwrapped/lnx64.o/xelab -wto e5abda5f0131475287e477b25e789f91 --incr --debug typical --relax --mt 8 -L xil_defaultlib -L unisims_ver -L secureip --snapshot cnn_top_tb_func_impl xil_defaultlib.cnn_top_tb xil_defaultlib.glbl -log elaborate.log 
Using 8 slave threads.
Starting static elaboration
Completed static elaboration
Starting simulation data flow analysis
Completed simulation data flow analysis
Time Resolution for simulation is 1ps
Compiling module unisims_ver.BUFG
Compiling module unisims_ver.IBUF
Compiling module unisims_ver.LUT6
Compiling module unisims_ver.LUT4
Compiling module unisims_ver.x_lut3_mux8
Compiling module unisims_ver.LUT3
Compiling module unisims_ver.x_lut1_mux2
Compiling module unisims_ver.LUT1
Compiling module unisims_ver.FDPE_default
Compiling module unisims_ver.FDCE_default
Compiling module unisims_ver.LUT5
Compiling module unisims_ver.x_lut2_mux4
Compiling module unisims_ver.LUT2
Compiling module xil_defaultlib.cnn_controller
Compiling module unisims_ver.OBUF
Compiling module unisims_ver.FDRE_default
Compiling module xil_defaultlib.kernel_coeff_memory
Compiling module unisims_ver.DSP48E1(ACASCREG=2,ALUMODEREG=0,...
Compiling module unisims_ver.DSP48E1(ACASCREG=2,ALUMODEREG=0,...
Compiling module xil_defaultlib.tree_nxn
Compiling module unisims_ver.SRL16E_default
Compiling module xil_defaultlib.line_buffer
Compiling module unisims_ver.SRLC32E_default
Compiling module xil_defaultlib.line_buffer_0
Compiling module xil_defaultlib.window_nxn
Compiling module xil_defaultlib.cnn_top
Compiling module xil_defaultlib.cnn_top_tb
Compiling module xil_defaultlib.glbl
Built simulation snapshot cnn_top_tb_func_impl
