
*** Running vivado
    with args -log cnn_top.vds -m64 -product Vivado -mode batch -messageDb vivado.pb -notrace -source cnn_top.tcl


INFO: [Common 17-3922] A valid Vivado Design Suite BASIC license has been detected. Your current license is active and will expire on 09-sep-2027.
#-----------------------------------------------------------
# Vivado v2026.1 (64-bit)
# SW Build 6511674 on Tue Jun 16 11:02:23 MDT 2026
# IP Build 6504888 on Tue Jun 09 09:05:25 MDT 2026
# SharedData Build 6501428 on Mon Jun 08 17:34:18 MDT 2026
# Start of session at: Thu Sep 10 07:09:50 2026
# Process ID         : 13624
# Current directory  : C:/Users/Amir/Downloads/LAST_VERISON/LAST_VERISON/project_1/project_1.runs/synth_1
# Command line       : vivado.exe -log cnn_top.vds -product Vivado -mode batch -messageDb vivado.pb -notrace -source cnn_top.tcl
# Log file           : C:/Users/Amir/Downloads/LAST_VERISON/LAST_VERISON/project_1/project_1.runs/synth_1/cnn_top.vds
# Journal file       : C:/Users/Amir/Downloads/LAST_VERISON/LAST_VERISON/project_1/project_1.runs/synth_1\vivado.jou
# Running On         : LAPTOP-J12A2TVN
# Platform           : Windows 11
# Operating System   : 26200
# Processor Detail   : 13th Gen Intel(R) Core(TM) i7-13620H
# CPU Frequency      : 2918 MHz
# CPU Physical cores : 10
# CPU Logical cores  : 16
# Host memory        : 16788 MB
# Swap memory        : 7489 MB
# Total Virtual      : 24278 MB
# Available Virtual  : 4674 MB
#-----------------------------------------------------------

****** Vivado v2026.1 (64-bit)
  **** SW Build 6511674 on Tue Jun 16 11:02:23 MDT 2026
  **** IP Build 6504888 on Tue Jun 09 09:05:25 MDT 2026
  **** SharedData Build 6501428 on Mon Jun 08 17:34:18 MDT 2026
  **** Start of session at: Thu Sep 10 07:09:50 2026
    ** Copyright 1986-2022 Xilinx, Inc. All Rights Reserved.
    ** Copyright 2022-2026 Advanced Micro Devices, Inc. All Rights Reserved.

source cnn_top.tcl -notrace
create_project: Time (s): cpu = 00:00:27 ; elapsed = 00:00:16 . Memory (MB): peak = 587.746 ; gain = 265.672
Command: synth_design -top cnn_top -part xc7z020clg400-1
Starting synth_design
Attempting to get a license for feature 'Vivado_Synthesis' and/or device 'xc7z020'
INFO: [Common 17-349] Got license for feature 'Vivado_Synthesis' and/or device 'xc7z020'
INFO: [Device 21-403] Loading part xc7z020clg400-1
INFO: [Designutils 20-5008] Incremental synthesis strategy default
INFO: [Synth 8-7079] Multithreading enabled for synth_design using a maximum of 2 processes.
INFO: [Synth 8-7078] Launching helper process for spawning children vivado processes
INFO: [Synth 8-7075] Helper process launched with PID 13200
---------------------------------------------------------------------------------
Starting RTL Elaboration : Time (s): cpu = 00:00:12 ; elapsed = 00:00:13 . Memory (MB): peak = 1391.164 ; gain = 575.148
---------------------------------------------------------------------------------
INFO: [Synth 8-6157] synthesizing module 'cnn_top' [C:/Users/Amir/Downloads/LAST_VERISON/LAST_VERISON/rtl/cnn_top.v:1]
INFO: [Synth 8-6157] synthesizing module 'tree_nxn' [C:/Users/Amir/Downloads/LAST_VERISON/LAST_VERISON/rtl/tree_nxn.v:1]
	Parameter N bound to: 3 - type: integer 
	Parameter PIXEL_BITS bound to: 8 - type: integer 
INFO: [Synth 8-6155] done synthesizing module 'tree_nxn' (0#1) [C:/Users/Amir/Downloads/LAST_VERISON/LAST_VERISON/rtl/tree_nxn.v:1]
INFO: [Synth 8-6157] synthesizing module 'output_stage' [C:/Users/Amir/Downloads/LAST_VERISON/LAST_VERISON/rtl/output_stage.v:1]
	Parameter DATA_WIDTH bound to: 20 - type: integer 
	Parameter RELU_EN bound to: 1 - type: integer 
INFO: [Synth 8-6155] done synthesizing module 'output_stage' (0#1) [C:/Users/Amir/Downloads/LAST_VERISON/LAST_VERISON/rtl/output_stage.v:1]
INFO: [Synth 8-6157] synthesizing module 'cnn_controller' [C:/Users/Amir/Downloads/LAST_VERISON/LAST_VERISON/rtl/cnn_controller.v:1]
	Parameter N bound to: 3 - type: integer 
	Parameter IMG_WIDTH bound to: 32 - type: integer 
INFO: [Synth 8-226] default block is never used [C:/Users/Amir/Downloads/LAST_VERISON/LAST_VERISON/rtl/cnn_controller.v:23]
INFO: [Synth 8-6155] done synthesizing module 'cnn_controller' (0#1) [C:/Users/Amir/Downloads/LAST_VERISON/LAST_VERISON/rtl/cnn_controller.v:1]
INFO: [Synth 8-6157] synthesizing module 'kernel_coeff_memory' [C:/Users/Amir/Downloads/LAST_VERISON/LAST_VERISON/rtl/kernel_coeff_memory.v:1]
	Parameter N bound to: 3 - type: integer 
	Parameter PIXEL_BITS bound to: 8 - type: integer 
	Parameter NUM_KERNELS bound to: 1 - type: integer 
INFO: [Synth 8-6155] done synthesizing module 'kernel_coeff_memory' (0#1) [C:/Users/Amir/Downloads/LAST_VERISON/LAST_VERISON/rtl/kernel_coeff_memory.v:1]
INFO: [Synth 8-6157] synthesizing module 'window_nxn' [C:/Users/Amir/Downloads/LAST_VERISON/LAST_VERISON/rtl/window_nxn.v:1]
	Parameter N bound to: 3 - type: integer 
	Parameter IMG_WIDTH bound to: 32 - type: integer 
	Parameter PIXEL_BITS bound to: 8 - type: integer 
INFO: [Synth 8-6157] synthesizing module 'line_buffer' [C:/Users/Amir/Downloads/LAST_VERISON/LAST_VERISON/rtl/line_buffer.v:1]
	Parameter DEPTH bound to: 29 - type: integer 
	Parameter PIXEL_BITS bound to: 8 - type: integer 
INFO: [Synth 8-6155] done synthesizing module 'line_buffer' (0#1) [C:/Users/Amir/Downloads/LAST_VERISON/LAST_VERISON/rtl/line_buffer.v:1]
INFO: [Synth 8-6155] done synthesizing module 'window_nxn' (0#1) [C:/Users/Amir/Downloads/LAST_VERISON/LAST_VERISON/rtl/window_nxn.v:1]
INFO: [Synth 8-6155] done synthesizing module 'cnn_top' (0#1) [C:/Users/Amir/Downloads/LAST_VERISON/LAST_VERISON/rtl/cnn_top.v:1]
---------------------------------------------------------------------------------
Finished RTL Elaboration : Time (s): cpu = 00:00:16 ; elapsed = 00:00:17 . Memory (MB): peak = 1516.453 ; gain = 700.438
---------------------------------------------------------------------------------
---------------------------------------------------------------------------------
Start Handling Custom Attributes
---------------------------------------------------------------------------------
---------------------------------------------------------------------------------
Finished Handling Custom Attributes : Time (s): cpu = 00:00:16 ; elapsed = 00:00:17 . Memory (MB): peak = 1516.453 ; gain = 700.438
---------------------------------------------------------------------------------
---------------------------------------------------------------------------------
Finished RTL Optimization Phase 1 : Time (s): cpu = 00:00:16 ; elapsed = 00:00:17 . Memory (MB): peak = 1516.453 ; gain = 700.438
---------------------------------------------------------------------------------
Netlist sorting complete. Time (s): cpu = 00:00:00 ; elapsed = 00:00:00.017 . Memory (MB): peak = 1516.453 ; gain = 0.000
INFO: [Project 1-570] Preparing netlist for logic optimization

Processing XDC Constraints
Initializing timing engine
Parsing XDC File [C:/Users/Amir/Downloads/LAST_VERISON/LAST_VERISON/constrains/timing_constraints.xdc]
Finished Parsing XDC File [C:/Users/Amir/Downloads/LAST_VERISON/LAST_VERISON/constrains/timing_constraints.xdc]
INFO: [Project 1-236] Implementation specific constraints were found while reading constraint file [C:/Users/Amir/Downloads/LAST_VERISON/LAST_VERISON/constrains/timing_constraints.xdc]. These constraints will be ignored for synthesis but will be used in implementation. Impacted constraints are listed in the file [.Xil/cnn_top_propImpl.xdc].
Resolution: To avoid this warning, move constraints listed in [.Xil/cnn_top_propImpl.xdc] to another XDC file and exclude this new file from synthesis with the used_in_synthesis property (File Properties dialog in GUI) and re-run elaboration/synthesis.
Completed Processing XDC Constraints

Netlist sorting complete. Time (s): cpu = 00:00:00 ; elapsed = 00:00:00.001 . Memory (MB): peak = 1536.582 ; gain = 0.000
INFO: [Project 1-111] Unisim Transformation Summary:
No Unisim elements were transformed.

Constraint Validation Runtime : Time (s): cpu = 00:00:00 ; elapsed = 00:00:00.037 . Memory (MB): peak = 1538.570 ; gain = 0.000
---------------------------------------------------------------------------------
Finished Constraint Validation : Time (s): cpu = 00:00:36 ; elapsed = 00:00:37 . Memory (MB): peak = 1538.570 ; gain = 722.555
---------------------------------------------------------------------------------
---------------------------------------------------------------------------------
Start Loading Part and Timing Information
---------------------------------------------------------------------------------
Loading part: xc7z020clg400-1
---------------------------------------------------------------------------------
Finished Loading Part and Timing Information : Time (s): cpu = 00:00:36 ; elapsed = 00:00:37 . Memory (MB): peak = 1538.570 ; gain = 722.555
---------------------------------------------------------------------------------
---------------------------------------------------------------------------------
Start Applying 'set_property' XDC Constraints
---------------------------------------------------------------------------------
---------------------------------------------------------------------------------
Finished applying 'set_property' XDC Constraints : Time (s): cpu = 00:00:36 ; elapsed = 00:00:37 . Memory (MB): peak = 1538.570 ; gain = 722.555
---------------------------------------------------------------------------------
INFO: [Synth 8-802] inferred FSM for state register 'current_state_reg' in module 'cnn_controller'
---------------------------------------------------------------------------------------------------
                   State |                     New Encoding |                Previous Encoding 
---------------------------------------------------------------------------------------------------
                    IDLE |                               01 |                               00
               COMPUTING |                               11 |                               01
                   VALID |                               10 |                               11
                   KREAD |                               00 |                               10
---------------------------------------------------------------------------------------------------
INFO: [Synth 8-3354] encoded FSM with state register 'current_state_reg' using encoding 'sequential' in module 'cnn_controller'
---------------------------------------------------------------------------------
Finished RTL Optimization Phase 2 : Time (s): cpu = 00:00:37 ; elapsed = 00:00:38 . Memory (MB): peak = 1538.570 ; gain = 722.555
---------------------------------------------------------------------------------
---------------------------------------------------------------------------------
Start RTL Component Statistics 
---------------------------------------------------------------------------------
Detailed RTL Component Info : 
+---Adders : 
	   2 Input    7 Bit       Adders := 1     
	   2 Input    4 Bit       Adders := 2     
+---Registers : 
	                9 Bit    Registers := 9     
	                8 Bit    Registers := 104   
	                7 Bit    Registers := 1     
	                4 Bit    Registers := 2     
+---Muxes : 
	   2 Input   20 Bit        Muxes := 2     
	   2 Input    7 Bit        Muxes := 1     
	   2 Input    4 Bit        Muxes := 1     
	   4 Input    2 Bit        Muxes := 1     
	   2 Input    2 Bit        Muxes := 5     
	   2 Input    1 Bit        Muxes := 1     
---------------------------------------------------------------------------------
Finished RTL Component Statistics 
---------------------------------------------------------------------------------
---------------------------------------------------------------------------------
Start Part Resource Summary
---------------------------------------------------------------------------------
Part Resources:
DSPs: 220 (col length:60)
BRAMs: 280 (col length: RAMB18 60 RAMB36 30)
---------------------------------------------------------------------------------
Finished Part Resource Summary
---------------------------------------------------------------------------------
---------------------------------------------------------------------------------
Start Cross Boundary and Area Optimization
---------------------------------------------------------------------------------
DSP Report: Generating DSP genblk1[0].mac_pipeline_inst/accumulation_stage_reg[1], operation Mode is: (A''*B'')'.
DSP Report: register kernel_memory_inst/kernel_coefficients_reg[1] is absorbed into DSP genblk1[0].mac_pipeline_inst/accumulation_stage_reg[1].
DSP Report: register kernel_memory_inst/kernel_coefficients_reg[0] is absorbed into DSP genblk1[0].mac_pipeline_inst/accumulation_stage_reg[1].
DSP Report: register genblk1[0].mac_pipeline_inst/accumulation_stage_reg[1] is absorbed into DSP genblk1[0].mac_pipeline_inst/accumulation_stage_reg[1].
DSP Report: register genblk1[0].mac_pipeline_inst/accumulation_stage_reg[1] is absorbed into DSP genblk1[0].mac_pipeline_inst/accumulation_stage_reg[1].
DSP Report: register genblk1[0].mac_pipeline_inst/accumulation_stage_reg[1] is absorbed into DSP genblk1[0].mac_pipeline_inst/accumulation_stage_reg[1].
DSP Report: register genblk1[0].mac_pipeline_inst/multiplication_result_reg[1] is absorbed into DSP genblk1[0].mac_pipeline_inst/accumulation_stage_reg[1].
DSP Report: operator p_0_out is absorbed into DSP genblk1[0].mac_pipeline_inst/accumulation_stage_reg[1].
DSP Report: Generating DSP genblk1[0].mac_pipeline_inst/accumulation_stage_reg[2], operation Mode is: (PCIN+(A''*B'')')'.
DSP Report: register kernel_memory_inst/kernel_coefficients_reg[2] is absorbed into DSP genblk1[0].mac_pipeline_inst/accumulation_stage_reg[2].
DSP Report: register kernel_memory_inst/kernel_coefficients_reg[1] is absorbed into DSP genblk1[0].mac_pipeline_inst/accumulation_stage_reg[2].
DSP Report: register genblk1[0].mac_pipeline_inst/accumulation_stage_reg[2] is absorbed into DSP genblk1[0].mac_pipeline_inst/accumulation_stage_reg[2].
DSP Report: register genblk1[0].mac_pipeline_inst/accumulation_stage_reg[2] is absorbed into DSP genblk1[0].mac_pipeline_inst/accumulation_stage_reg[2].
DSP Report: register genblk1[0].mac_pipeline_inst/accumulation_stage_reg[2] is absorbed into DSP genblk1[0].mac_pipeline_inst/accumulation_stage_reg[2].
DSP Report: register genblk1[0].mac_pipeline_inst/multiplication_result_reg[2] is absorbed into DSP genblk1[0].mac_pipeline_inst/accumulation_stage_reg[2].
DSP Report: operator p_1_out is absorbed into DSP genblk1[0].mac_pipeline_inst/accumulation_stage_reg[2].
DSP Report: operator p_0_out is absorbed into DSP genblk1[0].mac_pipeline_inst/accumulation_stage_reg[2].
DSP Report: Generating DSP genblk1[0].mac_pipeline_inst/accumulation_stage_reg[3], operation Mode is: (PCIN+(A''*B'')')'.
DSP Report: register kernel_memory_inst/kernel_coefficients_reg[3] is absorbed into DSP genblk1[0].mac_pipeline_inst/accumulation_stage_reg[3].
DSP Report: register kernel_memory_inst/kernel_coefficients_reg[2] is absorbed into DSP genblk1[0].mac_pipeline_inst/accumulation_stage_reg[3].
DSP Report: register genblk1[0].mac_pipeline_inst/accumulation_stage_reg[3] is absorbed into DSP genblk1[0].mac_pipeline_inst/accumulation_stage_reg[3].
DSP Report: register genblk1[0].mac_pipeline_inst/accumulation_stage_reg[3] is absorbed into DSP genblk1[0].mac_pipeline_inst/accumulation_stage_reg[3].
DSP Report: register genblk1[0].mac_pipeline_inst/accumulation_stage_reg[3] is absorbed into DSP genblk1[0].mac_pipeline_inst/accumulation_stage_reg[3].
DSP Report: register genblk1[0].mac_pipeline_inst/multiplication_result_reg[3] is absorbed into DSP genblk1[0].mac_pipeline_inst/accumulation_stage_reg[3].
DSP Report: operator p_1_out is absorbed into DSP genblk1[0].mac_pipeline_inst/accumulation_stage_reg[3].
DSP Report: operator p_0_out is absorbed into DSP genblk1[0].mac_pipeline_inst/accumulation_stage_reg[3].
DSP Report: Generating DSP genblk1[0].mac_pipeline_inst/accumulation_stage_reg[4], operation Mode is: (PCIN+(A''*B'')')'.
DSP Report: register kernel_memory_inst/kernel_coefficients_reg[4] is absorbed into DSP genblk1[0].mac_pipeline_inst/accumulation_stage_reg[4].
DSP Report: register kernel_memory_inst/kernel_coefficients_reg[3] is absorbed into DSP genblk1[0].mac_pipeline_inst/accumulation_stage_reg[4].
DSP Report: register genblk1[0].mac_pipeline_inst/accumulation_stage_reg[4] is absorbed into DSP genblk1[0].mac_pipeline_inst/accumulation_stage_reg[4].
DSP Report: register genblk1[0].mac_pipeline_inst/accumulation_stage_reg[4] is absorbed into DSP genblk1[0].mac_pipeline_inst/accumulation_stage_reg[4].
DSP Report: register genblk1[0].mac_pipeline_inst/accumulation_stage_reg[4] is absorbed into DSP genblk1[0].mac_pipeline_inst/accumulation_stage_reg[4].
DSP Report: register genblk1[0].mac_pipeline_inst/multiplication_result_reg[4] is absorbed into DSP genblk1[0].mac_pipeline_inst/accumulation_stage_reg[4].
DSP Report: operator p_1_out is absorbed into DSP genblk1[0].mac_pipeline_inst/accumulation_stage_reg[4].
DSP Report: operator p_0_out is absorbed into DSP genblk1[0].mac_pipeline_inst/accumulation_stage_reg[4].
DSP Report: Generating DSP genblk1[0].mac_pipeline_inst/accumulation_stage_reg[5], operation Mode is: (PCIN+(A''*B'')')'.
DSP Report: register kernel_memory_inst/kernel_coefficients_reg[5] is absorbed into DSP genblk1[0].mac_pipeline_inst/accumulation_stage_reg[5].
DSP Report: register kernel_memory_inst/kernel_coefficients_reg[4] is absorbed into DSP genblk1[0].mac_pipeline_inst/accumulation_stage_reg[5].
DSP Report: register genblk1[0].mac_pipeline_inst/accumulation_stage_reg[5] is absorbed into DSP genblk1[0].mac_pipeline_inst/accumulation_stage_reg[5].
DSP Report: register genblk1[0].mac_pipeline_inst/accumulation_stage_reg[5] is absorbed into DSP genblk1[0].mac_pipeline_inst/accumulation_stage_reg[5].
DSP Report: register genblk1[0].mac_pipeline_inst/accumulation_stage_reg[5] is absorbed into DSP genblk1[0].mac_pipeline_inst/accumulation_stage_reg[5].
DSP Report: register genblk1[0].mac_pipeline_inst/multiplication_result_reg[5] is absorbed into DSP genblk1[0].mac_pipeline_inst/accumulation_stage_reg[5].
DSP Report: operator p_1_out is absorbed into DSP genblk1[0].mac_pipeline_inst/accumulation_stage_reg[5].
DSP Report: operator p_0_out is absorbed into DSP genblk1[0].mac_pipeline_inst/accumulation_stage_reg[5].
DSP Report: Generating DSP genblk1[0].mac_pipeline_inst/accumulation_stage_reg[6], operation Mode is: (PCIN+(A''*B'')')'.
DSP Report: register kernel_memory_inst/kernel_coefficients_reg[6] is absorbed into DSP genblk1[0].mac_pipeline_inst/accumulation_stage_reg[6].
DSP Report: register kernel_memory_inst/kernel_coefficients_reg[5] is absorbed into DSP genblk1[0].mac_pipeline_inst/accumulation_stage_reg[6].
DSP Report: register genblk1[0].mac_pipeline_inst/accumulation_stage_reg[6] is absorbed into DSP genblk1[0].mac_pipeline_inst/accumulation_stage_reg[6].
DSP Report: register genblk1[0].mac_pipeline_inst/accumulation_stage_reg[6] is absorbed into DSP genblk1[0].mac_pipeline_inst/accumulation_stage_reg[6].
DSP Report: register genblk1[0].mac_pipeline_inst/accumulation_stage_reg[6] is absorbed into DSP genblk1[0].mac_pipeline_inst/accumulation_stage_reg[6].
DSP Report: register genblk1[0].mac_pipeline_inst/multiplication_result_reg[6] is absorbed into DSP genblk1[0].mac_pipeline_inst/accumulation_stage_reg[6].
DSP Report: operator p_1_out is absorbed into DSP genblk1[0].mac_pipeline_inst/accumulation_stage_reg[6].
DSP Report: operator p_0_out is absorbed into DSP genblk1[0].mac_pipeline_inst/accumulation_stage_reg[6].
DSP Report: Generating DSP genblk1[0].mac_pipeline_inst/accumulation_stage_reg[7], operation Mode is: (PCIN+(A''*B'')')'.
DSP Report: register kernel_memory_inst/kernel_coefficients_reg[7] is absorbed into DSP genblk1[0].mac_pipeline_inst/accumulation_stage_reg[7].
DSP Report: register kernel_memory_inst/kernel_coefficients_reg[6] is absorbed into DSP genblk1[0].mac_pipeline_inst/accumulation_stage_reg[7].
DSP Report: register genblk1[0].mac_pipeline_inst/accumulation_stage_reg[7] is absorbed into DSP genblk1[0].mac_pipeline_inst/accumulation_stage_reg[7].
DSP Report: register genblk1[0].mac_pipeline_inst/accumulation_stage_reg[7] is absorbed into DSP genblk1[0].mac_pipeline_inst/accumulation_stage_reg[7].
DSP Report: register genblk1[0].mac_pipeline_inst/accumulation_stage_reg[7] is absorbed into DSP genblk1[0].mac_pipeline_inst/accumulation_stage_reg[7].
DSP Report: register genblk1[0].mac_pipeline_inst/multiplication_result_reg[7] is absorbed into DSP genblk1[0].mac_pipeline_inst/accumulation_stage_reg[7].
DSP Report: operator p_1_out is absorbed into DSP genblk1[0].mac_pipeline_inst/accumulation_stage_reg[7].
DSP Report: operator p_0_out is absorbed into DSP genblk1[0].mac_pipeline_inst/accumulation_stage_reg[7].
DSP Report: Generating DSP genblk1[0].mac_pipeline_inst/accumulation_stage_reg[8], operation Mode is: (PCIN+(A''*B'')')'.
DSP Report: register kernel_memory_inst/kernel_coefficients_reg[8] is absorbed into DSP genblk1[0].mac_pipeline_inst/accumulation_stage_reg[8].
DSP Report: register kernel_memory_inst/kernel_coefficients_reg[7] is absorbed into DSP genblk1[0].mac_pipeline_inst/accumulation_stage_reg[8].
DSP Report: register genblk1[0].mac_pipeline_inst/accumulation_stage_reg[8] is absorbed into DSP genblk1[0].mac_pipeline_inst/accumulation_stage_reg[8].
DSP Report: register genblk1[0].mac_pipeline_inst/accumulation_stage_reg[8] is absorbed into DSP genblk1[0].mac_pipeline_inst/accumulation_stage_reg[8].
DSP Report: register genblk1[0].mac_pipeline_inst/accumulation_stage_reg[8] is absorbed into DSP genblk1[0].mac_pipeline_inst/accumulation_stage_reg[8].
DSP Report: register genblk1[0].mac_pipeline_inst/multiplication_result_reg[8] is absorbed into DSP genblk1[0].mac_pipeline_inst/accumulation_stage_reg[8].
DSP Report: operator p_1_out is absorbed into DSP genblk1[0].mac_pipeline_inst/accumulation_stage_reg[8].
DSP Report: operator p_0_out is absorbed into DSP genblk1[0].mac_pipeline_inst/accumulation_stage_reg[8].
DSP Report: Generating DSP genblk1[0].mac_pipeline_inst/accumulation_stage_reg[9], operation Mode is: (PCIN+(A''*B2)')'.
DSP Report: register kernel_memory_inst/kernel_coefficients_reg[8] is absorbed into DSP genblk1[0].mac_pipeline_inst/accumulation_stage_reg[9].
DSP Report: register genblk1[0].mac_pipeline_inst/accumulation_stage_reg[9] is absorbed into DSP genblk1[0].mac_pipeline_inst/accumulation_stage_reg[9].
DSP Report: register genblk1[0].mac_pipeline_inst/accumulation_stage_reg[9] is absorbed into DSP genblk1[0].mac_pipeline_inst/accumulation_stage_reg[9].
DSP Report: register genblk1[0].mac_pipeline_inst/accumulation_stage_reg[9] is absorbed into DSP genblk1[0].mac_pipeline_inst/accumulation_stage_reg[9].
DSP Report: register genblk1[0].mac_pipeline_inst/multiplication_result_reg[9] is absorbed into DSP genblk1[0].mac_pipeline_inst/accumulation_stage_reg[9].
DSP Report: operator p_1_out is absorbed into DSP genblk1[0].mac_pipeline_inst/accumulation_stage_reg[9].
DSP Report: operator p_0_out is absorbed into DSP genblk1[0].mac_pipeline_inst/accumulation_stage_reg[9].
---------------------------------------------------------------------------------
Finished Cross Boundary and Area Optimization : Time (s): cpu = 00:00:42 ; elapsed = 00:00:44 . Memory (MB): peak = 1597.789 ; gain = 781.773
---------------------------------------------------------------------------------
 Sort Area is  genblk1[0].mac_pipeline_inst/accumulation_stage_reg[1]_0 : 0 0 : 570 5648 : Used 1 time 100
 Sort Area is  genblk1[0].mac_pipeline_inst/accumulation_stage_reg[1]_0 : 0 1 : 634 5648 : Used 1 time 100
 Sort Area is  genblk1[0].mac_pipeline_inst/accumulation_stage_reg[1]_0 : 0 2 : 636 5648 : Used 1 time 100
 Sort Area is  genblk1[0].mac_pipeline_inst/accumulation_stage_reg[1]_0 : 0 3 : 636 5648 : Used 1 time 100
 Sort Area is  genblk1[0].mac_pipeline_inst/accumulation_stage_reg[1]_0 : 0 4 : 636 5648 : Used 1 time 100
 Sort Area is  genblk1[0].mac_pipeline_inst/accumulation_stage_reg[1]_0 : 0 5 : 636 5648 : Used 1 time 100
 Sort Area is  genblk1[0].mac_pipeline_inst/accumulation_stage_reg[1]_0 : 0 6 : 636 5648 : Used 1 time 100
 Sort Area is  genblk1[0].mac_pipeline_inst/accumulation_stage_reg[1]_0 : 0 7 : 636 5648 : Used 1 time 100
 Sort Area is  genblk1[0].mac_pipeline_inst/accumulation_stage_reg[1]_0 : 0 8 : 628 5648 : Used 1 time 100
---------------------------------------------------------------------------------
Start ROM, RAM, DSP, Shift Register and Retiming Reporting
---------------------------------------------------------------------------------

DSP: Preliminary Mapping Report (see note below. The ' indicates corresponding REG is set)
+------------+--------------------+--------+--------+--------+--------+--------+------+------+------+------+-------+------+------+
|Module Name | DSP Mapping        | A Size | B Size | C Size | D Size | P Size | AREG | BREG | CREG | DREG | ADREG | MREG | PREG | 
+------------+--------------------+--------+--------+--------+--------+--------+------+------+------+------+-------+------+------+
|cnn_top     | (A''*B'')'         | 9      | 8      | -      | -      | 17     | 2    | 2    | -    | -    | -     | 1    | 1    | 
|cnn_top     | (PCIN+(A''*B'')')' | 9      | 8      | -      | -      | 20     | 2    | 2    | -    | -    | -     | 1    | 1    | 
|cnn_top     | (PCIN+(A''*B'')')' | 9      | 8      | -      | -      | 20     | 2    | 2    | -    | -    | -     | 1    | 1    | 
|cnn_top     | (PCIN+(A''*B'')')' | 9      | 8      | -      | -      | 20     | 2    | 2    | -    | -    | -     | 1    | 1    | 
|cnn_top     | (PCIN+(A''*B'')')' | 9      | 8      | -      | -      | 20     | 2    | 2    | -    | -    | -     | 1    | 1    | 
|cnn_top     | (PCIN+(A''*B'')')' | 9      | 8      | -      | -      | 20     | 2    | 2    | -    | -    | -     | 1    | 1    | 
|cnn_top     | (PCIN+(A''*B'')')' | 9      | 8      | -      | -      | 20     | 2    | 2    | -    | -    | -     | 1    | 1    | 
|cnn_top     | (PCIN+(A''*B'')')' | 9      | 8      | -      | -      | 20     | 2    | 2    | -    | -    | -     | 1    | 1    | 
|cnn_top     | (PCIN+(A''*B2)')'  | 9      | 8      | -      | -      | 20     | 2    | 1    | -    | -    | -     | 1    | 1    | 
+------------+--------------------+--------+--------+--------+--------+--------+------+------+------+------+-------+------+------+

Note: The table above is a preliminary report that shows the DSPs inferred at the current stage of the synthesis flow. Some DSP may be reimplemented as non DSP primitives later in the synthesis flow. Multiple instantiated DSPs are reported only once.
---------------------------------------------------------------------------------
Finished ROM, RAM, DSP, Shift Register and Retiming Reporting
---------------------------------------------------------------------------------
---------------------------------------------------------------------------------
Start Applying XDC Timing Constraints
---------------------------------------------------------------------------------
---------------------------------------------------------------------------------
Finished Applying XDC Timing Constraints : Time (s): cpu = 00:01:01 ; elapsed = 00:01:03 . Memory (MB): peak = 1783.051 ; gain = 967.035
---------------------------------------------------------------------------------
---------------------------------------------------------------------------------
Start Timing Optimization
---------------------------------------------------------------------------------
---------------------------------------------------------------------------------
Finished Timing Optimization : Time (s): cpu = 00:01:01 ; elapsed = 00:01:04 . Memory (MB): peak = 1814.723 ; gain = 998.707
---------------------------------------------------------------------------------
---------------------------------------------------------------------------------
Start Technology Mapping
---------------------------------------------------------------------------------
---------------------------------------------------------------------------------
Finished Technology Mapping : Time (s): cpu = 00:01:02 ; elapsed = 00:01:04 . Memory (MB): peak = 1814.723 ; gain = 998.707
---------------------------------------------------------------------------------
---------------------------------------------------------------------------------
Start IO Insertion
---------------------------------------------------------------------------------
---------------------------------------------------------------------------------
Start Flattening Before IO Insertion
---------------------------------------------------------------------------------
---------------------------------------------------------------------------------
Finished Flattening Before IO Insertion
---------------------------------------------------------------------------------
---------------------------------------------------------------------------------
Start Final Netlist Cleanup
---------------------------------------------------------------------------------
---------------------------------------------------------------------------------
Finished Final Netlist Cleanup
---------------------------------------------------------------------------------
---------------------------------------------------------------------------------
Finished IO Insertion : Time (s): cpu = 00:01:12 ; elapsed = 00:01:14 . Memory (MB): peak = 2070.219 ; gain = 1254.203
---------------------------------------------------------------------------------
---------------------------------------------------------------------------------
Start Renaming Generated Instances
---------------------------------------------------------------------------------
---------------------------------------------------------------------------------
Finished Renaming Generated Instances : Time (s): cpu = 00:01:12 ; elapsed = 00:01:14 . Memory (MB): peak = 2070.219 ; gain = 1254.203
---------------------------------------------------------------------------------
---------------------------------------------------------------------------------
Start Rebuilding User Hierarchy
---------------------------------------------------------------------------------
---------------------------------------------------------------------------------
Finished Rebuilding User Hierarchy : Time (s): cpu = 00:01:12 ; elapsed = 00:01:14 . Memory (MB): peak = 2070.219 ; gain = 1254.203
---------------------------------------------------------------------------------
---------------------------------------------------------------------------------
Start Renaming Generated Ports
---------------------------------------------------------------------------------
---------------------------------------------------------------------------------
Finished Renaming Generated Ports : Time (s): cpu = 00:01:12 ; elapsed = 00:01:14 . Memory (MB): peak = 2070.219 ; gain = 1254.203
---------------------------------------------------------------------------------
---------------------------------------------------------------------------------
Start Handling Custom Attributes
---------------------------------------------------------------------------------
---------------------------------------------------------------------------------
Finished Handling Custom Attributes : Time (s): cpu = 00:01:12 ; elapsed = 00:01:14 . Memory (MB): peak = 2070.219 ; gain = 1254.203
---------------------------------------------------------------------------------
---------------------------------------------------------------------------------
Start Renaming Generated Nets
---------------------------------------------------------------------------------
---------------------------------------------------------------------------------
Finished Renaming Generated Nets : Time (s): cpu = 00:01:12 ; elapsed = 00:01:14 . Memory (MB): peak = 2070.219 ; gain = 1254.203
---------------------------------------------------------------------------------
---------------------------------------------------------------------------------
Start ROM, RAM, DSP, Shift Register and Retiming Reporting
---------------------------------------------------------------------------------

Static Shift Register Report:
+------------+-----------------------------------------------------------------+--------+-------+--------------+--------------------+-------------------+--------+---------+
|Module Name | RTL Name                                                        | Length | Width | Reset Signal | Pull out first Reg | Pull out last Reg | SRL16E | SRLC32E | 
+------------+-----------------------------------------------------------------+--------+-------+--------------+--------------------+-------------------+--------+---------+
|cnn_top     | genblk1[0].mac_pipeline_inst/delayed_window_pixels_reg[9][7][7] | 8      | 8     | NO           | NO                 | YES               | 8      | 0       | 
|cnn_top     | genblk1[0].mac_pipeline_inst/delayed_window_pixels_reg[6][4][7] | 29     | 16    | NO           | NO                 | YES               | 0      | 16      | 
+------------+-----------------------------------------------------------------+--------+-------+--------------+--------------------+-------------------+--------+---------+

---------------------------------------------------------------------------------
Finished ROM, RAM, DSP, Shift Register and Retiming Reporting
---------------------------------------------------------------------------------
---------------------------------------------------------------------------------
Start Writing Synthesis Report
---------------------------------------------------------------------------------

DSP Final Report (the ' indicates corresponding REG is set)
+------------+--------------------+--------+--------+--------+--------+--------+------+------+------+------+-------+------+------+
|Module Name | DSP Mapping        | A Size | B Size | C Size | D Size | P Size | AREG | BREG | CREG | DREG | ADREG | MREG | PREG | 
+------------+--------------------+--------+--------+--------+--------+--------+------+------+------+------+-------+------+------+
|cnn_top     | ((A''*B'')')'      | 8      | 18     | -      | -      | 0      | 2    | 2    | -    | -    | -     | 1    | 1    | 
|cnn_top     | (PCIN+(A''*B'')')' | 8      | 18     | -      | -      | 0      | 2    | 2    | -    | -    | -     | 1    | 1    | 
|cnn_top     | (PCIN+(A''*B'')')' | 8      | 18     | -      | -      | 0      | 2    | 2    | -    | -    | -     | 1    | 1    | 
|cnn_top     | (PCIN+(A''*B'')')' | 8      | 18     | -      | -      | 0      | 2    | 2    | -    | -    | -     | 1    | 1    | 
|cnn_top     | (PCIN+(A''*B'')')' | 8      | 18     | -      | -      | 0      | 2    | 2    | -    | -    | -     | 1    | 1    | 
|cnn_top     | (PCIN+(A''*B'')')' | 8      | 18     | -      | -      | 0      | 2    | 2    | -    | -    | -     | 1    | 1    | 
|cnn_top     | (PCIN+(A''*B'')')' | 8      | 18     | -      | -      | 0      | 2    | 2    | -    | -    | -     | 1    | 1    | 
|cnn_top     | (PCIN+(A''*B'')')' | 8      | 18     | -      | -      | 0      | 2    | 2    | -    | -    | -     | 1    | 1    | 
|cnn_top     | (PCIN+(A''*B')')'  | 8      | 18     | -      | -      | 20     | 2    | 1    | -    | -    | -     | 1    | 1    | 
+------------+--------------------+--------+--------+--------+--------+--------+------+------+------+------+-------+------+------+


Report BlackBoxes: 
+-+--------------+----------+
| |BlackBox name |Instances |
+-+--------------+----------+
+-+--------------+----------+

Report Cell Usage: 
+------+--------+------+
|      |Cell    |Count |
+------+--------+------+
|1     |BUFG    |     1|
|2     |DSP48E1 |     9|
|4     |LUT1    |     3|
|5     |LUT2    |     2|
|6     |LUT3    |    23|
|7     |LUT4    |     7|
|8     |LUT5    |     5|
|9     |LUT6    |     6|
|10    |SRL16E  |     8|
|11    |SRLC32E |    16|
|12    |FDCE    |    12|
|13    |FDPE    |     1|
|14    |FDRE    |    84|
|15    |IBUF    |    12|
|16    |OBUF    |    21|
+------+--------+------+
---------------------------------------------------------------------------------
Finished Writing Synthesis Report : Time (s): cpu = 00:01:12 ; elapsed = 00:01:14 . Memory (MB): peak = 2070.219 ; gain = 1254.203
---------------------------------------------------------------------------------
Synthesis finished with 0 errors, 0 critical warnings and 0 warnings.
Synthesis Optimization Runtime : Time (s): cpu = 00:00:50 ; elapsed = 00:01:10 . Memory (MB): peak = 2070.219 ; gain = 1232.086
Synthesis Optimization Complete : Time (s): cpu = 00:01:12 ; elapsed = 00:01:15 . Memory (MB): peak = 2070.219 ; gain = 1254.203
INFO: [Project 1-571] Translating synthesized netlist
Netlist sorting complete. Time (s): cpu = 00:00:00 ; elapsed = 00:00:00.006 . Memory (MB): peak = 2079.328 ; gain = 0.000
INFO: [Netlist 29-17] Analyzing 9 Unisim elements for replacement
INFO: [Netlist 29-28] Unisim Transformation completed in 0 CPU seconds
INFO: [Project 1-570] Preparing netlist for logic optimization
INFO: [Opt 31-138] Pushed 0 inverter(s) to 0 load pin(s).
Netlist sorting complete. Time (s): cpu = 00:00:00 ; elapsed = 00:00:00.001 . Memory (MB): peak = 2083.031 ; gain = 0.000
INFO: [Project 1-111] Unisim Transformation Summary:
No Unisim elements were transformed.

Synth Design complete | Checksum: ecab8715
INFO: [Common 17-83] Releasing license: Vivado_Synthesis
33 Infos, 0 Warnings, 0 Critical Warnings and 0 Errors encountered.
synth_design completed successfully
synth_design: Time (s): cpu = 00:01:23 ; elapsed = 00:01:29 . Memory (MB): peak = 2083.043 ; gain = 1495.297
Write ShapeDB Complete: Time (s): cpu = 00:00:00 ; elapsed = 00:00:00.003 . Memory (MB): peak = 2083.043 ; gain = 0.000
INFO: [Common 17-1381] The checkpoint 'C:/Users/Amir/Downloads/LAST_VERISON/LAST_VERISON/project_1/project_1.runs/synth_1/cnn_top.dcp' has been generated.
INFO: [Vivado 12-24828] Executing command : report_utilization -file cnn_top_utilization_synth.rpt -pb cnn_top_utilization_synth.pb
INFO: [Common 17-206] Exiting Vivado at Thu Sep 10 07:11:42 2026...
