Copyright 1986-2019 Xilinx, Inc. All Rights Reserved.
-------------------------------------------------------------------------------------------------------------------------------------------------------------------------
| Tool Version : Vivado v.2019.1 (lin64) Build 2552052 Fri May 24 14:47:09 MDT 2019
| Date         : Wed Sep 23 20:34:03 2026
| Host         : IC_EDA running 64-bit CentOS Linux release 7.9.2009 (Core)
| Command      : report_timing_summary -max_paths 10 -file cnn_top_timing_summary_routed.rpt -pb cnn_top_timing_summary_routed.pb -rpx cnn_top_timing_summary_routed.rpx
| Design       : cnn_top
| Device       : 7z020-clg400
| Speed File   : -1  PRODUCTION 1.11 2014-09-11
-------------------------------------------------------------------------------------------------------------------------------------------------------------------------

Timing Summary Report

------------------------------------------------------------------------------------------------
| Timer Settings
| --------------
------------------------------------------------------------------------------------------------

  Enable Multi Corner Analysis               :  Yes
  Enable Pessimism Removal                   :  Yes
  Pessimism Removal Resolution               :  Nearest Common Node
  Enable Input Delay Default Clock           :  No
  Enable Preset / Clear Arcs                 :  No
  Disable Flight Delays                      :  No
  Ignore I/O Paths                           :  No
  Timing Early Launch at Borrowing Latches   :  No
  Borrow Time for Max Delay Exceptions       :  Yes

  Corner  Analyze    Analyze    
  Name    Max Paths  Min Paths  
  ------  ---------  ---------  
  Slow    Yes        Yes        
  Fast    Yes        Yes        



check_timing report

Table of Contents
-----------------
1. checking no_clock
2. checking constant_clock
3. checking pulse_width_clock
4. checking unconstrained_internal_endpoints
5. checking no_input_delay
6. checking no_output_delay
7. checking multiple_clock
8. checking generated_clocks
9. checking loops
10. checking partial_input_delay
11. checking partial_output_delay
12. checking latch_loops

1. checking no_clock
--------------------
 There are 0 register/latch pins with no clock.


2. checking constant_clock
--------------------------
 There are 0 register/latch pins with constant_clock.


3. checking pulse_width_clock
-----------------------------
 There are 0 register/latch pins which need pulse_width check


4. checking unconstrained_internal_endpoints
--------------------------------------------
 There are 0 pins that are not constrained for maximum delay.

 There are 0 pins that are not constrained for maximum delay due to constant clock.


5. checking no_input_delay
--------------------------
 There are 0 input ports with no input delay specified.

 There are 11 input ports with no input delay but user has a false path constraint. (MEDIUM)


6. checking no_output_delay
---------------------------
 There are 0 ports with no output delay specified.

 There are 20 ports with no output delay but user has a false path constraint (MEDIUM)

 There are 0 ports with no output delay but with a timing clock defined on it or propagating through it


7. checking multiple_clock
--------------------------
 There are 0 register/latch pins with multiple clocks.


8. checking generated_clocks
----------------------------
 There are 0 generated clocks that are not connected to a clock source.


9. checking loops
-----------------
 There are 0 combinational loops in the design.


10. checking partial_input_delay
--------------------------------
 There are 0 input ports with partial input delay specified.


11. checking partial_output_delay
---------------------------------
 There are 0 ports with partial output delay specified.


12. checking latch_loops
------------------------
 There are 0 combinational latch loops in the design through latch input



------------------------------------------------------------------------------------------------
| Design Timing Summary
| ---------------------
------------------------------------------------------------------------------------------------

    WNS(ns)      TNS(ns)  TNS Failing Endpoints  TNS Total Endpoints      WHS(ns)      THS(ns)  THS Failing Endpoints  THS Total Endpoints     WPWS(ns)     TPWS(ns)  TPWS Failing Endpoints  TPWS Total Endpoints  
    -------      -------  ---------------------  -------------------      -------      -------  ---------------------  -------------------     --------     --------  ----------------------  --------------------  
     -0.035       -0.035                      1                  768        0.139        0.000                      0                  768        0.000        0.000                       0                   131  


Timing constraints are not met.


------------------------------------------------------------------------------------------------
| Clock Summary
| -------------
------------------------------------------------------------------------------------------------

Clock    Waveform(ns)         Period(ns)      Frequency(MHz)
-----    ------------         ----------      --------------
sys_clk  {0.000 1.077}        2.155           464.037         


------------------------------------------------------------------------------------------------
| Intra Clock Table
| -----------------
------------------------------------------------------------------------------------------------

Clock             WNS(ns)      TNS(ns)  TNS Failing Endpoints  TNS Total Endpoints      WHS(ns)      THS(ns)  THS Failing Endpoints  THS Total Endpoints     WPWS(ns)     TPWS(ns)  TPWS Failing Endpoints  TPWS Total Endpoints  
-----             -------      -------  ---------------------  -------------------      -------      -------  ---------------------  -------------------     --------     --------  ----------------------  --------------------  
sys_clk            -0.035       -0.035                      1                  768        0.139        0.000                      0                  768        0.000        0.000                       0                   131  


------------------------------------------------------------------------------------------------
| Inter Clock Table
| -----------------
------------------------------------------------------------------------------------------------

From Clock    To Clock          WNS(ns)      TNS(ns)  TNS Failing Endpoints  TNS Total Endpoints      WHS(ns)      THS(ns)  THS Failing Endpoints  THS Total Endpoints  
----------    --------          -------      -------  ---------------------  -------------------      -------      -------  ---------------------  -------------------  


------------------------------------------------------------------------------------------------
| Other Path Groups Table
| -----------------------
------------------------------------------------------------------------------------------------

Path Group    From Clock    To Clock          WNS(ns)      TNS(ns)  TNS Failing Endpoints  TNS Total Endpoints      WHS(ns)      THS(ns)  THS Failing Endpoints  THS Total Endpoints  
----------    ----------    --------          -------      -------  ---------------------  -------------------      -------      -------  ---------------------  -------------------  


------------------------------------------------------------------------------------------------
| Timing Details
| --------------
------------------------------------------------------------------------------------------------


---------------------------------------------------------------------------------------------------
From Clock:  sys_clk
  To Clock:  sys_clk

Setup :            1  Failing Endpoint ,  Worst Slack       -0.035ns,  Total Violation       -0.035ns
Hold  :            0  Failing Endpoints,  Worst Slack        0.139ns,  Total Violation        0.000ns
PW    :            0  Failing Endpoints,  Worst Slack        0.000ns,  Total Violation        0.000ns
---------------------------------------------------------------------------------------------------


Max Delay Paths
--------------------------------------------------------------------------------------
Slack (VIOLATED) :        -0.035ns  (required time - arrival time)
  Source:                 window_generator_inst/genblk1[1].line_buffer_inst/pixel_delay_reg[4][0]/C
                            (rising edge-triggered cell FDRE clocked by sys_clk  {rise@0.000ns fall@1.077ns period=2.155ns})
  Destination:            kernel_pipeline[0].mac_pipeline_inst/accumulation_stage_reg[9]/A[0]
                            (rising edge-triggered cell DSP48E1 clocked by sys_clk  {rise@0.000ns fall@1.077ns period=2.155ns})
  Path Group:             sys_clk
  Path Type:              Setup (Max at Slow Process Corner)
  Requirement:            2.155ns  (sys_clk rise@2.155ns - sys_clk rise@0.000ns)
  Data Path Delay:        1.693ns  (logic 0.518ns (30.596%)  route 1.175ns (69.404%))
  Logic Levels:           0  
  Clock Path Skew:        -0.100ns (DCD - SCD + CPR)
    Destination Clock Delay (DCD):    4.688ns = ( 6.843 - 2.155 ) 
    Source Clock Delay      (SCD):    5.131ns
    Clock Pessimism Removal (CPR):    0.343ns
  Clock Uncertainty:      0.035ns  ((TSJ^2 + TIJ^2)^1/2 + DJ) / 2 + PE
    Total System Jitter     (TSJ):    0.071ns
    Total Input Jitter      (TIJ):    0.000ns
    Discrete Jitter          (DJ):    0.000ns
    Phase Error              (PE):    0.000ns

    Location             Delay type                Incr(ns)  Path(ns)    Netlist Resource(s)
  -------------------------------------------------------------------    -------------------
                         (clock sys_clk rise edge)    0.000     0.000 r  
    U7                                                0.000     0.000 r  clk (IN)
                         net (fo=0)                   0.000     0.000    clk
    U7                   IBUF (Prop_ibuf_I_O)         1.058     1.058 r  clk_IBUF_inst/O
                         net (fo=1, routed)           2.171     3.229    clk_IBUF
    BUFGCTRL_X0Y0        BUFG (Prop_bufg_I_O)         0.101     3.330 r  clk_IBUF_BUFG_inst/O
                         net (fo=130, routed)         1.801     5.131    window_generator_inst/genblk1[1].line_buffer_inst/clk_IBUF_BUFG
    SLICE_X104Y49        FDRE                                         r  window_generator_inst/genblk1[1].line_buffer_inst/pixel_delay_reg[4][0]/C
  -------------------------------------------------------------------    -------------------
    SLICE_X104Y49        FDRE (Prop_fdre_C_Q)         0.518     5.649 r  window_generator_inst/genblk1[1].line_buffer_inst/pixel_delay_reg[4][0]/Q
                         net (fo=4, routed)           1.175     6.824    kernel_pipeline[0].mac_pipeline_inst/accumulation_stage_reg[7]_1[0]
    DSP48_X4Y21          DSP48E1                                      r  kernel_pipeline[0].mac_pipeline_inst/accumulation_stage_reg[9]/A[0]
  -------------------------------------------------------------------    -------------------

                         (clock sys_clk rise edge)    2.155     2.155 r  
    U7                                                0.000     2.155 r  clk (IN)
                         net (fo=0)                   0.000     2.155    clk
    U7                   IBUF (Prop_ibuf_I_O)         0.924     3.079 r  clk_IBUF_inst/O
                         net (fo=1, routed)           1.972     5.051    clk_IBUF
    BUFGCTRL_X0Y0        BUFG (Prop_bufg_I_O)         0.091     5.142 r  clk_IBUF_BUFG_inst/O
                         net (fo=130, routed)         1.701     6.843    kernel_pipeline[0].mac_pipeline_inst/clk_IBUF_BUFG
    DSP48_X4Y21          DSP48E1                                      r  kernel_pipeline[0].mac_pipeline_inst/accumulation_stage_reg[9]/CLK
                         clock pessimism              0.343     7.187    
                         clock uncertainty           -0.035     7.151    
    DSP48_X4Y21          DSP48E1 (Setup_dsp48e1_CLK_A[0])
                                                     -0.362     6.789    kernel_pipeline[0].mac_pipeline_inst/accumulation_stage_reg[9]
  -------------------------------------------------------------------
                         required time                          6.789    
                         arrival time                          -6.824    
  -------------------------------------------------------------------
                         slack                                 -0.035    

Slack (MET) :             0.003ns  (required time - arrival time)
  Source:                 window_generator_inst/genblk1[1].line_buffer_inst/pixel_delay_reg[4][3]/C
                            (rising edge-triggered cell FDRE clocked by sys_clk  {rise@0.000ns fall@1.077ns period=2.155ns})
  Destination:            kernel_pipeline[0].mac_pipeline_inst/accumulation_stage_reg[9]/A[3]
                            (rising edge-triggered cell DSP48E1 clocked by sys_clk  {rise@0.000ns fall@1.077ns period=2.155ns})
  Path Group:             sys_clk
  Path Type:              Setup (Max at Slow Process Corner)
  Requirement:            2.155ns  (sys_clk rise@2.155ns - sys_clk rise@0.000ns)
  Data Path Delay:        1.655ns  (logic 0.518ns (31.304%)  route 1.137ns (68.696%))
  Logic Levels:           0  
  Clock Path Skew:        -0.100ns (DCD - SCD + CPR)
    Destination Clock Delay (DCD):    4.688ns = ( 6.843 - 2.155 ) 
    Source Clock Delay      (SCD):    5.131ns
    Clock Pessimism Removal (CPR):    0.343ns
  Clock Uncertainty:      0.035ns  ((TSJ^2 + TIJ^2)^1/2 + DJ) / 2 + PE
    Total System Jitter     (TSJ):    0.071ns
    Total Input Jitter      (TIJ):    0.000ns
    Discrete Jitter          (DJ):    0.000ns
    Phase Error              (PE):    0.000ns

    Location             Delay type                Incr(ns)  Path(ns)    Netlist Resource(s)
  -------------------------------------------------------------------    -------------------
                         (clock sys_clk rise edge)    0.000     0.000 r  
    U7                                                0.000     0.000 r  clk (IN)
                         net (fo=0)                   0.000     0.000    clk
    U7                   IBUF (Prop_ibuf_I_O)         1.058     1.058 r  clk_IBUF_inst/O
                         net (fo=1, routed)           2.171     3.229    clk_IBUF
    BUFGCTRL_X0Y0        BUFG (Prop_bufg_I_O)         0.101     3.330 r  clk_IBUF_BUFG_inst/O
                         net (fo=130, routed)         1.801     5.131    window_generator_inst/genblk1[1].line_buffer_inst/clk_IBUF_BUFG
    SLICE_X104Y49        FDRE                                         r  window_generator_inst/genblk1[1].line_buffer_inst/pixel_delay_reg[4][3]/C
  -------------------------------------------------------------------    -------------------
    SLICE_X104Y49        FDRE (Prop_fdre_C_Q)         0.518     5.649 r  window_generator_inst/genblk1[1].line_buffer_inst/pixel_delay_reg[4][3]/Q
                         net (fo=4, routed)           1.137     6.786    kernel_pipeline[0].mac_pipeline_inst/accumulation_stage_reg[7]_1[3]
    DSP48_X4Y21          DSP48E1                                      r  kernel_pipeline[0].mac_pipeline_inst/accumulation_stage_reg[9]/A[3]
  -------------------------------------------------------------------    -------------------

                         (clock sys_clk rise edge)    2.155     2.155 r  
    U7                                                0.000     2.155 r  clk (IN)
                         net (fo=0)                   0.000     2.155    clk
    U7                   IBUF (Prop_ibuf_I_O)         0.924     3.079 r  clk_IBUF_inst/O
                         net (fo=1, routed)           1.972     5.051    clk_IBUF
    BUFGCTRL_X0Y0        BUFG (Prop_bufg_I_O)         0.091     5.142 r  clk_IBUF_BUFG_inst/O
                         net (fo=130, routed)         1.701     6.843    kernel_pipeline[0].mac_pipeline_inst/clk_IBUF_BUFG
    DSP48_X4Y21          DSP48E1                                      r  kernel_pipeline[0].mac_pipeline_inst/accumulation_stage_reg[9]/CLK
                         clock pessimism              0.343     7.187    
                         clock uncertainty           -0.035     7.151    
    DSP48_X4Y21          DSP48E1 (Setup_dsp48e1_CLK_A[3])
                                                     -0.362     6.789    kernel_pipeline[0].mac_pipeline_inst/accumulation_stage_reg[9]
  -------------------------------------------------------------------
                         required time                          6.789    
                         arrival time                          -6.786    
  -------------------------------------------------------------------
                         slack                                  0.003    

Slack (MET) :             0.004ns  (required time - arrival time)
  Source:                 window_generator_inst/genblk1[1].line_buffer_inst/pixel_delay_reg[4][3]/C
                            (rising edge-triggered cell FDRE clocked by sys_clk  {rise@0.000ns fall@1.077ns period=2.155ns})
  Destination:            kernel_pipeline[0].mac_pipeline_inst/accumulation_stage_reg[8]/A[3]
                            (rising edge-triggered cell DSP48E1 clocked by sys_clk  {rise@0.000ns fall@1.077ns period=2.155ns})
  Path Group:             sys_clk
  Path Type:              Setup (Max at Slow Process Corner)
  Requirement:            2.155ns  (sys_clk rise@2.155ns - sys_clk rise@0.000ns)
  Data Path Delay:        1.655ns  (logic 0.518ns (31.304%)  route 1.137ns (68.696%))
  Logic Levels:           0  
  Clock Path Skew:        -0.099ns (DCD - SCD + CPR)
    Destination Clock Delay (DCD):    4.689ns = ( 6.844 - 2.155 ) 
    Source Clock Delay      (SCD):    5.131ns
    Clock Pessimism Removal (CPR):    0.343ns
  Clock Uncertainty:      0.035ns  ((TSJ^2 + TIJ^2)^1/2 + DJ) / 2 + PE
    Total System Jitter     (TSJ):    0.071ns
    Total Input Jitter      (TIJ):    0.000ns
    Discrete Jitter          (DJ):    0.000ns
    Phase Error              (PE):    0.000ns

    Location             Delay type                Incr(ns)  Path(ns)    Netlist Resource(s)
  -------------------------------------------------------------------    -------------------
                         (clock sys_clk rise edge)    0.000     0.000 r  
    U7                                                0.000     0.000 r  clk (IN)
                         net (fo=0)                   0.000     0.000    clk
    U7                   IBUF (Prop_ibuf_I_O)         1.058     1.058 r  clk_IBUF_inst/O
                         net (fo=1, routed)           2.171     3.229    clk_IBUF
    BUFGCTRL_X0Y0        BUFG (Prop_bufg_I_O)         0.101     3.330 r  clk_IBUF_BUFG_inst/O
                         net (fo=130, routed)         1.801     5.131    window_generator_inst/genblk1[1].line_buffer_inst/clk_IBUF_BUFG
    SLICE_X104Y49        FDRE                                         r  window_generator_inst/genblk1[1].line_buffer_inst/pixel_delay_reg[4][3]/C
  -------------------------------------------------------------------    -------------------
    SLICE_X104Y49        FDRE (Prop_fdre_C_Q)         0.518     5.649 r  window_generator_inst/genblk1[1].line_buffer_inst/pixel_delay_reg[4][3]/Q
                         net (fo=4, routed)           1.137     6.786    kernel_pipeline[0].mac_pipeline_inst/accumulation_stage_reg[7]_1[3]
    DSP48_X4Y20          DSP48E1                                      r  kernel_pipeline[0].mac_pipeline_inst/accumulation_stage_reg[8]/A[3]
  -------------------------------------------------------------------    -------------------

                         (clock sys_clk rise edge)    2.155     2.155 r  
    U7                                                0.000     2.155 r  clk (IN)
                         net (fo=0)                   0.000     2.155    clk
    U7                   IBUF (Prop_ibuf_I_O)         0.924     3.079 r  clk_IBUF_inst/O
                         net (fo=1, routed)           1.972     5.051    clk_IBUF
    BUFGCTRL_X0Y0        BUFG (Prop_bufg_I_O)         0.091     5.142 r  clk_IBUF_BUFG_inst/O
                         net (fo=130, routed)         1.702     6.844    kernel_pipeline[0].mac_pipeline_inst/clk_IBUF_BUFG
    DSP48_X4Y20          DSP48E1                                      r  kernel_pipeline[0].mac_pipeline_inst/accumulation_stage_reg[8]/CLK
                         clock pessimism              0.343     7.188    
                         clock uncertainty           -0.035     7.152    
    DSP48_X4Y20          DSP48E1 (Setup_dsp48e1_CLK_A[3])
                                                     -0.362     6.790    kernel_pipeline[0].mac_pipeline_inst/accumulation_stage_reg[8]
  -------------------------------------------------------------------
                         required time                          6.790    
                         arrival time                          -6.786    
  -------------------------------------------------------------------
                         slack                                  0.004    

Slack (MET) :             0.006ns  (required time - arrival time)
  Source:                 window_generator_inst/genblk1[1].line_buffer_inst/pixel_delay_reg[4][1]/C
                            (rising edge-triggered cell FDRE clocked by sys_clk  {rise@0.000ns fall@1.077ns period=2.155ns})
  Destination:            kernel_pipeline[0].mac_pipeline_inst/accumulation_stage_reg[9]/A[1]
                            (rising edge-triggered cell DSP48E1 clocked by sys_clk  {rise@0.000ns fall@1.077ns period=2.155ns})
  Path Group:             sys_clk
  Path Type:              Setup (Max at Slow Process Corner)
  Requirement:            2.155ns  (sys_clk rise@2.155ns - sys_clk rise@0.000ns)
  Data Path Delay:        1.652ns  (logic 0.518ns (31.359%)  route 1.134ns (68.641%))
  Logic Levels:           0  
  Clock Path Skew:        -0.100ns (DCD - SCD + CPR)
    Destination Clock Delay (DCD):    4.688ns = ( 6.843 - 2.155 ) 
    Source Clock Delay      (SCD):    5.131ns
    Clock Pessimism Removal (CPR):    0.343ns
  Clock Uncertainty:      0.035ns  ((TSJ^2 + TIJ^2)^1/2 + DJ) / 2 + PE
    Total System Jitter     (TSJ):    0.071ns
    Total Input Jitter      (TIJ):    0.000ns
    Discrete Jitter          (DJ):    0.000ns
    Phase Error              (PE):    0.000ns

    Location             Delay type                Incr(ns)  Path(ns)    Netlist Resource(s)
  -------------------------------------------------------------------    -------------------
                         (clock sys_clk rise edge)    0.000     0.000 r  
    U7                                                0.000     0.000 r  clk (IN)
                         net (fo=0)                   0.000     0.000    clk
    U7                   IBUF (Prop_ibuf_I_O)         1.058     1.058 r  clk_IBUF_inst/O
                         net (fo=1, routed)           2.171     3.229    clk_IBUF
    BUFGCTRL_X0Y0        BUFG (Prop_bufg_I_O)         0.101     3.330 r  clk_IBUF_BUFG_inst/O
                         net (fo=130, routed)         1.801     5.131    window_generator_inst/genblk1[1].line_buffer_inst/clk_IBUF_BUFG
    SLICE_X104Y49        FDRE                                         r  window_generator_inst/genblk1[1].line_buffer_inst/pixel_delay_reg[4][1]/C
  -------------------------------------------------------------------    -------------------
    SLICE_X104Y49        FDRE (Prop_fdre_C_Q)         0.518     5.649 r  window_generator_inst/genblk1[1].line_buffer_inst/pixel_delay_reg[4][1]/Q
                         net (fo=4, routed)           1.134     6.783    kernel_pipeline[0].mac_pipeline_inst/accumulation_stage_reg[7]_1[1]
    DSP48_X4Y21          DSP48E1                                      r  kernel_pipeline[0].mac_pipeline_inst/accumulation_stage_reg[9]/A[1]
  -------------------------------------------------------------------    -------------------

                         (clock sys_clk rise edge)    2.155     2.155 r  
    U7                                                0.000     2.155 r  clk (IN)
                         net (fo=0)                   0.000     2.155    clk
    U7                   IBUF (Prop_ibuf_I_O)         0.924     3.079 r  clk_IBUF_inst/O
                         net (fo=1, routed)           1.972     5.051    clk_IBUF
    BUFGCTRL_X0Y0        BUFG (Prop_bufg_I_O)         0.091     5.142 r  clk_IBUF_BUFG_inst/O
                         net (fo=130, routed)         1.701     6.843    kernel_pipeline[0].mac_pipeline_inst/clk_IBUF_BUFG
    DSP48_X4Y21          DSP48E1                                      r  kernel_pipeline[0].mac_pipeline_inst/accumulation_stage_reg[9]/CLK
                         clock pessimism              0.343     7.187    
                         clock uncertainty           -0.035     7.151    
    DSP48_X4Y21          DSP48E1 (Setup_dsp48e1_CLK_A[1])
                                                     -0.362     6.789    kernel_pipeline[0].mac_pipeline_inst/accumulation_stage_reg[9]
  -------------------------------------------------------------------
                         required time                          6.789    
                         arrival time                          -6.783    
  -------------------------------------------------------------------
                         slack                                  0.006    

Slack (MET) :             0.007ns  (required time - arrival time)
  Source:                 window_generator_inst/genblk1[1].line_buffer_inst/pixel_delay_reg[4][1]/C
                            (rising edge-triggered cell FDRE clocked by sys_clk  {rise@0.000ns fall@1.077ns period=2.155ns})
  Destination:            kernel_pipeline[0].mac_pipeline_inst/accumulation_stage_reg[8]/A[1]
                            (rising edge-triggered cell DSP48E1 clocked by sys_clk  {rise@0.000ns fall@1.077ns period=2.155ns})
  Path Group:             sys_clk
  Path Type:              Setup (Max at Slow Process Corner)
  Requirement:            2.155ns  (sys_clk rise@2.155ns - sys_clk rise@0.000ns)
  Data Path Delay:        1.652ns  (logic 0.518ns (31.359%)  route 1.134ns (68.641%))
  Logic Levels:           0  
  Clock Path Skew:        -0.099ns (DCD - SCD + CPR)
    Destination Clock Delay (DCD):    4.689ns = ( 6.844 - 2.155 ) 
    Source Clock Delay      (SCD):    5.131ns
    Clock Pessimism Removal (CPR):    0.343ns
  Clock Uncertainty:      0.035ns  ((TSJ^2 + TIJ^2)^1/2 + DJ) / 2 + PE
    Total System Jitter     (TSJ):    0.071ns
    Total Input Jitter      (TIJ):    0.000ns
    Discrete Jitter          (DJ):    0.000ns
    Phase Error              (PE):    0.000ns

    Location             Delay type                Incr(ns)  Path(ns)    Netlist Resource(s)
  -------------------------------------------------------------------    -------------------
                         (clock sys_clk rise edge)    0.000     0.000 r  
    U7                                                0.000     0.000 r  clk (IN)
                         net (fo=0)                   0.000     0.000    clk
    U7                   IBUF (Prop_ibuf_I_O)         1.058     1.058 r  clk_IBUF_inst/O
                         net (fo=1, routed)           2.171     3.229    clk_IBUF
    BUFGCTRL_X0Y0        BUFG (Prop_bufg_I_O)         0.101     3.330 r  clk_IBUF_BUFG_inst/O
                         net (fo=130, routed)         1.801     5.131    window_generator_inst/genblk1[1].line_buffer_inst/clk_IBUF_BUFG
    SLICE_X104Y49        FDRE                                         r  window_generator_inst/genblk1[1].line_buffer_inst/pixel_delay_reg[4][1]/C
  -------------------------------------------------------------------    -------------------
    SLICE_X104Y49        FDRE (Prop_fdre_C_Q)         0.518     5.649 r  window_generator_inst/genblk1[1].line_buffer_inst/pixel_delay_reg[4][1]/Q
                         net (fo=4, routed)           1.134     6.783    kernel_pipeline[0].mac_pipeline_inst/accumulation_stage_reg[7]_1[1]
    DSP48_X4Y20          DSP48E1                                      r  kernel_pipeline[0].mac_pipeline_inst/accumulation_stage_reg[8]/A[1]
  -------------------------------------------------------------------    -------------------

                         (clock sys_clk rise edge)    2.155     2.155 r  
    U7                                                0.000     2.155 r  clk (IN)
                         net (fo=0)                   0.000     2.155    clk
    U7                   IBUF (Prop_ibuf_I_O)         0.924     3.079 r  clk_IBUF_inst/O
                         net (fo=1, routed)           1.972     5.051    clk_IBUF
    BUFGCTRL_X0Y0        BUFG (Prop_bufg_I_O)         0.091     5.142 r  clk_IBUF_BUFG_inst/O
                         net (fo=130, routed)         1.702     6.844    kernel_pipeline[0].mac_pipeline_inst/clk_IBUF_BUFG
    DSP48_X4Y20          DSP48E1                                      r  kernel_pipeline[0].mac_pipeline_inst/accumulation_stage_reg[8]/CLK
                         clock pessimism              0.343     7.188    
                         clock uncertainty           -0.035     7.152    
    DSP48_X4Y20          DSP48E1 (Setup_dsp48e1_CLK_A[1])
                                                     -0.362     6.790    kernel_pipeline[0].mac_pipeline_inst/accumulation_stage_reg[8]
  -------------------------------------------------------------------
                         required time                          6.790    
                         arrival time                          -6.783    
  -------------------------------------------------------------------
                         slack                                  0.007    

Slack (MET) :             0.023ns  (required time - arrival time)
  Source:                 window_generator_inst/genblk1[1].line_buffer_inst/pixel_delay_reg[4][5]/C
                            (rising edge-triggered cell FDRE clocked by sys_clk  {rise@0.000ns fall@1.077ns period=2.155ns})
  Destination:            kernel_pipeline[0].mac_pipeline_inst/accumulation_stage_reg[9]/A[5]
                            (rising edge-triggered cell DSP48E1 clocked by sys_clk  {rise@0.000ns fall@1.077ns period=2.155ns})
  Path Group:             sys_clk
  Path Type:              Setup (Max at Slow Process Corner)
  Requirement:            2.155ns  (sys_clk rise@2.155ns - sys_clk rise@0.000ns)
  Data Path Delay:        1.458ns  (logic 0.478ns (32.793%)  route 0.980ns (67.207%))
  Logic Levels:           0  
  Clock Path Skew:        -0.100ns (DCD - SCD + CPR)
    Destination Clock Delay (DCD):    4.688ns = ( 6.843 - 2.155 ) 
    Source Clock Delay      (SCD):    5.131ns
    Clock Pessimism Removal (CPR):    0.343ns
  Clock Uncertainty:      0.035ns  ((TSJ^2 + TIJ^2)^1/2 + DJ) / 2 + PE
    Total System Jitter     (TSJ):    0.071ns
    Total Input Jitter      (TIJ):    0.000ns
    Discrete Jitter          (DJ):    0.000ns
    Phase Error              (PE):    0.000ns

    Location             Delay type                Incr(ns)  Path(ns)    Netlist Resource(s)
  -------------------------------------------------------------------    -------------------
                         (clock sys_clk rise edge)    0.000     0.000 r  
    U7                                                0.000     0.000 r  clk (IN)
                         net (fo=0)                   0.000     0.000    clk
    U7                   IBUF (Prop_ibuf_I_O)         1.058     1.058 r  clk_IBUF_inst/O
                         net (fo=1, routed)           2.171     3.229    clk_IBUF
    BUFGCTRL_X0Y0        BUFG (Prop_bufg_I_O)         0.101     3.330 r  clk_IBUF_BUFG_inst/O
                         net (fo=130, routed)         1.801     5.131    window_generator_inst/genblk1[1].line_buffer_inst/clk_IBUF_BUFG
    SLICE_X104Y49        FDRE                                         r  window_generator_inst/genblk1[1].line_buffer_inst/pixel_delay_reg[4][5]/C
  -------------------------------------------------------------------    -------------------
    SLICE_X104Y49        FDRE (Prop_fdre_C_Q)         0.478     5.609 r  window_generator_inst/genblk1[1].line_buffer_inst/pixel_delay_reg[4][5]/Q
                         net (fo=4, routed)           0.980     6.589    kernel_pipeline[0].mac_pipeline_inst/accumulation_stage_reg[7]_1[5]
    DSP48_X4Y21          DSP48E1                                      r  kernel_pipeline[0].mac_pipeline_inst/accumulation_stage_reg[9]/A[5]
  -------------------------------------------------------------------    -------------------

                         (clock sys_clk rise edge)    2.155     2.155 r  
    U7                                                0.000     2.155 r  clk (IN)
                         net (fo=0)                   0.000     2.155    clk
    U7                   IBUF (Prop_ibuf_I_O)         0.924     3.079 r  clk_IBUF_inst/O
                         net (fo=1, routed)           1.972     5.051    clk_IBUF
    BUFGCTRL_X0Y0        BUFG (Prop_bufg_I_O)         0.091     5.142 r  clk_IBUF_BUFG_inst/O
                         net (fo=130, routed)         1.701     6.843    kernel_pipeline[0].mac_pipeline_inst/clk_IBUF_BUFG
    DSP48_X4Y21          DSP48E1                                      r  kernel_pipeline[0].mac_pipeline_inst/accumulation_stage_reg[9]/CLK
                         clock pessimism              0.343     7.187    
                         clock uncertainty           -0.035     7.151    
    DSP48_X4Y21          DSP48E1 (Setup_dsp48e1_CLK_A[5])
                                                     -0.539     6.612    kernel_pipeline[0].mac_pipeline_inst/accumulation_stage_reg[9]
  -------------------------------------------------------------------
                         required time                          6.612    
                         arrival time                          -6.589    
  -------------------------------------------------------------------
                         slack                                  0.023    

Slack (MET) :             0.024ns  (required time - arrival time)
  Source:                 window_generator_inst/genblk1[1].line_buffer_inst/pixel_delay_reg[4][7]/C
                            (rising edge-triggered cell FDRE clocked by sys_clk  {rise@0.000ns fall@1.077ns period=2.155ns})
  Destination:            kernel_pipeline[0].mac_pipeline_inst/accumulation_stage_reg[9]/A[7]
                            (rising edge-triggered cell DSP48E1 clocked by sys_clk  {rise@0.000ns fall@1.077ns period=2.155ns})
  Path Group:             sys_clk
  Path Type:              Setup (Max at Slow Process Corner)
  Requirement:            2.155ns  (sys_clk rise@2.155ns - sys_clk rise@0.000ns)
  Data Path Delay:        1.460ns  (logic 0.478ns (32.738%)  route 0.982ns (67.262%))
  Logic Levels:           0  
  Clock Path Skew:        -0.100ns (DCD - SCD + CPR)
    Destination Clock Delay (DCD):    4.688ns = ( 6.843 - 2.155 ) 
    Source Clock Delay      (SCD):    5.131ns
    Clock Pessimism Removal (CPR):    0.343ns
  Clock Uncertainty:      0.035ns  ((TSJ^2 + TIJ^2)^1/2 + DJ) / 2 + PE
    Total System Jitter     (TSJ):    0.071ns
    Total Input Jitter      (TIJ):    0.000ns
    Discrete Jitter          (DJ):    0.000ns
    Phase Error              (PE):    0.000ns

    Location             Delay type                Incr(ns)  Path(ns)    Netlist Resource(s)
  -------------------------------------------------------------------    -------------------
                         (clock sys_clk rise edge)    0.000     0.000 r  
    U7                                                0.000     0.000 r  clk (IN)
                         net (fo=0)                   0.000     0.000    clk
    U7                   IBUF (Prop_ibuf_I_O)         1.058     1.058 r  clk_IBUF_inst/O
                         net (fo=1, routed)           2.171     3.229    clk_IBUF
    BUFGCTRL_X0Y0        BUFG (Prop_bufg_I_O)         0.101     3.330 r  clk_IBUF_BUFG_inst/O
                         net (fo=130, routed)         1.801     5.131    window_generator_inst/genblk1[1].line_buffer_inst/clk_IBUF_BUFG
    SLICE_X104Y49        FDRE                                         r  window_generator_inst/genblk1[1].line_buffer_inst/pixel_delay_reg[4][7]/C
  -------------------------------------------------------------------    -------------------
    SLICE_X104Y49        FDRE (Prop_fdre_C_Q)         0.478     5.609 r  window_generator_inst/genblk1[1].line_buffer_inst/pixel_delay_reg[4][7]/Q
                         net (fo=4, routed)           0.982     6.592    kernel_pipeline[0].mac_pipeline_inst/accumulation_stage_reg[7]_1[7]
    DSP48_X4Y21          DSP48E1                                      r  kernel_pipeline[0].mac_pipeline_inst/accumulation_stage_reg[9]/A[7]
  -------------------------------------------------------------------    -------------------

                         (clock sys_clk rise edge)    2.155     2.155 r  
    U7                                                0.000     2.155 r  clk (IN)
                         net (fo=0)                   0.000     2.155    clk
    U7                   IBUF (Prop_ibuf_I_O)         0.924     3.079 r  clk_IBUF_inst/O
                         net (fo=1, routed)           1.972     5.051    clk_IBUF
    BUFGCTRL_X0Y0        BUFG (Prop_bufg_I_O)         0.091     5.142 r  clk_IBUF_BUFG_inst/O
                         net (fo=130, routed)         1.701     6.843    kernel_pipeline[0].mac_pipeline_inst/clk_IBUF_BUFG
    DSP48_X4Y21          DSP48E1                                      r  kernel_pipeline[0].mac_pipeline_inst/accumulation_stage_reg[9]/CLK
                         clock pessimism              0.343     7.187    
                         clock uncertainty           -0.035     7.151    
    DSP48_X4Y21          DSP48E1 (Setup_dsp48e1_CLK_A[7])
                                                     -0.536     6.615    kernel_pipeline[0].mac_pipeline_inst/accumulation_stage_reg[9]
  -------------------------------------------------------------------
                         required time                          6.615    
                         arrival time                          -6.592    
  -------------------------------------------------------------------
                         slack                                  0.024    

Slack (MET) :             0.024ns  (required time - arrival time)
  Source:                 window_generator_inst/genblk1[1].line_buffer_inst/pixel_delay_reg[4][5]/C
                            (rising edge-triggered cell FDRE clocked by sys_clk  {rise@0.000ns fall@1.077ns period=2.155ns})
  Destination:            kernel_pipeline[0].mac_pipeline_inst/accumulation_stage_reg[8]/A[5]
                            (rising edge-triggered cell DSP48E1 clocked by sys_clk  {rise@0.000ns fall@1.077ns period=2.155ns})
  Path Group:             sys_clk
  Path Type:              Setup (Max at Slow Process Corner)
  Requirement:            2.155ns  (sys_clk rise@2.155ns - sys_clk rise@0.000ns)
  Data Path Delay:        1.458ns  (logic 0.478ns (32.793%)  route 0.980ns (67.207%))
  Logic Levels:           0  
  Clock Path Skew:        -0.099ns (DCD - SCD + CPR)
    Destination Clock Delay (DCD):    4.689ns = ( 6.844 - 2.155 ) 
    Source Clock Delay      (SCD):    5.131ns
    Clock Pessimism Removal (CPR):    0.343ns
  Clock Uncertainty:      0.035ns  ((TSJ^2 + TIJ^2)^1/2 + DJ) / 2 + PE
    Total System Jitter     (TSJ):    0.071ns
    Total Input Jitter      (TIJ):    0.000ns
    Discrete Jitter          (DJ):    0.000ns
    Phase Error              (PE):    0.000ns

    Location             Delay type                Incr(ns)  Path(ns)    Netlist Resource(s)
  -------------------------------------------------------------------    -------------------
                         (clock sys_clk rise edge)    0.000     0.000 r  
    U7                                                0.000     0.000 r  clk (IN)
                         net (fo=0)                   0.000     0.000    clk
    U7                   IBUF (Prop_ibuf_I_O)         1.058     1.058 r  clk_IBUF_inst/O
                         net (fo=1, routed)           2.171     3.229    clk_IBUF
    BUFGCTRL_X0Y0        BUFG (Prop_bufg_I_O)         0.101     3.330 r  clk_IBUF_BUFG_inst/O
                         net (fo=130, routed)         1.801     5.131    window_generator_inst/genblk1[1].line_buffer_inst/clk_IBUF_BUFG
    SLICE_X104Y49        FDRE                                         r  window_generator_inst/genblk1[1].line_buffer_inst/pixel_delay_reg[4][5]/C
  -------------------------------------------------------------------    -------------------
    SLICE_X104Y49        FDRE (Prop_fdre_C_Q)         0.478     5.609 r  window_generator_inst/genblk1[1].line_buffer_inst/pixel_delay_reg[4][5]/Q
                         net (fo=4, routed)           0.980     6.589    kernel_pipeline[0].mac_pipeline_inst/accumulation_stage_reg[7]_1[5]
    DSP48_X4Y20          DSP48E1                                      r  kernel_pipeline[0].mac_pipeline_inst/accumulation_stage_reg[8]/A[5]
  -------------------------------------------------------------------    -------------------

                         (clock sys_clk rise edge)    2.155     2.155 r  
    U7                                                0.000     2.155 r  clk (IN)
                         net (fo=0)                   0.000     2.155    clk
    U7                   IBUF (Prop_ibuf_I_O)         0.924     3.079 r  clk_IBUF_inst/O
                         net (fo=1, routed)           1.972     5.051    clk_IBUF
    BUFGCTRL_X0Y0        BUFG (Prop_bufg_I_O)         0.091     5.142 r  clk_IBUF_BUFG_inst/O
                         net (fo=130, routed)         1.702     6.844    kernel_pipeline[0].mac_pipeline_inst/clk_IBUF_BUFG
    DSP48_X4Y20          DSP48E1                                      r  kernel_pipeline[0].mac_pipeline_inst/accumulation_stage_reg[8]/CLK
                         clock pessimism              0.343     7.188    
                         clock uncertainty           -0.035     7.152    
    DSP48_X4Y20          DSP48E1 (Setup_dsp48e1_CLK_A[5])
                                                     -0.539     6.613    kernel_pipeline[0].mac_pipeline_inst/accumulation_stage_reg[8]
  -------------------------------------------------------------------
                         required time                          6.613    
                         arrival time                          -6.589    
  -------------------------------------------------------------------
                         slack                                  0.024    

Slack (MET) :             0.025ns  (required time - arrival time)
  Source:                 window_generator_inst/genblk1[1].line_buffer_inst/pixel_delay_reg[4][7]/C
                            (rising edge-triggered cell FDRE clocked by sys_clk  {rise@0.000ns fall@1.077ns period=2.155ns})
  Destination:            kernel_pipeline[0].mac_pipeline_inst/accumulation_stage_reg[8]/A[7]
                            (rising edge-triggered cell DSP48E1 clocked by sys_clk  {rise@0.000ns fall@1.077ns period=2.155ns})
  Path Group:             sys_clk
  Path Type:              Setup (Max at Slow Process Corner)
  Requirement:            2.155ns  (sys_clk rise@2.155ns - sys_clk rise@0.000ns)
  Data Path Delay:        1.460ns  (logic 0.478ns (32.738%)  route 0.982ns (67.262%))
  Logic Levels:           0  
  Clock Path Skew:        -0.099ns (DCD - SCD + CPR)
    Destination Clock Delay (DCD):    4.689ns = ( 6.844 - 2.155 ) 
    Source Clock Delay      (SCD):    5.131ns
    Clock Pessimism Removal (CPR):    0.343ns
  Clock Uncertainty:      0.035ns  ((TSJ^2 + TIJ^2)^1/2 + DJ) / 2 + PE
    Total System Jitter     (TSJ):    0.071ns
    Total Input Jitter      (TIJ):    0.000ns
    Discrete Jitter          (DJ):    0.000ns
    Phase Error              (PE):    0.000ns

    Location             Delay type                Incr(ns)  Path(ns)    Netlist Resource(s)
  -------------------------------------------------------------------    -------------------
                         (clock sys_clk rise edge)    0.000     0.000 r  
    U7                                                0.000     0.000 r  clk (IN)
                         net (fo=0)                   0.000     0.000    clk
    U7                   IBUF (Prop_ibuf_I_O)         1.058     1.058 r  clk_IBUF_inst/O
                         net (fo=1, routed)           2.171     3.229    clk_IBUF
    BUFGCTRL_X0Y0        BUFG (Prop_bufg_I_O)         0.101     3.330 r  clk_IBUF_BUFG_inst/O
                         net (fo=130, routed)         1.801     5.131    window_generator_inst/genblk1[1].line_buffer_inst/clk_IBUF_BUFG
    SLICE_X104Y49        FDRE                                         r  window_generator_inst/genblk1[1].line_buffer_inst/pixel_delay_reg[4][7]/C
  -------------------------------------------------------------------    -------------------
    SLICE_X104Y49        FDRE (Prop_fdre_C_Q)         0.478     5.609 r  window_generator_inst/genblk1[1].line_buffer_inst/pixel_delay_reg[4][7]/Q
                         net (fo=4, routed)           0.982     6.592    kernel_pipeline[0].mac_pipeline_inst/accumulation_stage_reg[7]_1[7]
    DSP48_X4Y20          DSP48E1                                      r  kernel_pipeline[0].mac_pipeline_inst/accumulation_stage_reg[8]/A[7]
  -------------------------------------------------------------------    -------------------

                         (clock sys_clk rise edge)    2.155     2.155 r  
    U7                                                0.000     2.155 r  clk (IN)
                         net (fo=0)                   0.000     2.155    clk
    U7                   IBUF (Prop_ibuf_I_O)         0.924     3.079 r  clk_IBUF_inst/O
                         net (fo=1, routed)           1.972     5.051    clk_IBUF
    BUFGCTRL_X0Y0        BUFG (Prop_bufg_I_O)         0.091     5.142 r  clk_IBUF_BUFG_inst/O
                         net (fo=130, routed)         1.702     6.844    kernel_pipeline[0].mac_pipeline_inst/clk_IBUF_BUFG
    DSP48_X4Y20          DSP48E1                                      r  kernel_pipeline[0].mac_pipeline_inst/accumulation_stage_reg[8]/CLK
                         clock pessimism              0.343     7.188    
                         clock uncertainty           -0.035     7.152    
    DSP48_X4Y20          DSP48E1 (Setup_dsp48e1_CLK_A[7])
                                                     -0.536     6.616    kernel_pipeline[0].mac_pipeline_inst/accumulation_stage_reg[8]
  -------------------------------------------------------------------
                         required time                          6.616    
                         arrival time                          -6.592    
  -------------------------------------------------------------------
                         slack                                  0.025    

Slack (MET) :             0.032ns  (required time - arrival time)
  Source:                 window_generator_inst/genblk1[1].line_buffer_inst/pixel_delay_reg[4][4]/C
                            (rising edge-triggered cell FDRE clocked by sys_clk  {rise@0.000ns fall@1.077ns period=2.155ns})
  Destination:            kernel_pipeline[0].mac_pipeline_inst/accumulation_stage_reg[9]/A[4]
                            (rising edge-triggered cell DSP48E1 clocked by sys_clk  {rise@0.000ns fall@1.077ns period=2.155ns})
  Path Group:             sys_clk
  Path Type:              Setup (Max at Slow Process Corner)
  Requirement:            2.155ns  (sys_clk rise@2.155ns - sys_clk rise@0.000ns)
  Data Path Delay:        1.454ns  (logic 0.478ns (32.867%)  route 0.976ns (67.133%))
  Logic Levels:           0  
  Clock Path Skew:        -0.100ns (DCD - SCD + CPR)
    Destination Clock Delay (DCD):    4.688ns = ( 6.843 - 2.155 ) 
    Source Clock Delay      (SCD):    5.131ns
    Clock Pessimism Removal (CPR):    0.343ns
  Clock Uncertainty:      0.035ns  ((TSJ^2 + TIJ^2)^1/2 + DJ) / 2 + PE
    Total System Jitter     (TSJ):    0.071ns
    Total Input Jitter      (TIJ):    0.000ns
    Discrete Jitter          (DJ):    0.000ns
    Phase Error              (PE):    0.000ns

    Location             Delay type                Incr(ns)  Path(ns)    Netlist Resource(s)
  -------------------------------------------------------------------    -------------------
                         (clock sys_clk rise edge)    0.000     0.000 r  
    U7                                                0.000     0.000 r  clk (IN)
                         net (fo=0)                   0.000     0.000    clk
    U7                   IBUF (Prop_ibuf_I_O)         1.058     1.058 r  clk_IBUF_inst/O
                         net (fo=1, routed)           2.171     3.229    clk_IBUF
    BUFGCTRL_X0Y0        BUFG (Prop_bufg_I_O)         0.101     3.330 r  clk_IBUF_BUFG_inst/O
                         net (fo=130, routed)         1.801     5.131    window_generator_inst/genblk1[1].line_buffer_inst/clk_IBUF_BUFG
    SLICE_X104Y49        FDRE                                         r  window_generator_inst/genblk1[1].line_buffer_inst/pixel_delay_reg[4][4]/C
  -------------------------------------------------------------------    -------------------
    SLICE_X104Y49        FDRE (Prop_fdre_C_Q)         0.478     5.609 r  window_generator_inst/genblk1[1].line_buffer_inst/pixel_delay_reg[4][4]/Q
                         net (fo=4, routed)           0.976     6.586    kernel_pipeline[0].mac_pipeline_inst/accumulation_stage_reg[7]_1[4]
    DSP48_X4Y21          DSP48E1                                      r  kernel_pipeline[0].mac_pipeline_inst/accumulation_stage_reg[9]/A[4]
  -------------------------------------------------------------------    -------------------

                         (clock sys_clk rise edge)    2.155     2.155 r  
    U7                                                0.000     2.155 r  clk (IN)
                         net (fo=0)                   0.000     2.155    clk
    U7                   IBUF (Prop_ibuf_I_O)         0.924     3.079 r  clk_IBUF_inst/O
                         net (fo=1, routed)           1.972     5.051    clk_IBUF
    BUFGCTRL_X0Y0        BUFG (Prop_bufg_I_O)         0.091     5.142 r  clk_IBUF_BUFG_inst/O
                         net (fo=130, routed)         1.701     6.843    kernel_pipeline[0].mac_pipeline_inst/clk_IBUF_BUFG
    DSP48_X4Y21          DSP48E1                                      r  kernel_pipeline[0].mac_pipeline_inst/accumulation_stage_reg[9]/CLK
                         clock pessimism              0.343     7.187    
                         clock uncertainty           -0.035     7.151    
    DSP48_X4Y21          DSP48E1 (Setup_dsp48e1_CLK_A[4])
                                                     -0.533     6.618    kernel_pipeline[0].mac_pipeline_inst/accumulation_stage_reg[9]
  -------------------------------------------------------------------
                         required time                          6.618    
                         arrival time                          -6.586    
  -------------------------------------------------------------------
                         slack                                  0.032    





Min Delay Paths
--------------------------------------------------------------------------------------
Slack (MET) :             0.139ns  (arrival time - required time)
  Source:                 window_generator_inst/genblk1[1].line_buffer_inst/pixel_delay_reg[4][6]/C
                            (rising edge-triggered cell FDRE clocked by sys_clk  {rise@0.000ns fall@1.077ns period=2.155ns})
  Destination:            kernel_pipeline[0].mac_pipeline_inst/accumulation_stage_reg[8]/A[6]
                            (rising edge-triggered cell DSP48E1 clocked by sys_clk  {rise@0.000ns fall@1.077ns period=2.155ns})
  Path Group:             sys_clk
  Path Type:              Hold (Min at Fast Process Corner)
  Requirement:            0.000ns  (sys_clk rise@0.000ns - sys_clk rise@0.000ns)
  Data Path Delay:        0.509ns  (logic 0.148ns (29.053%)  route 0.361ns (70.947%))
  Logic Levels:           0  
  Clock Path Skew:        0.358ns (DCD - SCD - CPR)
    Destination Clock Delay (DCD):    2.195ns
    Source Clock Delay      (SCD):    1.588ns
    Clock Pessimism Removal (CPR):    0.249ns

    Location             Delay type                Incr(ns)  Path(ns)    Netlist Resource(s)
  -------------------------------------------------------------------    -------------------
                         (clock sys_clk rise edge)    0.000     0.000 r  
    U7                                                0.000     0.000 r  clk (IN)
                         net (fo=0)                   0.000     0.000    clk
    U7                   IBUF (Prop_ibuf_I_O)         0.286     0.286 r  clk_IBUF_inst/O
                         net (fo=1, routed)           0.663     0.949    clk_IBUF
    BUFGCTRL_X0Y0        BUFG (Prop_bufg_I_O)         0.026     0.975 r  clk_IBUF_BUFG_inst/O
                         net (fo=130, routed)         0.613     1.588    window_generator_inst/genblk1[1].line_buffer_inst/clk_IBUF_BUFG
    SLICE_X104Y49        FDRE                                         r  window_generator_inst/genblk1[1].line_buffer_inst/pixel_delay_reg[4][6]/C
  -------------------------------------------------------------------    -------------------
    SLICE_X104Y49        FDRE (Prop_fdre_C_Q)         0.148     1.736 r  window_generator_inst/genblk1[1].line_buffer_inst/pixel_delay_reg[4][6]/Q
                         net (fo=4, routed)           0.361     2.097    kernel_pipeline[0].mac_pipeline_inst/accumulation_stage_reg[7]_1[6]
    DSP48_X4Y20          DSP48E1                                      r  kernel_pipeline[0].mac_pipeline_inst/accumulation_stage_reg[8]/A[6]
  -------------------------------------------------------------------    -------------------

                         (clock sys_clk rise edge)    0.000     0.000 r  
    U7                                                0.000     0.000 r  clk (IN)
                         net (fo=0)                   0.000     0.000    clk
    U7                   IBUF (Prop_ibuf_I_O)         0.476     0.476 r  clk_IBUF_inst/O
                         net (fo=1, routed)           0.719     1.195    clk_IBUF
    BUFGCTRL_X0Y0        BUFG (Prop_bufg_I_O)         0.029     1.224 r  clk_IBUF_BUFG_inst/O
                         net (fo=130, routed)         0.971     2.195    kernel_pipeline[0].mac_pipeline_inst/clk_IBUF_BUFG
    DSP48_X4Y20          DSP48E1                                      r  kernel_pipeline[0].mac_pipeline_inst/accumulation_stage_reg[8]/CLK
                         clock pessimism             -0.249     1.946    
    DSP48_X4Y20          DSP48E1 (Hold_dsp48e1_CLK_A[6])
                                                      0.013     1.959    kernel_pipeline[0].mac_pipeline_inst/accumulation_stage_reg[8]
  -------------------------------------------------------------------
                         required time                         -1.959    
                         arrival time                           2.097    
  -------------------------------------------------------------------
                         slack                                  0.139    

Slack (MET) :             0.140ns  (arrival time - required time)
  Source:                 window_generator_inst/genblk1[1].line_buffer_inst/pixel_delay_reg[4][6]/C
                            (rising edge-triggered cell FDRE clocked by sys_clk  {rise@0.000ns fall@1.077ns period=2.155ns})
  Destination:            kernel_pipeline[0].mac_pipeline_inst/accumulation_stage_reg[9]/A[6]
                            (rising edge-triggered cell DSP48E1 clocked by sys_clk  {rise@0.000ns fall@1.077ns period=2.155ns})
  Path Group:             sys_clk
  Path Type:              Hold (Min at Fast Process Corner)
  Requirement:            0.000ns  (sys_clk rise@0.000ns - sys_clk rise@0.000ns)
  Data Path Delay:        0.509ns  (logic 0.148ns (29.053%)  route 0.361ns (70.947%))
  Logic Levels:           0  
  Clock Path Skew:        0.357ns (DCD - SCD - CPR)
    Destination Clock Delay (DCD):    2.194ns
    Source Clock Delay      (SCD):    1.588ns
    Clock Pessimism Removal (CPR):    0.249ns

    Location             Delay type                Incr(ns)  Path(ns)    Netlist Resource(s)
  -------------------------------------------------------------------    -------------------
                         (clock sys_clk rise edge)    0.000     0.000 r  
    U7                                                0.000     0.000 r  clk (IN)
                         net (fo=0)                   0.000     0.000    clk
    U7                   IBUF (Prop_ibuf_I_O)         0.286     0.286 r  clk_IBUF_inst/O
                         net (fo=1, routed)           0.663     0.949    clk_IBUF
    BUFGCTRL_X0Y0        BUFG (Prop_bufg_I_O)         0.026     0.975 r  clk_IBUF_BUFG_inst/O
                         net (fo=130, routed)         0.613     1.588    window_generator_inst/genblk1[1].line_buffer_inst/clk_IBUF_BUFG
    SLICE_X104Y49        FDRE                                         r  window_generator_inst/genblk1[1].line_buffer_inst/pixel_delay_reg[4][6]/C
  -------------------------------------------------------------------    -------------------
    SLICE_X104Y49        FDRE (Prop_fdre_C_Q)         0.148     1.736 r  window_generator_inst/genblk1[1].line_buffer_inst/pixel_delay_reg[4][6]/Q
                         net (fo=4, routed)           0.361     2.097    kernel_pipeline[0].mac_pipeline_inst/accumulation_stage_reg[7]_1[6]
    DSP48_X4Y21          DSP48E1                                      r  kernel_pipeline[0].mac_pipeline_inst/accumulation_stage_reg[9]/A[6]
  -------------------------------------------------------------------    -------------------

                         (clock sys_clk rise edge)    0.000     0.000 r  
    U7                                                0.000     0.000 r  clk (IN)
                         net (fo=0)                   0.000     0.000    clk
    U7                   IBUF (Prop_ibuf_I_O)         0.476     0.476 r  clk_IBUF_inst/O
                         net (fo=1, routed)           0.719     1.195    clk_IBUF
    BUFGCTRL_X0Y0        BUFG (Prop_bufg_I_O)         0.029     1.224 r  clk_IBUF_BUFG_inst/O
                         net (fo=130, routed)         0.970     2.194    kernel_pipeline[0].mac_pipeline_inst/clk_IBUF_BUFG
    DSP48_X4Y21          DSP48E1                                      r  kernel_pipeline[0].mac_pipeline_inst/accumulation_stage_reg[9]/CLK
                         clock pessimism             -0.249     1.945    
    DSP48_X4Y21          DSP48E1 (Hold_dsp48e1_CLK_A[6])
                                                      0.013     1.958    kernel_pipeline[0].mac_pipeline_inst/accumulation_stage_reg[9]
  -------------------------------------------------------------------
                         required time                         -1.958    
                         arrival time                           2.097    
  -------------------------------------------------------------------
                         slack                                  0.140    

Slack (MET) :             0.177ns  (arrival time - required time)
  Source:                 kernel_memory_inst/kernel_coefficients_reg[6][0]/C
                            (rising edge-triggered cell FDRE clocked by sys_clk  {rise@0.000ns fall@1.077ns period=2.155ns})
  Destination:            kernel_pipeline[0].mac_pipeline_inst/accumulation_stage_reg[5]/B[0]
                            (rising edge-triggered cell DSP48E1 clocked by sys_clk  {rise@0.000ns fall@1.077ns period=2.155ns})
  Path Group:             sys_clk
  Path Type:              Hold (Min at Fast Process Corner)
  Requirement:            0.000ns  (sys_clk rise@6.465ns - sys_clk rise@6.465ns)
  Data Path Delay:        0.386ns  (logic 0.164ns (42.464%)  route 0.222ns (57.536%))
  Logic Levels:           0  
  Clock Path Skew:        0.128ns (DCD - SCD - CPR)
    Destination Clock Delay (DCD):    2.196ns
    Source Clock Delay      (SCD):    1.586ns
    Clock Pessimism Removal (CPR):    0.482ns
  Timing Exception:       MultiCycle Path   Setup -end   4    Hold  -start 3  

    Location             Delay type                Incr(ns)  Path(ns)    Netlist Resource(s)
  -------------------------------------------------------------------    -------------------
                         (clock sys_clk rise edge)    6.465     6.465 r  
    U7                                                0.000     6.465 r  clk (IN)
                         net (fo=0)                   0.000     6.465    clk
    U7                   IBUF (Prop_ibuf_I_O)         0.286     6.751 r  clk_IBUF_inst/O
                         net (fo=1, routed)           0.663     7.414    clk_IBUF
    BUFGCTRL_X0Y0        BUFG (Prop_bufg_I_O)         0.026     7.440 r  clk_IBUF_BUFG_inst/O
                         net (fo=130, routed)         0.611     8.051    kernel_memory_inst/clk_IBUF_BUFG
    SLICE_X100Y41        FDRE                                         r  kernel_memory_inst/kernel_coefficients_reg[6][0]/C
  -------------------------------------------------------------------    -------------------
    SLICE_X100Y41        FDRE (Prop_fdre_C_Q)         0.164     8.215 r  kernel_memory_inst/kernel_coefficients_reg[6][0]/Q
                         net (fo=2, routed)           0.222     8.437    kernel_pipeline[0].mac_pipeline_inst/accumulation_stage_reg[5]_0[0]
    DSP48_X4Y17          DSP48E1                                      r  kernel_pipeline[0].mac_pipeline_inst/accumulation_stage_reg[5]/B[0]
  -------------------------------------------------------------------    -------------------

                         (clock sys_clk rise edge)    6.465     6.465 r  
    U7                                                0.000     6.465 r  clk (IN)
                         net (fo=0)                   0.000     6.465    clk
    U7                   IBUF (Prop_ibuf_I_O)         0.476     6.941 r  clk_IBUF_inst/O
                         net (fo=1, routed)           0.719     7.660    clk_IBUF
    BUFGCTRL_X0Y0        BUFG (Prop_bufg_I_O)         0.029     7.689 r  clk_IBUF_BUFG_inst/O
                         net (fo=130, routed)         0.972     8.661    kernel_pipeline[0].mac_pipeline_inst/clk_IBUF_BUFG
    DSP48_X4Y17          DSP48E1                                      r  kernel_pipeline[0].mac_pipeline_inst/accumulation_stage_reg[5]/CLK
                         clock pessimism             -0.482     8.179    
    DSP48_X4Y17          DSP48E1 (Hold_dsp48e1_CLK_B[0])
                                                      0.082     8.261    kernel_pipeline[0].mac_pipeline_inst/accumulation_stage_reg[5]
  -------------------------------------------------------------------
                         required time                         -8.261    
                         arrival time                           8.437    
  -------------------------------------------------------------------
                         slack                                  0.177    

Slack (MET) :             0.177ns  (arrival time - required time)
  Source:                 kernel_memory_inst/kernel_coefficients_reg[5][0]/C
                            (rising edge-triggered cell FDRE clocked by sys_clk  {rise@0.000ns fall@1.077ns period=2.155ns})
  Destination:            kernel_pipeline[0].mac_pipeline_inst/accumulation_stage_reg[4]/B[0]
                            (rising edge-triggered cell DSP48E1 clocked by sys_clk  {rise@0.000ns fall@1.077ns period=2.155ns})
  Path Group:             sys_clk
  Path Type:              Hold (Min at Fast Process Corner)
  Requirement:            0.000ns  (sys_clk rise@6.465ns - sys_clk rise@6.465ns)
  Data Path Delay:        0.387ns  (logic 0.164ns (42.382%)  route 0.223ns (57.618%))
  Logic Levels:           0  
  Clock Path Skew:        0.128ns (DCD - SCD - CPR)
    Destination Clock Delay (DCD):    2.195ns
    Source Clock Delay      (SCD):    1.585ns
    Clock Pessimism Removal (CPR):    0.482ns
  Timing Exception:       MultiCycle Path   Setup -end   4    Hold  -start 3  

    Location             Delay type                Incr(ns)  Path(ns)    Netlist Resource(s)
  -------------------------------------------------------------------    -------------------
                         (clock sys_clk rise edge)    6.465     6.465 r  
    U7                                                0.000     6.465 r  clk (IN)
                         net (fo=0)                   0.000     6.465    clk
    U7                   IBUF (Prop_ibuf_I_O)         0.286     6.751 r  clk_IBUF_inst/O
                         net (fo=1, routed)           0.663     7.414    clk_IBUF
    BUFGCTRL_X0Y0        BUFG (Prop_bufg_I_O)         0.026     7.440 r  clk_IBUF_BUFG_inst/O
                         net (fo=130, routed)         0.610     8.050    kernel_memory_inst/clk_IBUF_BUFG
    SLICE_X100Y39        FDRE                                         r  kernel_memory_inst/kernel_coefficients_reg[5][0]/C
  -------------------------------------------------------------------    -------------------
    SLICE_X100Y39        FDRE (Prop_fdre_C_Q)         0.164     8.214 r  kernel_memory_inst/kernel_coefficients_reg[5][0]/Q
                         net (fo=2, routed)           0.223     8.437    kernel_pipeline[0].mac_pipeline_inst/accumulation_stage_reg[4]_0[0]
    DSP48_X4Y16          DSP48E1                                      r  kernel_pipeline[0].mac_pipeline_inst/accumulation_stage_reg[4]/B[0]
  -------------------------------------------------------------------    -------------------

                         (clock sys_clk rise edge)    6.465     6.465 r  
    U7                                                0.000     6.465 r  clk (IN)
                         net (fo=0)                   0.000     6.465    clk
    U7                   IBUF (Prop_ibuf_I_O)         0.476     6.941 r  clk_IBUF_inst/O
                         net (fo=1, routed)           0.719     7.660    clk_IBUF
    BUFGCTRL_X0Y0        BUFG (Prop_bufg_I_O)         0.029     7.689 r  clk_IBUF_BUFG_inst/O
                         net (fo=130, routed)         0.971     8.660    kernel_pipeline[0].mac_pipeline_inst/clk_IBUF_BUFG
    DSP48_X4Y16          DSP48E1                                      r  kernel_pipeline[0].mac_pipeline_inst/accumulation_stage_reg[4]/CLK
                         clock pessimism             -0.482     8.178    
    DSP48_X4Y16          DSP48E1 (Hold_dsp48e1_CLK_B[0])
                                                      0.082     8.260    kernel_pipeline[0].mac_pipeline_inst/accumulation_stage_reg[4]
  -------------------------------------------------------------------
                         required time                         -8.260    
                         arrival time                           8.437    
  -------------------------------------------------------------------
                         slack                                  0.177    

Slack (MET) :             0.183ns  (arrival time - required time)
  Source:                 kernel_memory_inst/kernel_coefficients_reg[3][4]/C
                            (rising edge-triggered cell FDRE clocked by sys_clk  {rise@0.000ns fall@1.077ns period=2.155ns})
  Destination:            kernel_memory_inst/kernel_coefficients_reg[2][4]/D
                            (rising edge-triggered cell FDRE clocked by sys_clk  {rise@0.000ns fall@1.077ns period=2.155ns})
  Path Group:             sys_clk
  Path Type:              Hold (Min at Fast Process Corner)
  Requirement:            0.000ns  (sys_clk rise@6.465ns - sys_clk rise@6.465ns)
  Data Path Delay:        0.252ns  (logic 0.141ns (55.916%)  route 0.111ns (44.084%))
  Logic Levels:           0  
  Clock Path Skew:        0.016ns (DCD - SCD - CPR)
    Destination Clock Delay (DCD):    2.104ns
    Source Clock Delay      (SCD):    1.586ns
    Clock Pessimism Removal (CPR):    0.502ns
  Timing Exception:       MultiCycle Path   Setup -end   4    Hold  -start 3  

    Location             Delay type                Incr(ns)  Path(ns)    Netlist Resource(s)
  -------------------------------------------------------------------    -------------------
                         (clock sys_clk rise edge)    6.465     6.465 r  
    U7                                                0.000     6.465 r  clk (IN)
                         net (fo=0)                   0.000     6.465    clk
    U7                   IBUF (Prop_ibuf_I_O)         0.286     6.751 r  clk_IBUF_inst/O
                         net (fo=1, routed)           0.663     7.414    clk_IBUF
    BUFGCTRL_X0Y0        BUFG (Prop_bufg_I_O)         0.026     7.440 r  clk_IBUF_BUFG_inst/O
                         net (fo=130, routed)         0.611     8.051    kernel_memory_inst/clk_IBUF_BUFG
    SLICE_X99Y41         FDRE                                         r  kernel_memory_inst/kernel_coefficients_reg[3][4]/C
  -------------------------------------------------------------------    -------------------
    SLICE_X99Y41         FDRE (Prop_fdre_C_Q)         0.141     8.192 r  kernel_memory_inst/kernel_coefficients_reg[3][4]/Q
                         net (fo=2, routed)           0.111     8.303    kernel_memory_inst/kernel_coefficients_reg[3][7]_0[4]
    SLICE_X100Y42        FDRE                                         r  kernel_memory_inst/kernel_coefficients_reg[2][4]/D
  -------------------------------------------------------------------    -------------------

                         (clock sys_clk rise edge)    6.465     6.465 r  
    U7                                                0.000     6.465 r  clk (IN)
                         net (fo=0)                   0.000     6.465    clk
    U7                   IBUF (Prop_ibuf_I_O)         0.476     6.941 r  clk_IBUF_inst/O
                         net (fo=1, routed)           0.719     7.660    clk_IBUF
    BUFGCTRL_X0Y0        BUFG (Prop_bufg_I_O)         0.029     7.689 r  clk_IBUF_BUFG_inst/O
                         net (fo=130, routed)         0.880     8.569    kernel_memory_inst/clk_IBUF_BUFG
    SLICE_X100Y42        FDRE                                         r  kernel_memory_inst/kernel_coefficients_reg[2][4]/C
                         clock pessimism             -0.502     8.067    
    SLICE_X100Y42        FDRE (Hold_fdre_C_D)         0.053     8.120    kernel_memory_inst/kernel_coefficients_reg[2][4]
  -------------------------------------------------------------------
                         required time                         -8.120    
                         arrival time                           8.303    
  -------------------------------------------------------------------
                         slack                                  0.183    

Slack (MET) :             0.195ns  (arrival time - required time)
  Source:                 window_generator_inst/genblk1[1].line_buffer_inst/pixel_delay_reg[4][3]/C
                            (rising edge-triggered cell FDRE clocked by sys_clk  {rise@0.000ns fall@1.077ns period=2.155ns})
  Destination:            window_generator_inst/genblk1[2].line_buffer_inst/pixel_delay_reg[0][3]_srl28/D
                            (rising edge-triggered cell SRLC32E clocked by sys_clk  {rise@0.000ns fall@1.077ns period=2.155ns})
  Path Group:             sys_clk
  Path Type:              Hold (Min at Fast Process Corner)
  Requirement:            0.000ns  (sys_clk rise@0.000ns - sys_clk rise@0.000ns)
  Data Path Delay:        0.393ns  (logic 0.164ns (41.729%)  route 0.229ns (58.271%))
  Logic Levels:           0  
  Clock Path Skew:        0.015ns (DCD - SCD - CPR)
    Destination Clock Delay (DCD):    2.106ns
    Source Clock Delay      (SCD):    1.588ns
    Clock Pessimism Removal (CPR):    0.503ns

    Location             Delay type                Incr(ns)  Path(ns)    Netlist Resource(s)
  -------------------------------------------------------------------    -------------------
                         (clock sys_clk rise edge)    0.000     0.000 r  
    U7                                                0.000     0.000 r  clk (IN)
                         net (fo=0)                   0.000     0.000    clk
    U7                   IBUF (Prop_ibuf_I_O)         0.286     0.286 r  clk_IBUF_inst/O
                         net (fo=1, routed)           0.663     0.949    clk_IBUF
    BUFGCTRL_X0Y0        BUFG (Prop_bufg_I_O)         0.026     0.975 r  clk_IBUF_BUFG_inst/O
                         net (fo=130, routed)         0.613     1.588    window_generator_inst/genblk1[1].line_buffer_inst/clk_IBUF_BUFG
    SLICE_X104Y49        FDRE                                         r  window_generator_inst/genblk1[1].line_buffer_inst/pixel_delay_reg[4][3]/C
  -------------------------------------------------------------------    -------------------
    SLICE_X104Y49        FDRE (Prop_fdre_C_Q)         0.164     1.752 r  window_generator_inst/genblk1[1].line_buffer_inst/pixel_delay_reg[4][3]/Q
                         net (fo=4, routed)           0.229     1.981    window_generator_inst/genblk1[2].line_buffer_inst/pixel_delay_reg[1][7]_1[3]
    SLICE_X104Y44        SRLC32E                                      r  window_generator_inst/genblk1[2].line_buffer_inst/pixel_delay_reg[0][3]_srl28/D
  -------------------------------------------------------------------    -------------------

                         (clock sys_clk rise edge)    0.000     0.000 r  
    U7                                                0.000     0.000 r  clk (IN)
                         net (fo=0)                   0.000     0.000    clk
    U7                   IBUF (Prop_ibuf_I_O)         0.476     0.476 r  clk_IBUF_inst/O
                         net (fo=1, routed)           0.719     1.195    clk_IBUF
    BUFGCTRL_X0Y0        BUFG (Prop_bufg_I_O)         0.029     1.224 r  clk_IBUF_BUFG_inst/O
                         net (fo=130, routed)         0.882     2.106    window_generator_inst/genblk1[2].line_buffer_inst/clk_IBUF_BUFG
    SLICE_X104Y44        SRLC32E                                      r  window_generator_inst/genblk1[2].line_buffer_inst/pixel_delay_reg[0][3]_srl28/CLK
                         clock pessimism             -0.503     1.603    
    SLICE_X104Y44        SRLC32E (Hold_srlc32e_CLK_D)
                                                      0.183     1.786    window_generator_inst/genblk1[2].line_buffer_inst/pixel_delay_reg[0][3]_srl28
  -------------------------------------------------------------------
                         required time                         -1.786    
                         arrival time                           1.981    
  -------------------------------------------------------------------
                         slack                                  0.195    

Slack (MET) :             0.197ns  (arrival time - required time)
  Source:                 window_generator_inst/window_pixels_reg[7][1]/C
                            (rising edge-triggered cell FDRE clocked by sys_clk  {rise@0.000ns fall@1.077ns period=2.155ns})
  Destination:            kernel_pipeline[0].mac_pipeline_inst/accumulation_stage_reg[3]/A[1]
                            (rising edge-triggered cell DSP48E1 clocked by sys_clk  {rise@0.000ns fall@1.077ns period=2.155ns})
  Path Group:             sys_clk
  Path Type:              Hold (Min at Fast Process Corner)
  Requirement:            0.000ns  (sys_clk rise@0.000ns - sys_clk rise@0.000ns)
  Data Path Delay:        0.391ns  (logic 0.164ns (41.935%)  route 0.227ns (58.065%))
  Logic Levels:           0  
  Clock Path Skew:        0.129ns (DCD - SCD - CPR)
    Destination Clock Delay (DCD):    2.194ns
    Source Clock Delay      (SCD):    1.583ns
    Clock Pessimism Removal (CPR):    0.482ns

    Location             Delay type                Incr(ns)  Path(ns)    Netlist Resource(s)
  -------------------------------------------------------------------    -------------------
                         (clock sys_clk rise edge)    0.000     0.000 r  
    U7                                                0.000     0.000 r  clk (IN)
                         net (fo=0)                   0.000     0.000    clk
    U7                   IBUF (Prop_ibuf_I_O)         0.286     0.286 r  clk_IBUF_inst/O
                         net (fo=1, routed)           0.663     0.949    clk_IBUF
    BUFGCTRL_X0Y0        BUFG (Prop_bufg_I_O)         0.026     0.975 r  clk_IBUF_BUFG_inst/O
                         net (fo=130, routed)         0.608     1.583    window_generator_inst/clk_IBUF_BUFG
    SLICE_X104Y35        FDRE                                         r  window_generator_inst/window_pixels_reg[7][1]/C
  -------------------------------------------------------------------    -------------------
    SLICE_X104Y35        FDRE (Prop_fdre_C_Q)         0.164     1.747 r  window_generator_inst/window_pixels_reg[7][1]/Q
                         net (fo=3, routed)           0.227     1.974    kernel_pipeline[0].mac_pipeline_inst/A[1]
    DSP48_X4Y15          DSP48E1                                      r  kernel_pipeline[0].mac_pipeline_inst/accumulation_stage_reg[3]/A[1]
  -------------------------------------------------------------------    -------------------

                         (clock sys_clk rise edge)    0.000     0.000 r  
    U7                                                0.000     0.000 r  clk (IN)
                         net (fo=0)                   0.000     0.000    clk
    U7                   IBUF (Prop_ibuf_I_O)         0.476     0.476 r  clk_IBUF_inst/O
                         net (fo=1, routed)           0.719     1.195    clk_IBUF
    BUFGCTRL_X0Y0        BUFG (Prop_bufg_I_O)         0.029     1.224 r  clk_IBUF_BUFG_inst/O
                         net (fo=130, routed)         0.970     2.194    kernel_pipeline[0].mac_pipeline_inst/clk_IBUF_BUFG
    DSP48_X4Y15          DSP48E1                                      r  kernel_pipeline[0].mac_pipeline_inst/accumulation_stage_reg[3]/CLK
                         clock pessimism             -0.482     1.712    
    DSP48_X4Y15          DSP48E1 (Hold_dsp48e1_CLK_A[1])
                                                      0.066     1.778    kernel_pipeline[0].mac_pipeline_inst/accumulation_stage_reg[3]
  -------------------------------------------------------------------
                         required time                         -1.778    
                         arrival time                           1.974    
  -------------------------------------------------------------------
                         slack                                  0.197    

Slack (MET) :             0.197ns  (arrival time - required time)
  Source:                 window_generator_inst/window_pixels_reg[7][2]/C
                            (rising edge-triggered cell FDRE clocked by sys_clk  {rise@0.000ns fall@1.077ns period=2.155ns})
  Destination:            kernel_pipeline[0].mac_pipeline_inst/accumulation_stage_reg[3]/A[2]
                            (rising edge-triggered cell DSP48E1 clocked by sys_clk  {rise@0.000ns fall@1.077ns period=2.155ns})
  Path Group:             sys_clk
  Path Type:              Hold (Min at Fast Process Corner)
  Requirement:            0.000ns  (sys_clk rise@0.000ns - sys_clk rise@0.000ns)
  Data Path Delay:        0.391ns  (logic 0.164ns (41.935%)  route 0.227ns (58.065%))
  Logic Levels:           0  
  Clock Path Skew:        0.129ns (DCD - SCD - CPR)
    Destination Clock Delay (DCD):    2.194ns
    Source Clock Delay      (SCD):    1.583ns
    Clock Pessimism Removal (CPR):    0.482ns

    Location             Delay type                Incr(ns)  Path(ns)    Netlist Resource(s)
  -------------------------------------------------------------------    -------------------
                         (clock sys_clk rise edge)    0.000     0.000 r  
    U7                                                0.000     0.000 r  clk (IN)
                         net (fo=0)                   0.000     0.000    clk
    U7                   IBUF (Prop_ibuf_I_O)         0.286     0.286 r  clk_IBUF_inst/O
                         net (fo=1, routed)           0.663     0.949    clk_IBUF
    BUFGCTRL_X0Y0        BUFG (Prop_bufg_I_O)         0.026     0.975 r  clk_IBUF_BUFG_inst/O
                         net (fo=130, routed)         0.608     1.583    window_generator_inst/clk_IBUF_BUFG
    SLICE_X104Y35        FDRE                                         r  window_generator_inst/window_pixels_reg[7][2]/C
  -------------------------------------------------------------------    -------------------
    SLICE_X104Y35        FDRE (Prop_fdre_C_Q)         0.164     1.747 r  window_generator_inst/window_pixels_reg[7][2]/Q
                         net (fo=3, routed)           0.227     1.974    kernel_pipeline[0].mac_pipeline_inst/A[2]
    DSP48_X4Y15          DSP48E1                                      r  kernel_pipeline[0].mac_pipeline_inst/accumulation_stage_reg[3]/A[2]
  -------------------------------------------------------------------    -------------------

                         (clock sys_clk rise edge)    0.000     0.000 r  
    U7                                                0.000     0.000 r  clk (IN)
                         net (fo=0)                   0.000     0.000    clk
    U7                   IBUF (Prop_ibuf_I_O)         0.476     0.476 r  clk_IBUF_inst/O
                         net (fo=1, routed)           0.719     1.195    clk_IBUF
    BUFGCTRL_X0Y0        BUFG (Prop_bufg_I_O)         0.029     1.224 r  clk_IBUF_BUFG_inst/O
                         net (fo=130, routed)         0.970     2.194    kernel_pipeline[0].mac_pipeline_inst/clk_IBUF_BUFG
    DSP48_X4Y15          DSP48E1                                      r  kernel_pipeline[0].mac_pipeline_inst/accumulation_stage_reg[3]/CLK
                         clock pessimism             -0.482     1.712    
    DSP48_X4Y15          DSP48E1 (Hold_dsp48e1_CLK_A[2])
                                                      0.066     1.778    kernel_pipeline[0].mac_pipeline_inst/accumulation_stage_reg[3]
  -------------------------------------------------------------------
                         required time                         -1.778    
                         arrival time                           1.974    
  -------------------------------------------------------------------
                         slack                                  0.197    

Slack (MET) :             0.197ns  (arrival time - required time)
  Source:                 window_generator_inst/window_pixels_reg[7][5]/C
                            (rising edge-triggered cell FDRE clocked by sys_clk  {rise@0.000ns fall@1.077ns period=2.155ns})
  Destination:            kernel_pipeline[0].mac_pipeline_inst/accumulation_stage_reg[3]/A[5]
                            (rising edge-triggered cell DSP48E1 clocked by sys_clk  {rise@0.000ns fall@1.077ns period=2.155ns})
  Path Group:             sys_clk
  Path Type:              Hold (Min at Fast Process Corner)
  Requirement:            0.000ns  (sys_clk rise@0.000ns - sys_clk rise@0.000ns)
  Data Path Delay:        0.391ns  (logic 0.164ns (41.935%)  route 0.227ns (58.065%))
  Logic Levels:           0  
  Clock Path Skew:        0.129ns (DCD - SCD - CPR)
    Destination Clock Delay (DCD):    2.194ns
    Source Clock Delay      (SCD):    1.583ns
    Clock Pessimism Removal (CPR):    0.482ns

    Location             Delay type                Incr(ns)  Path(ns)    Netlist Resource(s)
  -------------------------------------------------------------------    -------------------
                         (clock sys_clk rise edge)    0.000     0.000 r  
    U7                                                0.000     0.000 r  clk (IN)
                         net (fo=0)                   0.000     0.000    clk
    U7                   IBUF (Prop_ibuf_I_O)         0.286     0.286 r  clk_IBUF_inst/O
                         net (fo=1, routed)           0.663     0.949    clk_IBUF
    BUFGCTRL_X0Y0        BUFG (Prop_bufg_I_O)         0.026     0.975 r  clk_IBUF_BUFG_inst/O
                         net (fo=130, routed)         0.608     1.583    window_generator_inst/clk_IBUF_BUFG
    SLICE_X104Y36        FDRE                                         r  window_generator_inst/window_pixels_reg[7][5]/C
  -------------------------------------------------------------------    -------------------
    SLICE_X104Y36        FDRE (Prop_fdre_C_Q)         0.164     1.747 r  window_generator_inst/window_pixels_reg[7][5]/Q
                         net (fo=3, routed)           0.227     1.974    kernel_pipeline[0].mac_pipeline_inst/A[5]
    DSP48_X4Y15          DSP48E1                                      r  kernel_pipeline[0].mac_pipeline_inst/accumulation_stage_reg[3]/A[5]
  -------------------------------------------------------------------    -------------------

                         (clock sys_clk rise edge)    0.000     0.000 r  
    U7                                                0.000     0.000 r  clk (IN)
                         net (fo=0)                   0.000     0.000    clk
    U7                   IBUF (Prop_ibuf_I_O)         0.476     0.476 r  clk_IBUF_inst/O
                         net (fo=1, routed)           0.719     1.195    clk_IBUF
    BUFGCTRL_X0Y0        BUFG (Prop_bufg_I_O)         0.029     1.224 r  clk_IBUF_BUFG_inst/O
                         net (fo=130, routed)         0.970     2.194    kernel_pipeline[0].mac_pipeline_inst/clk_IBUF_BUFG
    DSP48_X4Y15          DSP48E1                                      r  kernel_pipeline[0].mac_pipeline_inst/accumulation_stage_reg[3]/CLK
                         clock pessimism             -0.482     1.712    
    DSP48_X4Y15          DSP48E1 (Hold_dsp48e1_CLK_A[5])
                                                      0.066     1.778    kernel_pipeline[0].mac_pipeline_inst/accumulation_stage_reg[3]
  -------------------------------------------------------------------
                         required time                         -1.778    
                         arrival time                           1.974    
  -------------------------------------------------------------------
                         slack                                  0.197    

Slack (MET) :             0.197ns  (arrival time - required time)
  Source:                 window_generator_inst/window_pixels_reg[7][6]/C
                            (rising edge-triggered cell FDRE clocked by sys_clk  {rise@0.000ns fall@1.077ns period=2.155ns})
  Destination:            kernel_pipeline[0].mac_pipeline_inst/accumulation_stage_reg[3]/A[6]
                            (rising edge-triggered cell DSP48E1 clocked by sys_clk  {rise@0.000ns fall@1.077ns period=2.155ns})
  Path Group:             sys_clk
  Path Type:              Hold (Min at Fast Process Corner)
  Requirement:            0.000ns  (sys_clk rise@0.000ns - sys_clk rise@0.000ns)
  Data Path Delay:        0.391ns  (logic 0.164ns (41.935%)  route 0.227ns (58.065%))
  Logic Levels:           0  
  Clock Path Skew:        0.129ns (DCD - SCD - CPR)
    Destination Clock Delay (DCD):    2.194ns
    Source Clock Delay      (SCD):    1.583ns
    Clock Pessimism Removal (CPR):    0.482ns

    Location             Delay type                Incr(ns)  Path(ns)    Netlist Resource(s)
  -------------------------------------------------------------------    -------------------
                         (clock sys_clk rise edge)    0.000     0.000 r  
    U7                                                0.000     0.000 r  clk (IN)
                         net (fo=0)                   0.000     0.000    clk
    U7                   IBUF (Prop_ibuf_I_O)         0.286     0.286 r  clk_IBUF_inst/O
                         net (fo=1, routed)           0.663     0.949    clk_IBUF
    BUFGCTRL_X0Y0        BUFG (Prop_bufg_I_O)         0.026     0.975 r  clk_IBUF_BUFG_inst/O
                         net (fo=130, routed)         0.608     1.583    window_generator_inst/clk_IBUF_BUFG
    SLICE_X104Y36        FDRE                                         r  window_generator_inst/window_pixels_reg[7][6]/C
  -------------------------------------------------------------------    -------------------
    SLICE_X104Y36        FDRE (Prop_fdre_C_Q)         0.164     1.747 r  window_generator_inst/window_pixels_reg[7][6]/Q
                         net (fo=3, routed)           0.227     1.974    kernel_pipeline[0].mac_pipeline_inst/A[6]
    DSP48_X4Y15          DSP48E1                                      r  kernel_pipeline[0].mac_pipeline_inst/accumulation_stage_reg[3]/A[6]
  -------------------------------------------------------------------    -------------------

                         (clock sys_clk rise edge)    0.000     0.000 r  
    U7                                                0.000     0.000 r  clk (IN)
                         net (fo=0)                   0.000     0.000    clk
    U7                   IBUF (Prop_ibuf_I_O)         0.476     0.476 r  clk_IBUF_inst/O
                         net (fo=1, routed)           0.719     1.195    clk_IBUF
    BUFGCTRL_X0Y0        BUFG (Prop_bufg_I_O)         0.029     1.224 r  clk_IBUF_BUFG_inst/O
                         net (fo=130, routed)         0.970     2.194    kernel_pipeline[0].mac_pipeline_inst/clk_IBUF_BUFG
    DSP48_X4Y15          DSP48E1                                      r  kernel_pipeline[0].mac_pipeline_inst/accumulation_stage_reg[3]/CLK
                         clock pessimism             -0.482     1.712    
    DSP48_X4Y15          DSP48E1 (Hold_dsp48e1_CLK_A[6])
                                                      0.066     1.778    kernel_pipeline[0].mac_pipeline_inst/accumulation_stage_reg[3]
  -------------------------------------------------------------------
                         required time                         -1.778    
                         arrival time                           1.974    
  -------------------------------------------------------------------
                         slack                                  0.197    





Pulse Width Checks
--------------------------------------------------------------------------------------
Clock Name:         sys_clk
Waveform(ns):       { 0.000 1.077 }
Period(ns):         2.155
Sources:            { clk }

Check Type        Corner  Lib Pin      Reference Pin  Required(ns)  Actual(ns)  Slack(ns)  Location       Pin
Min Period        n/a     BUFG/I       n/a            2.155         2.155       0.000      BUFGCTRL_X0Y0  clk_IBUF_BUFG_inst/I
Min Period        n/a     DSP48E1/CLK  n/a            2.154         2.155       0.001      DSP48_X4Y14    kernel_pipeline[0].mac_pipeline_inst/accumulation_stage_reg[2]/CLK
Min Period        n/a     DSP48E1/CLK  n/a            2.154         2.155       0.001      DSP48_X4Y15    kernel_pipeline[0].mac_pipeline_inst/accumulation_stage_reg[3]/CLK
Min Period        n/a     DSP48E1/CLK  n/a            2.154         2.155       0.001      DSP48_X4Y16    kernel_pipeline[0].mac_pipeline_inst/accumulation_stage_reg[4]/CLK
Min Period        n/a     DSP48E1/CLK  n/a            2.154         2.155       0.001      DSP48_X4Y17    kernel_pipeline[0].mac_pipeline_inst/accumulation_stage_reg[5]/CLK
Min Period        n/a     DSP48E1/CLK  n/a            2.154         2.155       0.001      DSP48_X4Y18    kernel_pipeline[0].mac_pipeline_inst/accumulation_stage_reg[6]/CLK
Min Period        n/a     DSP48E1/CLK  n/a            2.154         2.155       0.001      DSP48_X4Y19    kernel_pipeline[0].mac_pipeline_inst/accumulation_stage_reg[7]/CLK
Min Period        n/a     DSP48E1/CLK  n/a            2.154         2.155       0.001      DSP48_X4Y20    kernel_pipeline[0].mac_pipeline_inst/accumulation_stage_reg[8]/CLK
Min Period        n/a     DSP48E1/CLK  n/a            2.154         2.155       0.001      DSP48_X4Y21    kernel_pipeline[0].mac_pipeline_inst/accumulation_stage_reg[9]/CLK
Min Period        n/a     DSP48E1/CLK  n/a            2.154         2.155       0.001      DSP48_X4Y13    kernel_pipeline[0].mac_pipeline_inst/accumulation_stage_reg[1]/CLK
Low Pulse Width   Slow    SRL16E/CLK   n/a            0.980         1.078       0.098      SLICE_X104Y49  window_generator_inst/genblk1[1].line_buffer_inst/pixel_delay_reg[3][0]_srl7/CLK
Low Pulse Width   Slow    SRL16E/CLK   n/a            0.980         1.078       0.098      SLICE_X104Y49  window_generator_inst/genblk1[1].line_buffer_inst/pixel_delay_reg[3][1]_srl7/CLK
Low Pulse Width   Slow    SRL16E/CLK   n/a            0.980         1.078       0.098      SLICE_X104Y49  window_generator_inst/genblk1[1].line_buffer_inst/pixel_delay_reg[3][2]_srl7/CLK
Low Pulse Width   Slow    SRL16E/CLK   n/a            0.980         1.078       0.098      SLICE_X104Y49  window_generator_inst/genblk1[1].line_buffer_inst/pixel_delay_reg[3][3]_srl7/CLK
Low Pulse Width   Slow    SRL16E/CLK   n/a            0.980         1.078       0.098      SLICE_X104Y49  window_generator_inst/genblk1[1].line_buffer_inst/pixel_delay_reg[3][4]_srl7/CLK
Low Pulse Width   Slow    SRL16E/CLK   n/a            0.980         1.078       0.098      SLICE_X104Y49  window_generator_inst/genblk1[1].line_buffer_inst/pixel_delay_reg[3][5]_srl7/CLK
Low Pulse Width   Slow    SRL16E/CLK   n/a            0.980         1.078       0.098      SLICE_X104Y49  window_generator_inst/genblk1[1].line_buffer_inst/pixel_delay_reg[3][6]_srl7/CLK
Low Pulse Width   Slow    SRL16E/CLK   n/a            0.980         1.078       0.098      SLICE_X104Y49  window_generator_inst/genblk1[1].line_buffer_inst/pixel_delay_reg[3][7]_srl7/CLK
Low Pulse Width   Slow    SRLC32E/CLK  n/a            0.980         1.078       0.098      SLICE_X104Y44  window_generator_inst/genblk1[2].line_buffer_inst/pixel_delay_reg[0][0]_srl28/CLK
Low Pulse Width   Slow    SRLC32E/CLK  n/a            0.980         1.078       0.098      SLICE_X104Y44  window_generator_inst/genblk1[2].line_buffer_inst/pixel_delay_reg[0][1]_srl28/CLK
High Pulse Width  Slow    SRL16E/CLK   n/a            0.980         1.077       0.097      SLICE_X104Y49  window_generator_inst/genblk1[1].line_buffer_inst/pixel_delay_reg[3][0]_srl7/CLK
High Pulse Width  Fast    SRL16E/CLK   n/a            0.980         1.077       0.097      SLICE_X104Y49  window_generator_inst/genblk1[1].line_buffer_inst/pixel_delay_reg[3][0]_srl7/CLK
High Pulse Width  Slow    SRL16E/CLK   n/a            0.980         1.077       0.097      SLICE_X104Y49  window_generator_inst/genblk1[1].line_buffer_inst/pixel_delay_reg[3][1]_srl7/CLK
High Pulse Width  Fast    SRL16E/CLK   n/a            0.980         1.077       0.097      SLICE_X104Y49  window_generator_inst/genblk1[1].line_buffer_inst/pixel_delay_reg[3][1]_srl7/CLK
High Pulse Width  Slow    SRL16E/CLK   n/a            0.980         1.077       0.097      SLICE_X104Y49  window_generator_inst/genblk1[1].line_buffer_inst/pixel_delay_reg[3][2]_srl7/CLK
High Pulse Width  Fast    SRL16E/CLK   n/a            0.980         1.077       0.097      SLICE_X104Y49  window_generator_inst/genblk1[1].line_buffer_inst/pixel_delay_reg[3][2]_srl7/CLK
High Pulse Width  Slow    SRL16E/CLK   n/a            0.980         1.077       0.097      SLICE_X104Y49  window_generator_inst/genblk1[1].line_buffer_inst/pixel_delay_reg[3][3]_srl7/CLK
High Pulse Width  Fast    SRL16E/CLK   n/a            0.980         1.077       0.097      SLICE_X104Y49  window_generator_inst/genblk1[1].line_buffer_inst/pixel_delay_reg[3][3]_srl7/CLK
High Pulse Width  Slow    SRL16E/CLK   n/a            0.980         1.077       0.097      SLICE_X104Y49  window_generator_inst/genblk1[1].line_buffer_inst/pixel_delay_reg[3][4]_srl7/CLK
High Pulse Width  Fast    SRL16E/CLK   n/a            0.980         1.077       0.097      SLICE_X104Y49  window_generator_inst/genblk1[1].line_buffer_inst/pixel_delay_reg[3][4]_srl7/CLK



