Copyright 1986-2019 Xilinx, Inc. All Rights Reserved.
------------------------------------------------------------------------------------
| Tool Version : Vivado v.2019.1 (lin64) Build 2552052 Fri May 24 14:47:09 MDT 2019
| Date         : Wed Sep 23 20:33:47 2026
| Host         : IC_EDA running 64-bit CentOS Linux release 7.9.2009 (Core)
| Command      : report_control_sets -verbose -file cnn_top_control_sets_placed.rpt
| Design       : cnn_top
| Device       : xc7z020
------------------------------------------------------------------------------------

Control Set Information

Table of Contents
-----------------
1. Summary
2. Histogram
3. Flip-Flop Distribution
4. Detailed Control Set Information

1. Summary
----------

+----------------------------------------------------------+-------+
|                          Status                          | Count |
+----------------------------------------------------------+-------+
| Total control sets                                       |     5 |
|    Minimum number of control sets                        |     5 |
|    Addition due to synthesis replication                 |     0 |
|    Addition due to physical synthesis replication        |     0 |
| Unused register locations in slices containing registers |    15 |
+----------------------------------------------------------+-------+
* Control sets can be merged at opt_design using control_set_merge or merge_equivalent_drivers
** Run report_qor_suggestions for automated merging and remapping suggestions


2. Histogram
------------

+--------------------+-------+
|       Fanout       | Count |
+--------------------+-------+
| Total control sets |     5 |
| >= 0 to < 4        |     0 |
| >= 4 to < 6        |     2 |
| >= 6 to < 8        |     0 |
| >= 8 to < 10       |     1 |
| >= 10 to < 12      |     0 |
| >= 12 to < 14      |     0 |
| >= 14 to < 16      |     0 |
| >= 16              |     2 |
+--------------------+-------+
* Control sets can be remapped at either synth_design or opt_design


3. Flip-Flop Distribution
-------------------------

+--------------+-----------------------+------------------------+-----------------+--------------+
| Clock Enable | Synchronous Set/Reset | Asynchronous Set/Reset | Total Registers | Total Slices |
+--------------+-----------------------+------------------------+-----------------+--------------+
| No           | No                    | No                     |               0 |            0 |
| No           | No                    | Yes                    |               9 |            3 |
| No           | Yes                   | No                     |               0 |            0 |
| Yes          | No                    | No                     |              80 |           13 |
| Yes          | No                    | Yes                    |               4 |            2 |
| Yes          | Yes                   | No                     |               4 |            1 |
+--------------+-----------------------+------------------------+-----------------+--------------+


4. Detailed Control Set Information
-----------------------------------

+----------------+--------------------------------------------+---------------------------------------------------------+------------------+----------------+
|  Clock Signal  |                Enable Signal               |                     Set/Reset Signal                    | Slice Load Count | Bel Load Count |
+----------------+--------------------------------------------+---------------------------------------------------------+------------------+----------------+
|  clk_IBUF_BUFG | controller_inst/flush_counter              | controller_inst/FSM_sequential_current_state[1]_i_2_n_0 |                2 |              4 |
|  clk_IBUF_BUFG | kernel_memory_inst/kernel_counter_reg[1]_0 | kernel_memory_inst/kernel_counter                       |                1 |              4 |
|  clk_IBUF_BUFG |                                            | controller_inst/FSM_sequential_current_state[1]_i_2_n_0 |                3 |              9 |
|  clk_IBUF_BUFG | cnn_en_IBUF                                |                                                         |                5 |             48 |
|  clk_IBUF_BUFG | kernel_memory_inst/kernel_counter_reg[1]_0 |                                                         |                8 |             56 |
+----------------+--------------------------------------------+---------------------------------------------------------+------------------+----------------+


