
*** Running vivado
    with args -log cnn_top.vdi -applog -m64 -product Vivado -messageDb vivado.pb -mode batch -source cnn_top.tcl -notrace


****** Vivado v2019.1 (64-bit)
  **** SW Build 2552052 on Fri May 24 14:47:09 MDT 2019
  **** IP Build 2548770 on Fri May 24 18:01:18 MDT 2019
    ** Copyright 1986-2019 Xilinx, Inc. All Rights Reserved.

source cnn_top.tcl -notrace
Command: link_design -top cnn_top -part xc7z020clg400-1
Design is defaulting to srcset: sources_1
Design is defaulting to constrset: constrs_1
INFO: [Device 21-403] Loading part xc7z020clg400-1
INFO: [Netlist 29-17] Analyzing 9 Unisim elements for replacement
INFO: [Netlist 29-28] Unisim Transformation completed in 0 CPU seconds
INFO: [Project 1-479] Netlist was created with Vivado 2019.1
INFO: [Project 1-570] Preparing netlist for logic optimization
Parsing XDC File [/mnt/hgfs/Digital_Shared_Folder/Best_design_v2_compare/LAST_VERISON/project_9/project_9.srcs/constrs_2/new/impl_constraints.xdc]
INFO: [Timing 38-35] Done setting XDC timing constraints. [/mnt/hgfs/Digital_Shared_Folder/Best_design_v2_compare/LAST_VERISON/project_9/project_9.srcs/constrs_2/new/impl_constraints.xdc:47]
Finished Parsing XDC File [/mnt/hgfs/Digital_Shared_Folder/Best_design_v2_compare/LAST_VERISON/project_9/project_9.srcs/constrs_2/new/impl_constraints.xdc]
Parsing XDC File [/mnt/hgfs/Digital_Shared_Folder/Best_design_v2_compare/LAST_VERISON/project_9/project_9.srcs/constrs_2/new/waiver_messages.xdc]
Finished Parsing XDC File [/mnt/hgfs/Digital_Shared_Folder/Best_design_v2_compare/LAST_VERISON/project_9/project_9.srcs/constrs_2/new/waiver_messages.xdc]
Parsing XDC File [/mnt/hgfs/Digital_Shared_Folder/Best_design_v2_compare/LAST_VERISON/constraints/pblock.xdc]
WARNING: [Vivado 12-4775] These ranges will be aligned to a tile boundary: DSP48_X0Y9:DSP48_X4Y25 [/mnt/hgfs/Digital_Shared_Folder/Best_design_v2_compare/LAST_VERISON/constraints/pblock.xdc:2]
Finished Parsing XDC File [/mnt/hgfs/Digital_Shared_Folder/Best_design_v2_compare/LAST_VERISON/constraints/pblock.xdc]
INFO: [Opt 31-138] Pushed 0 inverter(s) to 0 load pin(s).
Netlist sorting complete. Time (s): cpu = 00:00:00 ; elapsed = 00:00:00 . Memory (MB): peak = 2323.309 ; gain = 0.000 ; free physical = 2754 ; free virtual = 14586
INFO: [Project 1-111] Unisim Transformation Summary:
No Unisim elements were transformed.

8 Infos, 1 Warnings, 0 Critical Warnings and 0 Errors encountered.
link_design completed successfully
link_design: Time (s): cpu = 00:00:06 ; elapsed = 00:00:07 . Memory (MB): peak = 2323.309 ; gain = 800.641 ; free physical = 2754 ; free virtual = 14586
Command: opt_design
Attempting to get a license for feature 'Implementation' and/or device 'xc7z020'
INFO: [Common 17-349] Got license for feature 'Implementation' and/or device 'xc7z020'
Running DRC as a precondition to command opt_design

Starting DRC Task
INFO: [DRC 23-27] Running DRC with 8 threads
INFO: [Project 1-461] DRC finished with 0 Errors
INFO: [Project 1-462] Please refer to the DRC report (report_drc) for more information.

Time (s): cpu = 00:00:01 ; elapsed = 00:00:02 . Memory (MB): peak = 2400.117 ; gain = 76.809 ; free physical = 2746 ; free virtual = 14578

Starting Cache Timing Information Task
INFO: [Timing 38-35] Done setting XDC timing constraints.
Ending Cache Timing Information Task | Checksum: c67fd2ce

Time (s): cpu = 00:00:00.06 ; elapsed = 00:00:00.02 . Memory (MB): peak = 2400.117 ; gain = 0.000 ; free physical = 2746 ; free virtual = 14578

Starting Logic Optimization Task

Phase 1 Retarget
INFO: [Opt 31-138] Pushed 0 inverter(s) to 0 load pin(s).
INFO: [Opt 31-49] Retargeted 0 cell(s).
Phase 1 Retarget | Checksum: c67fd2ce

Time (s): cpu = 00:00:00.02 ; elapsed = 00:00:00.01 . Memory (MB): peak = 2428.102 ; gain = 0.004 ; free physical = 2637 ; free virtual = 14468
INFO: [Opt 31-389] Phase Retarget created 0 cells and removed 0 cells
INFO: [Opt 31-1021] In phase Retarget, 17 netlist objects are constrained preventing optimization. Please run opt_design with -debug_log to get more detail. 

Phase 2 Constant propagation
INFO: [Opt 31-138] Pushed 0 inverter(s) to 0 load pin(s).
Phase 2 Constant propagation | Checksum: c67fd2ce

Time (s): cpu = 00:00:00.02 ; elapsed = 00:00:00.02 . Memory (MB): peak = 2428.102 ; gain = 0.004 ; free physical = 2637 ; free virtual = 14468
INFO: [Opt 31-389] Phase Constant propagation created 0 cells and removed 0 cells
INFO: [Opt 31-1021] In phase Constant propagation, 9 netlist objects are constrained preventing optimization. Please run opt_design with -debug_log to get more detail. 

Phase 3 Sweep
Phase 3 Sweep | Checksum: c67fd2ce

Time (s): cpu = 00:00:00.03 ; elapsed = 00:00:00.03 . Memory (MB): peak = 2428.102 ; gain = 0.004 ; free physical = 2637 ; free virtual = 14468
INFO: [Opt 31-389] Phase Sweep created 0 cells and removed 0 cells

Phase 4 BUFG optimization
Phase 4 BUFG optimization | Checksum: c67fd2ce

Time (s): cpu = 00:00:00.04 ; elapsed = 00:00:00.03 . Memory (MB): peak = 2428.102 ; gain = 0.004 ; free physical = 2637 ; free virtual = 14468
INFO: [Opt 31-662] Phase BUFG optimization created 0 cells of which 0 are BUFGs and removed 0 cells.

Phase 5 Shift Register Optimization
INFO: [Opt 31-1064] SRL Remap converted 0 SRLs to 0 registers and converted 0 registers of register chains to 0 SRLs
Phase 5 Shift Register Optimization | Checksum: c67fd2ce

Time (s): cpu = 00:00:00.04 ; elapsed = 00:00:00.04 . Memory (MB): peak = 2428.102 ; gain = 0.004 ; free physical = 2637 ; free virtual = 14468
INFO: [Opt 31-389] Phase Shift Register Optimization created 0 cells and removed 0 cells

Phase 6 Post Processing Netlist
Phase 6 Post Processing Netlist | Checksum: c67fd2ce

Time (s): cpu = 00:00:00.04 ; elapsed = 00:00:00.04 . Memory (MB): peak = 2428.102 ; gain = 0.004 ; free physical = 2637 ; free virtual = 14468
INFO: [Opt 31-389] Phase Post Processing Netlist created 0 cells and removed 0 cells
Opt_design Change Summary
=========================


-------------------------------------------------------------------------------------------------------------------------
|  Phase                        |  #Cells created  |  #Cells Removed  |  #Constrained objects preventing optimizations  |
-------------------------------------------------------------------------------------------------------------------------
|  Retarget                     |               0  |               0  |                                             17  |
|  Constant propagation         |               0  |               0  |                                              9  |
|  Sweep                        |               0  |               0  |                                              0  |
|  BUFG optimization            |               0  |               0  |                                              0  |
|  Shift Register Optimization  |               0  |               0  |                                              0  |
|  Post Processing Netlist      |               0  |               0  |                                              0  |
-------------------------------------------------------------------------------------------------------------------------



Starting Connectivity Check Task

Time (s): cpu = 00:00:00 ; elapsed = 00:00:00 . Memory (MB): peak = 2428.102 ; gain = 0.000 ; free physical = 2637 ; free virtual = 14468
Ending Logic Optimization Task | Checksum: c67fd2ce

Time (s): cpu = 00:00:00.04 ; elapsed = 00:00:00.05 . Memory (MB): peak = 2428.102 ; gain = 0.004 ; free physical = 2637 ; free virtual = 14468

Starting Power Optimization Task
INFO: [Pwropt 34-132] Skipping clock gating for clocks with a period < 2.00 ns.
Ending Power Optimization Task | Checksum: c67fd2ce

Time (s): cpu = 00:00:00 ; elapsed = 00:00:00.02 . Memory (MB): peak = 2428.102 ; gain = 0.000 ; free physical = 2636 ; free virtual = 14468

Starting Final Cleanup Task
Ending Final Cleanup Task | Checksum: c67fd2ce

Time (s): cpu = 00:00:00 ; elapsed = 00:00:00 . Memory (MB): peak = 2428.102 ; gain = 0.000 ; free physical = 2636 ; free virtual = 14468

Starting Netlist Obfuscation Task
Netlist sorting complete. Time (s): cpu = 00:00:00 ; elapsed = 00:00:00 . Memory (MB): peak = 2428.102 ; gain = 0.000 ; free physical = 2636 ; free virtual = 14468
Ending Netlist Obfuscation Task | Checksum: c67fd2ce

Time (s): cpu = 00:00:00 ; elapsed = 00:00:00 . Memory (MB): peak = 2428.102 ; gain = 0.000 ; free physical = 2636 ; free virtual = 14468
INFO: [Common 17-83] Releasing license: Implementation
27 Infos, 1 Warnings, 0 Critical Warnings and 0 Errors encountered.
opt_design completed successfully
Netlist sorting complete. Time (s): cpu = 00:00:00 ; elapsed = 00:00:00 . Memory (MB): peak = 2428.102 ; gain = 0.000 ; free physical = 2636 ; free virtual = 14468
INFO: [Timing 38-480] Writing timing data to binary archive.
Writing placer database...
Writing XDEF routing.
Writing XDEF routing logical nets.
Writing XDEF routing special nets.
Write XDEF Complete: Time (s): cpu = 00:00:00.10 ; elapsed = 00:00:00.05 . Memory (MB): peak = 2428.102 ; gain = 0.000 ; free physical = 2630 ; free virtual = 14463
INFO: [Common 17-1381] The checkpoint '/mnt/hgfs/Digital_Shared_Folder/Best_design_v2_compare/LAST_VERISON/project_9/project_9.runs/impl_1/cnn_top_opt.dcp' has been generated.
INFO: [runtcl-4] Executing : report_drc -file cnn_top_drc_opted.rpt -pb cnn_top_drc_opted.pb -rpx cnn_top_drc_opted.rpx
Command: report_drc -file cnn_top_drc_opted.rpt -pb cnn_top_drc_opted.pb -rpx cnn_top_drc_opted.rpx
INFO: [IP_Flow 19-234] Refreshing IP repositories
INFO: [IP_Flow 19-1704] No user IP repositories specified
INFO: [IP_Flow 19-2313] Loaded Vivado IP repository '/home/Xilinx/Vivado/2019.1/data/ip'.
INFO: [DRC 23-27] Running DRC with 8 threads
INFO: [Coretcl 2-168] The results of DRC are in file /mnt/hgfs/Digital_Shared_Folder/Best_design_v2_compare/LAST_VERISON/project_9/project_9.runs/impl_1/cnn_top_drc_opted.rpt.
report_drc completed successfully
Command: place_design -directive ExtraTimingOpt
Attempting to get a license for feature 'Implementation' and/or device 'xc7z020'
INFO: [Common 17-349] Got license for feature 'Implementation' and/or device 'xc7z020'
INFO: [DRC 23-27] Running DRC with 8 threads
INFO: [Vivado_Tcl 4-198] DRC finished with 0 Errors
INFO: [Vivado_Tcl 4-199] Please refer to the DRC report (report_drc) for more information.
Running DRC as a precondition to command place_design
INFO: [DRC 23-27] Running DRC with 8 threads
INFO: [Vivado_Tcl 4-198] DRC finished with 0 Errors
INFO: [Vivado_Tcl 4-199] Please refer to the DRC report (report_drc) for more information.

Starting Placer Task
INFO: [Place 46-5] The placer was invoked with the 'ExtraTimingOpt' directive.
INFO: [Place 30-611] Multithreading enabled for place_design using a maximum of 8 CPUs

Phase 1 Placer Initialization

Phase 1.1 Placer Initialization Netlist Sorting
Netlist sorting complete. Time (s): cpu = 00:00:00 ; elapsed = 00:00:00 . Memory (MB): peak = 2600.426 ; gain = 0.000 ; free physical = 2617 ; free virtual = 14449
Phase 1.1 Placer Initialization Netlist Sorting | Checksum: 4af502f4

Time (s): cpu = 00:00:00 ; elapsed = 00:00:00.01 . Memory (MB): peak = 2600.426 ; gain = 0.000 ; free physical = 2617 ; free virtual = 14449
Netlist sorting complete. Time (s): cpu = 00:00:00 ; elapsed = 00:00:00 . Memory (MB): peak = 2600.426 ; gain = 0.000 ; free physical = 2617 ; free virtual = 14449

Phase 1.2 IO Placement/ Clock Placement/ Build Placer Device
INFO: [Timing 38-35] Done setting XDC timing constraints.
Phase 1.2 IO Placement/ Clock Placement/ Build Placer Device | Checksum: 1e3f94a42

Time (s): cpu = 00:00:00.38 ; elapsed = 00:00:00.19 . Memory (MB): peak = 2600.426 ; gain = 0.000 ; free physical = 2604 ; free virtual = 14435

Phase 1.3 Build Placer Netlist Model
Phase 1.3 Build Placer Netlist Model | Checksum: 2c1c474a7

Time (s): cpu = 00:00:00.53 ; elapsed = 00:00:00.27 . Memory (MB): peak = 2600.426 ; gain = 0.000 ; free physical = 2612 ; free virtual = 14444

Phase 1.4 Constrain Clocks/Macros
Phase 1.4 Constrain Clocks/Macros | Checksum: 2c1c474a7

Time (s): cpu = 00:00:00.53 ; elapsed = 00:00:00.27 . Memory (MB): peak = 2600.426 ; gain = 0.000 ; free physical = 2612 ; free virtual = 14444
Phase 1 Placer Initialization | Checksum: 2c1c474a7

Time (s): cpu = 00:00:00.53 ; elapsed = 00:00:00.27 . Memory (MB): peak = 2600.426 ; gain = 0.000 ; free physical = 2612 ; free virtual = 14444

Phase 2 Global Placement

Phase 2.1 Floorplanning
Phase 2.1 Floorplanning | Checksum: 24a2cd43f

Time (s): cpu = 00:00:00.92 ; elapsed = 00:00:00.37 . Memory (MB): peak = 2600.426 ; gain = 0.000 ; free physical = 2610 ; free virtual = 14441

Phase 2.2 Global Placement Core

Phase 2.2.1 Physical Synthesis In Placer
INFO: [Physopt 32-65] No nets found for high-fanout optimization.
INFO: [Physopt 32-232] Optimized 0 net. Created 0 new instance.
INFO: [Physopt 32-775] End 1 Pass. Optimized 0 net or cell. Created 0 new cell, deleted 0 existing cell and moved 0 existing cell
INFO: [Physopt 32-64] No nets found for fanout-optimization.
INFO: [Physopt 32-232] Optimized 0 net. Created 0 new instance.
INFO: [Physopt 32-775] End 1 Pass. Optimized 0 net or cell. Created 0 new cell, deleted 0 existing cell and moved 0 existing cell
INFO: [Physopt 32-456] No candidate cells for DSP register optimization found in the design.
INFO: [Physopt 32-775] End 2 Pass. Optimized 0 net or cell. Created 0 new cell, deleted 0 existing cell and moved 0 existing cell
INFO: [Physopt 32-677] No candidate cells for Shift Register optimization found in the design
INFO: [Physopt 32-775] End 1 Pass. Optimized 0 net or cell. Created 0 new cell, deleted 0 existing cell and moved 0 existing cell
INFO: [Physopt 32-526] No candidate cells for BRAM register optimization found in the design
INFO: [Physopt 32-775] End 1 Pass. Optimized 0 net or cell. Created 0 new cell, deleted 0 existing cell and moved 0 existing cell
INFO: [Physopt 32-949] No candidate nets found for HD net replication
INFO: [Physopt 32-775] End 1 Pass. Optimized 0 net or cell. Created 0 new cell, deleted 0 existing cell and moved 0 existing cell
Netlist sorting complete. Time (s): cpu = 00:00:00 ; elapsed = 00:00:00 . Memory (MB): peak = 2600.426 ; gain = 0.000 ; free physical = 2596 ; free virtual = 14427

Summary of Physical Synthesis Optimizations
============================================


----------------------------------------------------------------------------------------------------------------------------------------
|  Optimization                  |  Added Cells  |  Removed Cells  |  Optimized Cells/Nets  |  Dont Touch  |  Iterations  |  Elapsed   |
----------------------------------------------------------------------------------------------------------------------------------------
|  Very High Fanout              |            0  |              0  |                     0  |           0  |           1  |  00:00:00  |
|  Fanout                        |            0  |              0  |                     0  |           0  |           1  |  00:00:00  |
|  DSP Register                  |            0  |              0  |                     0  |           0  |           1  |  00:00:00  |
|  Shift Register                |            0  |              0  |                     0  |           0  |           1  |  00:00:00  |
|  BRAM Register                 |            0  |              0  |                     0  |           0  |           1  |  00:00:00  |
|  HD Interface Net Replication  |            0  |              0  |                     0  |           0  |           1  |  00:00:00  |
|  Total                         |            0  |              0  |                     0  |           0  |           6  |  00:00:00  |
----------------------------------------------------------------------------------------------------------------------------------------


Phase 2.2.1 Physical Synthesis In Placer | Checksum: 225bdfb0e

Time (s): cpu = 00:00:03 ; elapsed = 00:00:01 . Memory (MB): peak = 2600.426 ; gain = 0.000 ; free physical = 2596 ; free virtual = 14427
Phase 2.2 Global Placement Core | Checksum: 1ea5cdd6c

Time (s): cpu = 00:00:03 ; elapsed = 00:00:01 . Memory (MB): peak = 2600.426 ; gain = 0.000 ; free physical = 2596 ; free virtual = 14427
Phase 2 Global Placement | Checksum: 1ea5cdd6c

Time (s): cpu = 00:00:03 ; elapsed = 00:00:01 . Memory (MB): peak = 2600.426 ; gain = 0.000 ; free physical = 2596 ; free virtual = 14427

Phase 3 Detail Placement

Phase 3.1 Commit Multi Column Macros
Phase 3.1 Commit Multi Column Macros | Checksum: 1d54d4152

Time (s): cpu = 00:00:03 ; elapsed = 00:00:01 . Memory (MB): peak = 2600.426 ; gain = 0.000 ; free physical = 2595 ; free virtual = 14427

Phase 3.2 Commit Most Macros & LUTRAMs
Phase 3.2 Commit Most Macros & LUTRAMs | Checksum: 249226357

Time (s): cpu = 00:00:03 ; elapsed = 00:00:01 . Memory (MB): peak = 2600.426 ; gain = 0.000 ; free physical = 2595 ; free virtual = 14427

Phase 3.3 Area Swap Optimization
Phase 3.3 Area Swap Optimization | Checksum: 1769680e8

Time (s): cpu = 00:00:03 ; elapsed = 00:00:01 . Memory (MB): peak = 2600.426 ; gain = 0.000 ; free physical = 2595 ; free virtual = 14427

Phase 3.4 Pipeline Register Optimization
Phase 3.4 Pipeline Register Optimization | Checksum: 1769680e8

Time (s): cpu = 00:00:03 ; elapsed = 00:00:01 . Memory (MB): peak = 2600.426 ; gain = 0.000 ; free physical = 2595 ; free virtual = 14427

Phase 3.5 Fast Optimization
Phase 3.5 Fast Optimization | Checksum: 1de75d274

Time (s): cpu = 00:00:03 ; elapsed = 00:00:01 . Memory (MB): peak = 2600.426 ; gain = 0.000 ; free physical = 2594 ; free virtual = 14426

Phase 3.6 Small Shape Detail Placement
Phase 3.6 Small Shape Detail Placement | Checksum: 1cab57049

Time (s): cpu = 00:00:03 ; elapsed = 00:00:01 . Memory (MB): peak = 2600.426 ; gain = 0.000 ; free physical = 2593 ; free virtual = 14425

Phase 3.7 Re-assign LUT pins
Phase 3.7 Re-assign LUT pins | Checksum: 27218e2f1

Time (s): cpu = 00:00:03 ; elapsed = 00:00:01 . Memory (MB): peak = 2600.426 ; gain = 0.000 ; free physical = 2593 ; free virtual = 14425

Phase 3.8 Pipeline Register Optimization
Phase 3.8 Pipeline Register Optimization | Checksum: 27218e2f1

Time (s): cpu = 00:00:03 ; elapsed = 00:00:01 . Memory (MB): peak = 2600.426 ; gain = 0.000 ; free physical = 2593 ; free virtual = 14425

Phase 3.9 Fast Optimization
Phase 3.9 Fast Optimization | Checksum: 1e8197d10

Time (s): cpu = 00:00:04 ; elapsed = 00:00:02 . Memory (MB): peak = 2600.426 ; gain = 0.000 ; free physical = 2593 ; free virtual = 14425
Phase 3 Detail Placement | Checksum: 1e8197d10

Time (s): cpu = 00:00:04 ; elapsed = 00:00:02 . Memory (MB): peak = 2600.426 ; gain = 0.000 ; free physical = 2593 ; free virtual = 14425

Phase 4 Post Placement Optimization and Clean-Up

Phase 4.1 Post Commit Optimization
INFO: [Timing 38-35] Done setting XDC timing constraints.

Phase 4.1.1 Post Placement Optimization
Post Placement Optimization Initialization | Checksum: 1e42c6eb8

Phase 4.1.1.1 BUFG Insertion
INFO: [Place 46-56] BUFG insertion identified 0 candidate nets. Inserted BUFG: 0, Replicated BUFG Driver: 0, Skipped due to Placement/Routing Conflicts: 0, Skipped due to Timing Degradation: 0, Skipped due to Illegal Netlist: 0.
Phase 4.1.1.1 BUFG Insertion | Checksum: 1e42c6eb8

Time (s): cpu = 00:00:04 ; elapsed = 00:00:02 . Memory (MB): peak = 2600.426 ; gain = 0.000 ; free physical = 2593 ; free virtual = 14425
INFO: [Place 30-746] Post Placement Timing Summary WNS=-0.061. For the most accurate timing information please run report_timing.
Phase 4.1.1 Post Placement Optimization | Checksum: 14a5e0f57

Time (s): cpu = 00:00:49 ; elapsed = 00:00:47 . Memory (MB): peak = 2600.426 ; gain = 0.000 ; free physical = 2591 ; free virtual = 14422
Phase 4.1 Post Commit Optimization | Checksum: 14a5e0f57

Time (s): cpu = 00:00:49 ; elapsed = 00:00:47 . Memory (MB): peak = 2600.426 ; gain = 0.000 ; free physical = 2591 ; free virtual = 14422
Post Placement Optimization Initialization | Checksum: 26d605306
INFO: [Place 46-56] BUFG insertion identified 0 candidate nets. Inserted BUFG: 0, Replicated BUFG Driver: 0, Skipped due to Placement/Routing Conflicts: 0, Skipped due to Timing Degradation: 0, Skipped due to Illegal Netlist: 0.
INFO: [Place 30-746] Post Placement Timing Summary WNS=-0.061. For the most accurate timing information please run report_timing.

Phase 4.2 Post Placement Cleanup
Phase 4.2 Post Placement Cleanup | Checksum: 276e03ef8

Time (s): cpu = 00:01:25 ; elapsed = 00:01:22 . Memory (MB): peak = 2600.426 ; gain = 0.000 ; free physical = 2578 ; free virtual = 14410

Phase 4.3 Placer Reporting
Phase 4.3 Placer Reporting | Checksum: 276e03ef8

Time (s): cpu = 00:01:25 ; elapsed = 00:01:22 . Memory (MB): peak = 2600.426 ; gain = 0.000 ; free physical = 2578 ; free virtual = 14410

Phase 4.4 Final Placement Cleanup
Netlist sorting complete. Time (s): cpu = 00:00:00 ; elapsed = 00:00:00 . Memory (MB): peak = 2600.426 ; gain = 0.000 ; free physical = 2578 ; free virtual = 14410
Phase 4.4 Final Placement Cleanup | Checksum: 263f2bdef

Time (s): cpu = 00:01:25 ; elapsed = 00:01:22 . Memory (MB): peak = 2600.426 ; gain = 0.000 ; free physical = 2578 ; free virtual = 14410
Phase 4 Post Placement Optimization and Clean-Up | Checksum: 263f2bdef

Time (s): cpu = 00:01:25 ; elapsed = 00:01:22 . Memory (MB): peak = 2600.426 ; gain = 0.000 ; free physical = 2578 ; free virtual = 14410
Ending Placer Task | Checksum: 165c5bbe5

Time (s): cpu = 00:01:25 ; elapsed = 00:01:22 . Memory (MB): peak = 2600.426 ; gain = 0.000 ; free physical = 2578 ; free virtual = 14410
INFO: [Common 17-83] Releasing license: Implementation
65 Infos, 1 Warnings, 0 Critical Warnings and 0 Errors encountered.
place_design completed successfully
place_design: Time (s): cpu = 00:01:26 ; elapsed = 00:01:24 . Memory (MB): peak = 2600.426 ; gain = 0.000 ; free physical = 2593 ; free virtual = 14425
Netlist sorting complete. Time (s): cpu = 00:00:00 ; elapsed = 00:00:00 . Memory (MB): peak = 2600.426 ; gain = 0.000 ; free physical = 2593 ; free virtual = 14425
INFO: [Timing 38-480] Writing timing data to binary archive.
Writing placer database...
Writing XDEF routing.
Writing XDEF routing logical nets.
Writing XDEF routing special nets.
Write XDEF Complete: Time (s): cpu = 00:00:00.12 ; elapsed = 00:00:00.06 . Memory (MB): peak = 2600.426 ; gain = 0.000 ; free physical = 2592 ; free virtual = 14425
INFO: [Common 17-1381] The checkpoint '/mnt/hgfs/Digital_Shared_Folder/Best_design_v2_compare/LAST_VERISON/project_9/project_9.runs/impl_1/cnn_top_placed.dcp' has been generated.
INFO: [runtcl-4] Executing : report_io -file cnn_top_io_placed.rpt
report_io: Time (s): cpu = 00:00:00.05 ; elapsed = 00:00:00.08 . Memory (MB): peak = 2600.426 ; gain = 0.000 ; free physical = 2583 ; free virtual = 14415
INFO: [runtcl-4] Executing : report_utilization -file cnn_top_utilization_placed.rpt -pb cnn_top_utilization_placed.pb
INFO: [runtcl-4] Executing : report_control_sets -verbose -file cnn_top_control_sets_placed.rpt
report_control_sets: Time (s): cpu = 00:00:00.03 ; elapsed = 00:00:00.05 . Memory (MB): peak = 2600.426 ; gain = 0.000 ; free physical = 2591 ; free virtual = 14423
Command: route_design
Attempting to get a license for feature 'Implementation' and/or device 'xc7z020'
INFO: [Common 17-349] Got license for feature 'Implementation' and/or device 'xc7z020'
Running DRC as a precondition to command route_design
INFO: [DRC 23-27] Running DRC with 8 threads
INFO: [Vivado_Tcl 4-198] DRC finished with 0 Errors
INFO: [Vivado_Tcl 4-199] Please refer to the DRC report (report_drc) for more information.


Starting Routing Task
INFO: [Route 35-254] Multithreading enabled for route_design using a maximum of 8 CPUs
Checksum: PlaceDB: ff9d6cc9 ConstDB: 0 ShapeSum: 66284f1c RouteDB: 0

Phase 1 Build RT Design
Phase 1 Build RT Design | Checksum: 7482bd93

Time (s): cpu = 00:00:10 ; elapsed = 00:00:08 . Memory (MB): peak = 2610.934 ; gain = 0.000 ; free physical = 2472 ; free virtual = 14304
Post Restoration Checksum: NetGraph: 2849c5be NumContArr: 4c38f7d5 Constraints: 0 Timing: 0

Phase 2 Router Initialization

Phase 2.1 Create Timer
Phase 2.1 Create Timer | Checksum: 7482bd93

Time (s): cpu = 00:00:10 ; elapsed = 00:00:08 . Memory (MB): peak = 2616.914 ; gain = 5.980 ; free physical = 2451 ; free virtual = 14283

Phase 2.2 Fix Topology Constraints
Phase 2.2 Fix Topology Constraints | Checksum: 7482bd93

Time (s): cpu = 00:00:10 ; elapsed = 00:00:08 . Memory (MB): peak = 2648.914 ; gain = 37.980 ; free physical = 2416 ; free virtual = 14248

Phase 2.3 Pre Route Cleanup
Phase 2.3 Pre Route Cleanup | Checksum: 7482bd93

Time (s): cpu = 00:00:10 ; elapsed = 00:00:08 . Memory (MB): peak = 2648.914 ; gain = 37.980 ; free physical = 2416 ; free virtual = 14248
 Number of Nodes with overlaps = 0

Phase 2.4 Update Timing
Phase 2.4 Update Timing | Checksum: 125ac6b0f

Time (s): cpu = 00:00:10 ; elapsed = 00:00:08 . Memory (MB): peak = 2665.969 ; gain = 55.035 ; free physical = 2407 ; free virtual = 14239
INFO: [Route 35-416] Intermediate Timing Summary | WNS=-0.186 | TNS=-0.741 | WHS=-0.132 | THS=-7.277 |

Phase 2 Router Initialization | Checksum: 1e04f9025

Time (s): cpu = 00:00:10 ; elapsed = 00:00:08 . Memory (MB): peak = 2665.969 ; gain = 55.035 ; free physical = 2408 ; free virtual = 14240

Router Utilization Summary
  Global Vertical Routing Utilization    = 0 %
  Global Horizontal Routing Utilization  = 0 %
  Routable Net Status*
  *Does not include unroutable nets such as driverless and loadless.
  Run report_route_status for detailed report.
  Number of Failed Nets               = 542
    (Failed Nets is the sum of unrouted and partially routed nets)
  Number of Unrouted Nets             = 542
  Number of Partially Routed Nets     = 0
  Number of Node Overlaps             = 0


Phase 3 Initial Routing
Phase 3 Initial Routing | Checksum: 13ee392ef

Time (s): cpu = 00:00:10 ; elapsed = 00:00:08 . Memory (MB): peak = 2665.969 ; gain = 55.035 ; free physical = 2408 ; free virtual = 14240
INFO: [Route 35-580] Design has 7 pins with tight setup and hold constraints.

The top 5 pins with tight setup and hold constraints:

+--------------------------+--------------------------+----------------------------------------------------------------------------------------------------------+
|       Launch Clock       |      Capture Clock       |                                                 Pin                                                      |
+--------------------------+--------------------------+----------------------------------------------------------------------------------------------------------+
|                  sys_clk |                  sys_clk |                                                                  controller_inst/compute_counter_reg[4]/D|
|                  sys_clk |                  sys_clk |                                                     controller_inst/FSM_sequential_current_state_reg[0]/D|
|                  sys_clk |                  sys_clk |                                                                  controller_inst/compute_counter_reg[6]/D|
|                  sys_clk |                  sys_clk |                                                                  controller_inst/compute_counter_reg[5]/D|
|                  sys_clk |                  sys_clk |                                                                  controller_inst/compute_counter_reg[2]/D|
+--------------------------+--------------------------+----------------------------------------------------------------------------------------------------------+

File with complete list of pins: tight_setup_hold_pins.txt


Phase 4 Rip-up And Reroute

Phase 4.1 Global Iteration 0
 Number of Nodes with overlaps = 25
 Number of Nodes with overlaps = 11
 Number of Nodes with overlaps = 10
 Number of Nodes with overlaps = 9
 Number of Nodes with overlaps = 7
 Number of Nodes with overlaps = 7
 Number of Nodes with overlaps = 5
 Number of Nodes with overlaps = 4
 Number of Nodes with overlaps = 2
 Number of Nodes with overlaps = 0
INFO: [Route 35-416] Intermediate Timing Summary | WNS=-0.176 | TNS=-5.607 | WHS=N/A    | THS=N/A    |

Phase 4.1 Global Iteration 0 | Checksum: 1e3442732

Time (s): cpu = 00:00:11 ; elapsed = 00:00:09 . Memory (MB): peak = 2665.969 ; gain = 55.035 ; free physical = 2409 ; free virtual = 14241

Phase 4.2 Global Iteration 1
 Number of Nodes with overlaps = 11
 Number of Nodes with overlaps = 12
 Number of Nodes with overlaps = 9
 Number of Nodes with overlaps = 4
 Number of Nodes with overlaps = 5
 Number of Nodes with overlaps = 7
 Number of Nodes with overlaps = 5
 Number of Nodes with overlaps = 2
 Number of Nodes with overlaps = 0
INFO: [Route 35-416] Intermediate Timing Summary | WNS=-0.122 | TNS=-3.512 | WHS=N/A    | THS=N/A    |

Phase 4.2 Global Iteration 1 | Checksum: 1147b76fb

Time (s): cpu = 00:00:11 ; elapsed = 00:00:09 . Memory (MB): peak = 2665.969 ; gain = 55.035 ; free physical = 2408 ; free virtual = 14240

Phase 4.3 Global Iteration 2
 Number of Nodes with overlaps = 11
 Number of Nodes with overlaps = 9
 Number of Nodes with overlaps = 5
 Number of Nodes with overlaps = 2
 Number of Nodes with overlaps = 2
 Number of Nodes with overlaps = 2
 Number of Nodes with overlaps = 1
 Number of Nodes with overlaps = 1
 Number of Nodes with overlaps = 3
 Number of Nodes with overlaps = 1
 Number of Nodes with overlaps = 0
INFO: [Route 35-416] Intermediate Timing Summary | WNS=-0.122 | TNS=-3.539 | WHS=N/A    | THS=N/A    |

Phase 4.3 Global Iteration 2 | Checksum: 2346a9883

Time (s): cpu = 00:00:12 ; elapsed = 00:00:10 . Memory (MB): peak = 2665.969 ; gain = 55.035 ; free physical = 2408 ; free virtual = 14240
Phase 4 Rip-up And Reroute | Checksum: 2346a9883

Time (s): cpu = 00:00:12 ; elapsed = 00:00:10 . Memory (MB): peak = 2665.969 ; gain = 55.035 ; free physical = 2408 ; free virtual = 14240

Phase 5 Delay and Skew Optimization

Phase 5.1 Delay CleanUp

Phase 5.1.1 Update Timing
Phase 5.1.1 Update Timing | Checksum: 28913bf27

Time (s): cpu = 00:00:12 ; elapsed = 00:00:10 . Memory (MB): peak = 2665.969 ; gain = 55.035 ; free physical = 2408 ; free virtual = 14240
INFO: [Route 35-416] Intermediate Timing Summary | WNS=-0.036 | TNS=-0.036 | WHS=N/A    | THS=N/A    |

Phase 5.1 Delay CleanUp | Checksum: 28913bf27

Time (s): cpu = 00:00:12 ; elapsed = 00:00:10 . Memory (MB): peak = 2665.969 ; gain = 55.035 ; free physical = 2408 ; free virtual = 14240

Phase 5.2 Clock Skew Optimization
Phase 5.2 Clock Skew Optimization | Checksum: 28913bf27

Time (s): cpu = 00:00:12 ; elapsed = 00:00:10 . Memory (MB): peak = 2665.969 ; gain = 55.035 ; free physical = 2408 ; free virtual = 14240
Phase 5 Delay and Skew Optimization | Checksum: 28913bf27

Time (s): cpu = 00:00:12 ; elapsed = 00:00:10 . Memory (MB): peak = 2665.969 ; gain = 55.035 ; free physical = 2408 ; free virtual = 14240

Phase 6 Post Hold Fix

Phase 6.1 Hold Fix Iter

Phase 6.1.1 Update Timing
Phase 6.1.1 Update Timing | Checksum: 25b714da8

Time (s): cpu = 00:00:12 ; elapsed = 00:00:10 . Memory (MB): peak = 2665.969 ; gain = 55.035 ; free physical = 2408 ; free virtual = 14240
INFO: [Route 35-416] Intermediate Timing Summary | WNS=-0.036 | TNS=-0.036 | WHS=0.137  | THS=0.000  |

Phase 6.1 Hold Fix Iter | Checksum: 25b714da8

Time (s): cpu = 00:00:12 ; elapsed = 00:00:10 . Memory (MB): peak = 2665.969 ; gain = 55.035 ; free physical = 2408 ; free virtual = 14240
Phase 6 Post Hold Fix | Checksum: 25b714da8

Time (s): cpu = 00:00:12 ; elapsed = 00:00:10 . Memory (MB): peak = 2665.969 ; gain = 55.035 ; free physical = 2408 ; free virtual = 14240

Phase 7 Route finalize

Router Utilization Summary
  Global Vertical Routing Utilization    = 0.0726934 %
  Global Horizontal Routing Utilization  = 0.115027 %
  Routable Net Status*
  *Does not include unroutable nets such as driverless and loadless.
  Run report_route_status for detailed report.
  Number of Failed Nets               = 0
    (Failed Nets is the sum of unrouted and partially routed nets)
  Number of Unrouted Nets             = 0
  Number of Partially Routed Nets     = 0
  Number of Node Overlaps             = 0

Congestion Report
North Dir 1x1 Area, Max Cong = 33.3333%, No Congested Regions.
South Dir 1x1 Area, Max Cong = 33.3333%, No Congested Regions.
East Dir 1x1 Area, Max Cong = 35.2941%, No Congested Regions.
West Dir 1x1 Area, Max Cong = 17.6471%, No Congested Regions.

------------------------------
Reporting congestion hotspots
------------------------------
Direction: North
----------------
Congested clusters found at Level 0
Effective congestion level: 0 Aspect Ratio: 1 Sparse Ratio: 0
Direction: South
----------------
Congested clusters found at Level 0
Effective congestion level: 0 Aspect Ratio: 1 Sparse Ratio: 0
Direction: East
----------------
Congested clusters found at Level 0
Effective congestion level: 0 Aspect Ratio: 1 Sparse Ratio: 0
Direction: West
----------------
Congested clusters found at Level 0
Effective congestion level: 0 Aspect Ratio: 1 Sparse Ratio: 0

Phase 7 Route finalize | Checksum: 2b038c56f

Time (s): cpu = 00:00:12 ; elapsed = 00:00:10 . Memory (MB): peak = 2665.969 ; gain = 55.035 ; free physical = 2408 ; free virtual = 14240

Phase 8 Verifying routed nets

 Verification completed successfully
Phase 8 Verifying routed nets | Checksum: 2b038c56f

Time (s): cpu = 00:00:12 ; elapsed = 00:00:10 . Memory (MB): peak = 2665.969 ; gain = 55.035 ; free physical = 2408 ; free virtual = 14240

Phase 9 Depositing Routes
Phase 9 Depositing Routes | Checksum: 27ac2c755

Time (s): cpu = 00:00:12 ; elapsed = 00:00:10 . Memory (MB): peak = 2665.969 ; gain = 55.035 ; free physical = 2408 ; free virtual = 14240

Phase 10 Post Router Timing
INFO: [Route 35-57] Estimated Timing Summary | WNS=-0.036 | TNS=-0.036 | WHS=0.137  | THS=0.000  |

WARNING: [Route 35-328] Router estimated timing not met.
Resolution: For a complete and accurate timing signoff, report_timing_summary must be run after route_design. Alternatively, route_design can be run with the -timing_summary option to enable a complete timing signoff at the end of route_design.
Phase 10 Post Router Timing | Checksum: 27ac2c755

Time (s): cpu = 00:00:12 ; elapsed = 00:00:10 . Memory (MB): peak = 2665.969 ; gain = 55.035 ; free physical = 2408 ; free virtual = 14240
INFO: [Route 35-16] Router Completed Successfully

Time (s): cpu = 00:00:12 ; elapsed = 00:00:10 . Memory (MB): peak = 2665.969 ; gain = 55.035 ; free physical = 2443 ; free virtual = 14275

Routing Is Done.
INFO: [Common 17-83] Releasing license: Implementation
85 Infos, 2 Warnings, 0 Critical Warnings and 0 Errors encountered.
route_design completed successfully
route_design: Time (s): cpu = 00:00:15 ; elapsed = 00:00:12 . Memory (MB): peak = 2665.969 ; gain = 65.543 ; free physical = 2443 ; free virtual = 14275
Netlist sorting complete. Time (s): cpu = 00:00:00 ; elapsed = 00:00:00 . Memory (MB): peak = 2665.969 ; gain = 0.000 ; free physical = 2443 ; free virtual = 14275
INFO: [Timing 38-480] Writing timing data to binary archive.
Writing placer database...
Writing XDEF routing.
Writing XDEF routing logical nets.
Writing XDEF routing special nets.
Write XDEF Complete: Time (s): cpu = 00:00:00.15 ; elapsed = 00:00:00.09 . Memory (MB): peak = 2665.969 ; gain = 0.000 ; free physical = 2440 ; free virtual = 14273
INFO: [Common 17-1381] The checkpoint '/mnt/hgfs/Digital_Shared_Folder/Best_design_v2_compare/LAST_VERISON/project_9/project_9.runs/impl_1/cnn_top_routed.dcp' has been generated.
INFO: [runtcl-4] Executing : report_drc -file cnn_top_drc_routed.rpt -pb cnn_top_drc_routed.pb -rpx cnn_top_drc_routed.rpx
Command: report_drc -file cnn_top_drc_routed.rpt -pb cnn_top_drc_routed.pb -rpx cnn_top_drc_routed.rpx
INFO: [IP_Flow 19-1839] IP Catalog is up to date.
INFO: [DRC 23-27] Running DRC with 8 threads
INFO: [Coretcl 2-168] The results of DRC are in file /mnt/hgfs/Digital_Shared_Folder/Best_design_v2_compare/LAST_VERISON/project_9/project_9.runs/impl_1/cnn_top_drc_routed.rpt.
report_drc completed successfully
INFO: [runtcl-4] Executing : report_methodology -file cnn_top_methodology_drc_routed.rpt -pb cnn_top_methodology_drc_routed.pb -rpx cnn_top_methodology_drc_routed.rpx
Command: report_methodology -file cnn_top_methodology_drc_routed.rpt -pb cnn_top_methodology_drc_routed.pb -rpx cnn_top_methodology_drc_routed.rpx
INFO: [Timing 38-35] Done setting XDC timing constraints.
INFO: [DRC 23-133] Running Methodology with 8 threads
INFO: [Coretcl 2-1520] The results of Report Methodology are in file /mnt/hgfs/Digital_Shared_Folder/Best_design_v2_compare/LAST_VERISON/project_9/project_9.runs/impl_1/cnn_top_methodology_drc_routed.rpt.
report_methodology completed successfully
INFO: [runtcl-4] Executing : report_power -file cnn_top_power_routed.rpt -pb cnn_top_power_summary_routed.pb -rpx cnn_top_power_routed.rpx
Command: report_power -file cnn_top_power_routed.rpt -pb cnn_top_power_summary_routed.pb -rpx cnn_top_power_routed.rpx
INFO: [Timing 38-35] Done setting XDC timing constraints.
Running Vector-less Activity Propagation...

Finished Running Vector-less Activity Propagation
97 Infos, 2 Warnings, 0 Critical Warnings and 0 Errors encountered.
report_power completed successfully
INFO: [runtcl-4] Executing : report_route_status -file cnn_top_route_status.rpt -pb cnn_top_route_status.pb
INFO: [runtcl-4] Executing : report_timing_summary -max_paths 10 -file cnn_top_timing_summary_routed.rpt -pb cnn_top_timing_summary_routed.pb -rpx cnn_top_timing_summary_routed.rpx
INFO: [Timing 38-91] UpdateTimingParams: Speed grade: -1, Delay Type: min_max.
INFO: [Timing 38-191] Multithreading enabled for timing update using a maximum of 8 CPUs
INFO: [runtcl-4] Executing : report_incremental_reuse -file cnn_top_incremental_reuse_routed.rpt
INFO: [Vivado_Tcl 4-1062] Incremental flow is disabled. No incremental reuse Info to report.
INFO: [runtcl-4] Executing : report_clock_utilization -file cnn_top_clock_utilization_routed.rpt
INFO: [runtcl-4] Executing : report_bus_skew -warn_on_violation -file cnn_top_bus_skew_routed.rpt -pb cnn_top_bus_skew_routed.pb -rpx cnn_top_bus_skew_routed.rpx
INFO: [Timing 38-91] UpdateTimingParams: Speed grade: -1, Delay Type: min_max.
INFO: [Timing 38-191] Multithreading enabled for timing update using a maximum of 8 CPUs
Command: phys_opt_design -directive AggressiveExplore
Attempting to get a license for feature 'Implementation' and/or device 'xc7z020'
INFO: [Common 17-349] Got license for feature 'Implementation' and/or device 'xc7z020'
INFO: [Vivado_Tcl 4-241] Physical synthesis in post route mode ( 100.0% nets are fully routed)
INFO: [Vivado_Tcl 4-137] Directive used for phys_opt_design is: AggressiveExplore
Netlist sorting complete. Time (s): cpu = 00:00:00 ; elapsed = 00:00:00 . Memory (MB): peak = 2833.355 ; gain = 0.000 ; free physical = 2438 ; free virtual = 14270

Starting Physical Synthesis Task

Phase 1 Physical Synthesis Initialization
INFO: [Physopt 32-721] Multithreading enabled for phys_opt_design using a maximum of 8 CPUs
INFO: [Physopt 32-668] Current Timing Summary | WNS=-0.035 | TNS=-0.035 | WHS=0.139 | THS=0.000 |
Phase 1 Physical Synthesis Initialization | Checksum: ba7491aa

Time (s): cpu = 00:00:00.36 ; elapsed = 00:00:00.23 . Memory (MB): peak = 2833.355 ; gain = 0.000 ; free physical = 2435 ; free virtual = 14268

Phase 2 Critical Path Optimization
INFO: [Physopt 32-668] Current Timing Summary | WNS=-0.035 | TNS=-0.035 | WHS=0.139 | THS=0.000 |
INFO: [Physopt 32-953] Path group WNS did not improve. Path group: sys_clk. Processed net: kernel_pipeline[0].mac_pipeline_inst/accumulation_stage_reg_n_105_[9].
INFO: [Physopt 32-735] Processed net window_generator_inst/genblk1[1].line_buffer_inst/pixel_delay_reg[4][7]_0[0]. Optimization improves timing on the net.
INFO: [Physopt 32-668] Current Timing Summary | WNS=0.003 | TNS=0.000 | WHS=0.029 | THS=0.000 |
INFO: [Physopt 32-668] Current Timing Summary | WNS=0.003 | TNS=0.000 | WHS=0.029 | THS=0.000 |
Phase 2 Critical Path Optimization | Checksum: ba7491aa

Time (s): cpu = 00:00:00.86 ; elapsed = 00:00:00.64 . Memory (MB): peak = 2833.355 ; gain = 0.000 ; free physical = 2434 ; free virtual = 14266

Phase 3 Hold Fix Optimization
INFO: [Physopt 32-668] Current Timing Summary | WNS=0.003 | TNS=0.000 | WHS=0.029 | THS=0.000 |
INFO: [Physopt 32-66] No high hold slack nets found for hold slack optimization.
INFO: [Physopt 32-668] Current Timing Summary | WNS=0.003 | TNS=0.000 | WHS=0.029 | THS=0.000 |
Phase 3 Hold Fix Optimization | Checksum: ba7491aa

Time (s): cpu = 00:00:00.88 ; elapsed = 00:00:00.67 . Memory (MB): peak = 2833.355 ; gain = 0.000 ; free physical = 2434 ; free virtual = 14266
Netlist sorting complete. Time (s): cpu = 00:00:00 ; elapsed = 00:00:00 . Memory (MB): peak = 2833.355 ; gain = 0.000 ; free physical = 2434 ; free virtual = 14266
INFO: [Physopt 32-669] Post Physical Optimization Timing Summary | WNS=0.003 | TNS=0.000 | WHS=0.029 | THS=0.000 |

Summary of Physical Synthesis Optimizations
============================================


-------------------------------------------------------------------------------------------------------------------------------------------------------------
|  Optimization   |  WNS Gain (ns)  |  TNS Gain (ns)  |  Added Cells  |  Removed Cells  |  Optimized Cells/Nets  |  Dont Touch  |  Iterations  |  Elapsed   |
-------------------------------------------------------------------------------------------------------------------------------------------------------------
|  Critical Path  |          0.038  |          0.035  |            0  |              0  |                     1  |           0  |           1  |  00:00:00  |
-------------------------------------------------------------------------------------------------------------------------------------------------------------


Summary of Hold Fix Optimizations
=================================


--------------------------------------------------------------------------------------------------------------------------------------------------------------
|  Optimization               |  WHS Gain (ns)  |  THS Gain (ns)  |  Added LUTs  |  Added FFs  |  Optimized Nets  |  Dont Touch  |  Iterations  |  Elapsed   |
--------------------------------------------------------------------------------------------------------------------------------------------------------------
|  LUT1 and ZHOLD Insertion   |          0.000  |          0.000  |           0  |          0  |               0  |           0  |           0  |  00:00:00  |
|  Total                      |          0.000  |          0.000  |           0  |          0  |               0  |           0  |           0  |  00:00:00  |
--------------------------------------------------------------------------------------------------------------------------------------------------------------


Netlist sorting complete. Time (s): cpu = 00:00:00 ; elapsed = 00:00:00 . Memory (MB): peak = 2833.355 ; gain = 0.000 ; free physical = 2434 ; free virtual = 14266
Ending Physical Synthesis Task | Checksum: ba7491aa

Time (s): cpu = 00:00:00.89 ; elapsed = 00:00:00.68 . Memory (MB): peak = 2833.355 ; gain = 0.000 ; free physical = 2434 ; free virtual = 14266
INFO: [Common 17-83] Releasing license: Implementation
122 Infos, 2 Warnings, 0 Critical Warnings and 0 Errors encountered.
phys_opt_design completed successfully
Netlist sorting complete. Time (s): cpu = 00:00:00 ; elapsed = 00:00:00 . Memory (MB): peak = 2833.355 ; gain = 0.000 ; free physical = 2507 ; free virtual = 14340
INFO: [Timing 38-480] Writing timing data to binary archive.
Writing placer database...
Writing XDEF routing.
Writing XDEF routing logical nets.
Writing XDEF routing special nets.
Write XDEF Complete: Time (s): cpu = 00:00:00.19 ; elapsed = 00:00:00.10 . Memory (MB): peak = 2833.355 ; gain = 0.000 ; free physical = 2504 ; free virtual = 14338
INFO: [Common 17-1381] The checkpoint '/mnt/hgfs/Digital_Shared_Folder/Best_design_v2_compare/LAST_VERISON/project_9/project_9.runs/impl_1/cnn_top_postroute_physopt.dcp' has been generated.
INFO: [runtcl-4] Executing : report_timing_summary -max_paths 10 -warn_on_violation -file cnn_top_timing_summary_postroute_physopted.rpt -pb cnn_top_timing_summary_postroute_physopted.pb -rpx cnn_top_timing_summary_postroute_physopted.rpx
INFO: [Timing 38-91] UpdateTimingParams: Speed grade: -1, Delay Type: min_max.
INFO: [Timing 38-191] Multithreading enabled for timing update using a maximum of 8 CPUs
INFO: [runtcl-4] Executing : report_bus_skew -warn_on_violation -file cnn_top_bus_skew_postroute_physopted.rpt -pb cnn_top_bus_skew_postroute_physopted.pb -rpx cnn_top_bus_skew_postroute_physopted.rpx
INFO: [Timing 38-91] UpdateTimingParams: Speed grade: -1, Delay Type: min_max.
INFO: [Timing 38-191] Multithreading enabled for timing update using a maximum of 8 CPUs
INFO: [Common 17-206] Exiting Vivado at Wed Sep 23 20:34:05 2026...
