Copyright 1986-2019 Xilinx, Inc. All Rights Reserved.
----------------------------------------------------------------------------------------------------------------------------------------------------------------------------------------
| Tool Version : Vivado v.2019.1 (lin64) Build 2552052 Fri May 24 14:47:09 MDT 2019
| Date         : Fri Sep 11 04:09:12 2026
| Host         : IC_EDA running 64-bit CentOS Linux release 7.9.2009 (Core)
| Command      : report_timing_summary -file /mnt/hgfs/Digital_Shared_Folder/Best_design_v2_compare/LAST_VERISON/freq_sweep/runs/run_04_N3_W64_R0_K1_MAXFREQ/timing.rpt -delay_type max
| Design       : cnn_top
| Device       : 7z020-clg400
| Speed File   : -1  PRODUCTION 1.11 2014-09-11
----------------------------------------------------------------------------------------------------------------------------------------------------------------------------------------

Timing Summary Report

------------------------------------------------------------------------------------------------
| Timer Settings
| --------------
------------------------------------------------------------------------------------------------

  Enable Multi Corner Analysis               :  Yes
  Enable Pessimism Removal                   :  Yes
  Pessimism Removal Resolution               :  Nearest Common Node
  Enable Input Delay Default Clock           :  No
  Enable Preset / Clear Arcs                 :  No
  Disable Flight Delays                      :  No
  Ignore I/O Paths                           :  No
  Timing Early Launch at Borrowing Latches   :  No
  Borrow Time for Max Delay Exceptions       :  Yes

  Corner  Analyze    Analyze    
  Name    Max Paths  Min Paths  
  ------  ---------  ---------  
  Slow    Yes        Yes        
  Fast    Yes        Yes        



check_timing report

Table of Contents
-----------------
1. checking no_clock
2. checking constant_clock
3. checking pulse_width_clock
4. checking unconstrained_internal_endpoints
5. checking no_input_delay
6. checking no_output_delay
7. checking multiple_clock
8. checking generated_clocks
9. checking loops
10. checking partial_input_delay
11. checking partial_output_delay
12. checking latch_loops

1. checking no_clock
--------------------
 There are 0 register/latch pins with no clock.


2. checking constant_clock
--------------------------
 There are 0 register/latch pins with constant_clock.


3. checking pulse_width_clock
-----------------------------
 There are 0 register/latch pins which need pulse_width check


4. checking unconstrained_internal_endpoints
--------------------------------------------
 There are 0 pins that are not constrained for maximum delay.

 There are 0 pins that are not constrained for maximum delay due to constant clock.


5. checking no_input_delay
--------------------------
 There are 11 input ports with no input delay specified. (HIGH)

 There are 0 input ports with no input delay but user has a false path constraint.


6. checking no_output_delay
---------------------------
 There are 21 ports with no output delay specified. (HIGH)

 There are 0 ports with no output delay but user has a false path constraint

 There are 0 ports with no output delay but with a timing clock defined on it or propagating through it


7. checking multiple_clock
--------------------------
 There are 0 register/latch pins with multiple clocks.


8. checking generated_clocks
----------------------------
 There are 0 generated clocks that are not connected to a clock source.


9. checking loops
-----------------
 There are 0 combinational loops in the design.


10. checking partial_input_delay
--------------------------------
 There are 0 input ports with partial input delay specified.


11. checking partial_output_delay
---------------------------------
 There are 0 ports with partial output delay specified.


12. checking latch_loops
------------------------
 There are 0 combinational latch loops in the design through latch input



------------------------------------------------------------------------------------------------
| Design Timing Summary
| ---------------------
------------------------------------------------------------------------------------------------

    WNS(ns)      TNS(ns)  TNS Failing Endpoints  TNS Total Endpoints     WPWS(ns)     TPWS(ns)  TPWS Failing Endpoints  TPWS Total Endpoints  
    -------      -------  ---------------------  -------------------     --------     --------  ----------------------  --------------------  
     -0.036       -0.142                      5                  789        0.300        0.000                       0                   150  


Timing constraints are not met.


------------------------------------------------------------------------------------------------
| Clock Summary
| -------------
------------------------------------------------------------------------------------------------

Clock    Waveform(ns)         Period(ns)      Frequency(MHz)
-----    ------------         ----------      --------------
sys_clk  {0.000 1.280}        2.560           390.625         


------------------------------------------------------------------------------------------------
| Intra Clock Table
| -----------------
------------------------------------------------------------------------------------------------

Clock             WNS(ns)      TNS(ns)  TNS Failing Endpoints  TNS Total Endpoints     WPWS(ns)     TPWS(ns)  TPWS Failing Endpoints  TPWS Total Endpoints  
-----             -------      -------  ---------------------  -------------------     --------     --------  ----------------------  --------------------  
sys_clk            -0.036       -0.142                      5                  789        0.300        0.000                       0                   150  


------------------------------------------------------------------------------------------------
| Inter Clock Table
| -----------------
------------------------------------------------------------------------------------------------

From Clock    To Clock          WNS(ns)      TNS(ns)  TNS Failing Endpoints  TNS Total Endpoints  
----------    --------          -------      -------  ---------------------  -------------------  


------------------------------------------------------------------------------------------------
| Other Path Groups Table
| -----------------------
------------------------------------------------------------------------------------------------

Path Group    From Clock    To Clock          WNS(ns)      TNS(ns)  TNS Failing Endpoints  TNS Total Endpoints  
----------    ----------    --------          -------      -------  ---------------------  -------------------  


------------------------------------------------------------------------------------------------
| Timing Details
| --------------
------------------------------------------------------------------------------------------------


---------------------------------------------------------------------------------------------------
From Clock:  sys_clk
  To Clock:  sys_clk

Setup :            5  Failing Endpoints,  Worst Slack       -0.036ns,  Total Violation       -0.142ns
Hold  :           NA  Failing Endpoints,  Worst Slack           NA  ,  Total Violation           NA
PW    :            0  Failing Endpoints,  Worst Slack        0.300ns,  Total Violation        0.000ns
---------------------------------------------------------------------------------------------------


Max Delay Paths
--------------------------------------------------------------------------------------
Slack (VIOLATED) :        -0.036ns  (required time - arrival time)
  Source:                 kernel_memory_inst/kernel_counter_reg[2]/C
                            (rising edge-triggered cell FDRE clocked by sys_clk  {rise@0.000ns fall@1.280ns period=2.560ns})
  Destination:            kernel_pipeline[0].mac_pipeline_inst/accumulation_stage_reg[1]/CEB1
                            (rising edge-triggered cell DSP48E1 clocked by sys_clk  {rise@0.000ns fall@1.280ns period=2.560ns})
  Path Group:             sys_clk
  Path Type:              Setup (Max at Slow Process Corner)
  Requirement:            2.560ns  (sys_clk rise@2.560ns - sys_clk rise@0.000ns)
  Data Path Delay:        2.115ns  (logic 0.580ns (27.429%)  route 1.535ns (72.571%))
  Logic Levels:           1  (LUT5=1)
  Clock Path Skew:        0.068ns (DCD - SCD + CPR)
    Destination Clock Delay (DCD):    4.656ns = ( 7.216 - 2.560 ) 
    Source Clock Delay      (SCD):    5.082ns
    Clock Pessimism Removal (CPR):    0.494ns
  Clock Uncertainty:      0.035ns  ((TSJ^2 + TIJ^2)^1/2 + DJ) / 2 + PE
    Total System Jitter     (TSJ):    0.071ns
    Total Input Jitter      (TIJ):    0.000ns
    Discrete Jitter          (DJ):    0.000ns
    Phase Error              (PE):    0.000ns

    Location             Delay type                Incr(ns)  Path(ns)    Netlist Resource(s)
  -------------------------------------------------------------------    -------------------
                         (clock sys_clk rise edge)    0.000     0.000 r  
    U7                                                0.000     0.000 r  clk (IN)
                         net (fo=0)                   0.000     0.000    clk
    U7                   IBUF (Prop_ibuf_I_O)         1.058     1.058 r  clk_IBUF_inst/O
                         net (fo=1, routed)           2.171     3.229    clk_IBUF
    BUFGCTRL_X0Y0        BUFG (Prop_bufg_I_O)         0.101     3.330 r  clk_IBUF_BUFG_inst/O
                         net (fo=149, routed)         1.752     5.082    kernel_memory_inst/clk_IBUF_BUFG
    SLICE_X11Y10         FDRE                                         r  kernel_memory_inst/kernel_counter_reg[2]/C
  -------------------------------------------------------------------    -------------------
    SLICE_X11Y10         FDRE (Prop_fdre_C_Q)         0.456     5.538 f  kernel_memory_inst/kernel_counter_reg[2]/Q
                         net (fo=5, routed)           0.695     6.233    kernel_memory_inst/kernel_counter_reg[2]
    SLICE_X13Y10         LUT5 (Prop_lut5_I1_O)        0.124     6.357 r  kernel_memory_inst/kernel_coefficients[8][7]_i_1/O
                         net (fo=78, routed)          0.840     7.197    kernel_pipeline[0].mac_pipeline_inst/accumulation_stage_reg[8]_0
    DSP48_X0Y0           DSP48E1                                      r  kernel_pipeline[0].mac_pipeline_inst/accumulation_stage_reg[1]/CEB1
  -------------------------------------------------------------------    -------------------

                         (clock sys_clk rise edge)    2.560     2.560 r  
    U7                                                0.000     2.560 r  clk (IN)
                         net (fo=0)                   0.000     2.560    clk
    U7                   IBUF (Prop_ibuf_I_O)         0.924     3.484 r  clk_IBUF_inst/O
                         net (fo=1, routed)           1.972     5.456    clk_IBUF
    BUFGCTRL_X0Y0        BUFG (Prop_bufg_I_O)         0.091     5.547 r  clk_IBUF_BUFG_inst/O
                         net (fo=149, routed)         1.669     7.216    kernel_pipeline[0].mac_pipeline_inst/clk_IBUF_BUFG
    DSP48_X0Y0           DSP48E1                                      r  kernel_pipeline[0].mac_pipeline_inst/accumulation_stage_reg[1]/CLK
                         clock pessimism              0.494     7.710    
                         clock uncertainty           -0.035     7.675    
    DSP48_X0Y0           DSP48E1 (Setup_dsp48e1_CLK_CEB1)
                                                     -0.514     7.161    kernel_pipeline[0].mac_pipeline_inst/accumulation_stage_reg[1]
  -------------------------------------------------------------------
                         required time                          7.161    
                         arrival time                          -7.197    
  -------------------------------------------------------------------
                         slack                                 -0.036    





Pulse Width Checks
--------------------------------------------------------------------------------------
Clock Name:         sys_clk
Waveform(ns):       { 0.000 1.280 }
Period(ns):         2.560
Sources:            { clk }

Check Type        Corner  Lib Pin      Reference Pin  Required(ns)  Actual(ns)  Slack(ns)  Location       Pin
Min Period        n/a     BUFG/I       n/a            2.155         2.560       0.405      BUFGCTRL_X0Y0  clk_IBUF_BUFG_inst/I
Low Pulse Width   Slow    SRLC32E/CLK  n/a            0.980         1.280       0.300      SLICE_X14Y10   window_generator_inst/genblk1[1].line_buffer_inst/pixel_delay_reg[36][0]_srl32/CLK
High Pulse Width  Fast    SRLC32E/CLK  n/a            0.980         1.280       0.300      SLICE_X14Y10   window_generator_inst/genblk1[1].line_buffer_inst/pixel_delay_reg[36][0]_srl32/CLK



