Vivado Simulator v2026.1
Copyright 1986-2022 Xilinx, Inc. All Rights Reserved.
Copyright 2022-2026 Advanced Micro Devices, Inc. All Rights Reserved.
Running: C:/AMDDesignTools/2026.1/Vivado/bin/unwrapped/win64.o/xelab.exe --incr --debug typical --relax --mt 2 --maxdelay -L xil_defaultlib -L uvm -L simprims_ver -L secureip --snapshot cnn_top_tb_time_impl -transport_int_delays -pulse_r 0 -pulse_int_r 0 -pulse_e 0 -pulse_int_e 0 xil_defaultlib.cnn_top_tb xil_defaultlib.glbl -log elaborate.log 
INFO: [XSIM 43-3493] Using 2 slave threads.
Starting static elaboration
Pass Through NonSizing Optimizer
WARNING: [VRFC 10-3091] actual bit length 60 differs from formal bit length 20 for port 'out_pixel' [C:/Users/Amir/Downloads/LAST_VERISON/LAST_VERISON/tb/cnn_top_tb.v:109]
Completed static elaboration
Starting simulation data flow analysis
Completed simulation data flow analysis
INFO: [XSIM 43-3451] SDF backannotation process started with SDF file "cnn_top_tb_time_impl.sdf", for root module "cnn_top_tb/dut".
INFO: [XSIM 43-3452] SDF backannotation was successful for SDF file "cnn_top_tb_time_impl.sdf", for root module "cnn_top_tb/dut".
Time Resolution for simulation is 1ps
Compiling module simprims_ver.BUFG
Compiling module simprims_ver.IBUF
Compiling module simprims_ver.LUT6
Compiling module simprims_ver.LUT4
Compiling module simprims_ver.x_lut3_mux8
Compiling module simprims_ver.LUT3
Compiling module simprims_ver.x_lut1_mux2
Compiling module simprims_ver.LUT1
Compiling module simprims_ver.FDPE_default
Compiling module simprims_ver.FDCE_default
Compiling module simprims_ver.LUT5
Compiling module simprims_ver.x_lut2_mux4
Compiling module simprims_ver.LUT2
Compiling module xil_defaultlib.cnn_controller
Compiling module simprims_ver.OBUF
Compiling module simprims_ver.DSP48E1(ACASCREG=2,ALUMODEREG=0,...
Compiling module simprims_ver.DSP48E1(ACASCREG=2,ALUMODEREG=0,...
Compiling module simprims_ver.FDRE_default
Compiling module simprims_ver.SRLC32E_default
Compiling module simprims_ver.SRL16E_default
Compiling module xil_defaultlib.tree_nxn
Compiling module xil_defaultlib.kernel_coeff_memory
Compiling module xil_defaultlib.window_nxn
Compiling module xil_defaultlib.cnn_top
Compiling module xil_defaultlib.cnn_top_tb
Compiling module xil_defaultlib.glbl
Built simulation snapshot cnn_top_tb_time_impl
