Vivado Simulator 2019.1
Copyright 1986-1999, 2001-2019 Xilinx, Inc. All Rights Reserved.
Running: /home/Xilinx/Vivado/2019.1/bin/unwrapped/lnx64.o/xelab -wto e5abda5f0131475287e477b25e789f91 --incr --debug typical --relax --mt 8 --maxdelay -L xil_defaultlib -L simprims_ver -L secureip --snapshot cnn_top_tb_time_impl -transport_int_delays -pulse_r 0 -pulse_int_r 0 -pulse_e 0 -pulse_int_e 0 xil_defaultlib.cnn_top_tb xil_defaultlib.glbl -log elaborate.log 
Using 8 slave threads.
Starting static elaboration
Completed static elaboration
Starting simulation data flow analysis
Completed simulation data flow analysis
INFO: [XSIM 43-3451] SDF backannotation process started with SDF file "cnn_top_tb_time_impl.sdf", for root module "cnn_top_tb/dut".
INFO: [XSIM 43-3452] SDF backannotation was successful for SDF file "cnn_top_tb_time_impl.sdf", for root module "cnn_top_tb/dut".
Time Resolution for simulation is 1ps
Compiling module simprims_ver.BUFG
Compiling module simprims_ver.IBUF
Compiling module simprims_ver.LUT6
Compiling module simprims_ver.LUT4
Compiling module simprims_ver.x_lut3_mux8
Compiling module simprims_ver.LUT3
Compiling module simprims_ver.x_lut1_mux2
Compiling module simprims_ver.LUT1
Compiling module simprims_ver.FDPE_default
Compiling module simprims_ver.FDCE_default
Compiling module simprims_ver.LUT5
Compiling module simprims_ver.x_lut2_mux4
Compiling module simprims_ver.LUT2
Compiling module xil_defaultlib.cnn_controller
Compiling module simprims_ver.OBUF
Compiling module simprims_ver.FDRE_default
Compiling module xil_defaultlib.kernel_coeff_memory
Compiling module simprims_ver.DSP48E1(ACASCREG=2,ALUMODEREG=0,...
Compiling module simprims_ver.DSP48E1(ACASCREG=2,ALUMODEREG=0,...
Compiling module xil_defaultlib.tree_nxn
Compiling module simprims_ver.SRL16E_default
Compiling module xil_defaultlib.line_buffer
Compiling module simprims_ver.SRLC32E_default
Compiling module xil_defaultlib.line_buffer_0
Compiling module xil_defaultlib.window_nxn
Compiling module xil_defaultlib.cnn_top
Compiling module xil_defaultlib.cnn_top_tb
Compiling module xil_defaultlib.glbl
Built simulation snapshot cnn_top_tb_time_impl
